<html>
<body>
<pre>
<h1>µVision Build Log</h1>
<h2>Tool Versions:</h2>
IDE-Version: ¦ÌVision V5.40.0.0
Copyright (C) 2024 ARM Ltd and ARM Germany GmbH. All rights reserved.
License Information: 1 1, 1, LIC=KRMW3-AEAYD-TG07T-RUVGG-HAENA-9XDDQ
 
Tool Versions:
Toolchain:       MDK-ARM Plus  Version: 5.40.0.3
Toolchain Path:  C:\Keil_v5\ARM\ARMCC\Bin
C Compiler:      Armcc.exe V5.06 update 5 (build 528)
Assembler:       Armasm.exe V5.06 update 5 (build 528)
Linker/Locator:  ArmLink.exe V5.06 update 5 (build 528)
Library Manager: ArmAr.exe V5.06 update 5 (build 528)
Hex Converter:   FromElf.exe V5.06 update 5 (build 528)
CPU DLL:         SARMCM3.DLL V5.40.0.3
Dialog DLL:      DCM.DLL V1.17.5.0
Target DLL:      STLink\ST-LINKIII-KEIL_SWO.dll V3.3.0.0
Dialog DLL:      TCM.DLL V1.56.4.0
 
<h2>Project:</h2>
D:\Users\bubble\×ÀÃæ\beidou\zhongduan_1\MDK-ARM\beidou.uvprojx
Project File Date:  03/25/2026

<h2>Output:</h2>
*** Using Compiler 'V5.06 update 5 (build 528)', folder: 'C:\Keil_v5\ARM\ARMCC\Bin'
Build target 'beidou'
compiling freertos.c...
../Core/Src/freertos.c(912): warning:  #177-D: function "App_TryDecodeBdTci"  was declared but never referenced
  static uint8_t App_TryDecodeBdTci(const app_line_msg_t *msg, uint8_t *decoded, uint16_t *decodedLength)
../Core/Src/freertos.c(982): warning:  #177-D: function "App_TryDecodeBdTxr"  was declared but never referenced
  static uint8_t App_TryDecodeBdTxr(const app_line_msg_t *msg, uint8_t *decoded, uint16_t *decodedLength)
../Core/Src/freertos.c: 2 warnings, 0 errors
linking...
Program Size: Code=22596 RO-data=1004 RW-data=212 ZI-data=18532  
FromELF: creating hex file...
"beidou\beidou.axf" - 0 Error(s), 2 Warning(s).

<h2>Software Packages used:</h2>

Package Vendor: ARM
                https://www.keil.com/pack/ARM.CMSIS.6.1.0.pack
                ARM::CMSIS@6.1.0
                CMSIS (Common Microcontroller Software Interface Standard)
   * Component: CORE Version: 6.1.0

Package Vendor: Keil
                http://www.keil.com/pack/Keil.STM32L4xx_DFP.1.4.0.pack
                Keil::STM32L4xx_DFP@1.4.0
                STMicroelectronics STM32L4 Series Device Support, Drivers and Examples

<h2>Collection of Component include folders:</h2>
  ./RTE/_beidou
  C:/Keil_v5/ARM/PACK/ARM/CMSIS/6.1.0/CMSIS/Core/Include
  C:/Keil_v5/ARM/PACK/Keil/STM32L4xx_DFP/1.4.0/Device/Include

<h2>Collection of Component Files used:</h2>

   * Component: ARM::CMSIS:CORE@6.1.0
      Include file:  CMSIS/Core/Include/tz_context.h
Build Time Elapsed:  00:00:02
</pre>
</body>
</html>
