Component: ARM Compiler 5.06 update 5 (build 528) Tool: armlink [4d35e2]

==============================================================================

Section Cross References

    startup_stm32l431xx.o(STACK) refers (Special) to heapauxi.o(.text) for __use_two_region_memory
    startup_stm32l431xx.o(HEAP) refers (Special) to heapauxi.o(.text) for __use_two_region_memory
    startup_stm32l431xx.o(RESET) refers (Special) to heapauxi.o(.text) for __use_two_region_memory
    startup_stm32l431xx.o(RESET) refers to startup_stm32l431xx.o(STACK) for __initial_sp
    startup_stm32l431xx.o(RESET) refers to startup_stm32l431xx.o(.text) for Reset_Handler
    startup_stm32l431xx.o(RESET) refers to stm32l4xx_it.o(i.NMI_Handler) for NMI_Handler
    startup_stm32l431xx.o(RESET) refers to stm32l4xx_it.o(i.HardFault_Handler) for HardFault_Handler
    startup_stm32l431xx.o(RESET) refers to stm32l4xx_it.o(i.MemManage_Handler) for MemManage_Handler
    startup_stm32l431xx.o(RESET) refers to stm32l4xx_it.o(i.BusFault_Handler) for BusFault_Handler
    startup_stm32l431xx.o(RESET) refers to stm32l4xx_it.o(i.UsageFault_Handler) for UsageFault_Handler
    startup_stm32l431xx.o(RESET) refers to port.o(.emb_text) for SVC_Handler
    startup_stm32l431xx.o(RESET) refers to stm32l4xx_it.o(i.DebugMon_Handler) for DebugMon_Handler
    startup_stm32l431xx.o(RESET) refers to cmsis_os2.o(i.SysTick_Handler) for SysTick_Handler
    startup_stm32l431xx.o(RESET) refers to stm32l4xx_it.o(i.EXTI1_IRQHandler) for EXTI1_IRQHandler
    startup_stm32l431xx.o(RESET) refers to stm32l4xx_it.o(i.EXTI2_IRQHandler) for EXTI2_IRQHandler
    startup_stm32l431xx.o(RESET) refers to stm32l4xx_it.o(i.TIM1_UP_TIM16_IRQHandler) for TIM1_UP_TIM16_IRQHandler
    startup_stm32l431xx.o(RESET) refers to stm32l4xx_it.o(i.USART1_IRQHandler) for USART1_IRQHandler
    startup_stm32l431xx.o(RESET) refers to stm32l4xx_it.o(i.USART3_IRQHandler) for USART3_IRQHandler
    startup_stm32l431xx.o(RESET) refers to stm32l4xx_it.o(i.TIM7_IRQHandler) for TIM7_IRQHandler
    startup_stm32l431xx.o(RESET) refers to stm32l4xx_it.o(i.LPUART1_IRQHandler) for LPUART1_IRQHandler
    startup_stm32l431xx.o(.text) refers (Special) to heapauxi.o(.text) for __use_two_region_memory
    startup_stm32l431xx.o(.text) refers to system_stm32l4xx.o(i.SystemInit) for SystemInit
    startup_stm32l431xx.o(.text) refers to __main.o(!!!main) for __main
    startup_stm32l431xx.o(.text) refers to startup_stm32l431xx.o(HEAP) for Heap_Mem
    startup_stm32l431xx.o(.text) refers to startup_stm32l431xx.o(STACK) for Stack_Mem
    main.o(i.HAL_GPIO_EXTI_Callback) refers to freertos.o(i.App_GpioExtiCallback) for App_GpioExtiCallback
    main.o(i.HAL_TIM_PeriodElapsedCallback) refers to stm32l4xx_hal.o(i.HAL_IncTick) for HAL_IncTick
    main.o(i.HAL_TIM_PeriodElapsedCallback) refers to freertos.o(i.App_TimerElapsedCallback) for App_TimerElapsedCallback
    main.o(i.HAL_UART_ErrorCallback) refers to freertos.o(i.App_UartErrorCallback) for App_UartErrorCallback
    main.o(i.HAL_UART_RxCpltCallback) refers to freertos.o(i.App_UartRxCallback) for App_UartRxCallback
    main.o(i.SystemClock_Config) refers to rt_memclr_w.o(.text) for __aeabi_memclr4
    main.o(i.SystemClock_Config) refers to stm32l4xx_hal_pwr_ex.o(i.HAL_PWREx_ControlVoltageScaling) for HAL_PWREx_ControlVoltageScaling
    main.o(i.SystemClock_Config) refers to stm32l4xx_hal_rcc.o(i.HAL_RCC_OscConfig) for HAL_RCC_OscConfig
    main.o(i.SystemClock_Config) refers to stm32l4xx_hal_rcc.o(i.HAL_RCC_ClockConfig) for HAL_RCC_ClockConfig
    main.o(i.main) refers to stm32l4xx_hal.o(i.HAL_Init) for HAL_Init
    main.o(i.main) refers to main.o(i.SystemClock_Config) for SystemClock_Config
    main.o(i.main) refers to gpio.o(i.MX_GPIO_Init) for MX_GPIO_Init
    main.o(i.main) refers to usart.o(i.MX_LPUART1_UART_Init) for MX_LPUART1_UART_Init
    main.o(i.main) refers to usart.o(i.MX_USART3_UART_Init) for MX_USART3_UART_Init
    main.o(i.main) refers to usart.o(i.MX_USART1_UART_Init) for MX_USART1_UART_Init
    main.o(i.main) refers to tim.o(i.MX_TIM16_Init) for MX_TIM16_Init
    main.o(i.main) refers to cmsis_os2.o(i.osKernelInitialize) for osKernelInitialize
    main.o(i.main) refers to freertos.o(i.MX_FREERTOS_Init) for MX_FREERTOS_Init
    main.o(i.main) refers to cmsis_os2.o(i.osKernelStart) for osKernelStart
    gpio.o(i.MX_GPIO_Init) refers to rt_memclr_w.o(.text) for __aeabi_memclr4
    gpio.o(i.MX_GPIO_Init) refers to stm32l4xx_hal_gpio.o(i.HAL_GPIO_WritePin) for HAL_GPIO_WritePin
    gpio.o(i.MX_GPIO_Init) refers to stm32l4xx_hal_gpio.o(i.HAL_GPIO_Init) for HAL_GPIO_Init
    gpio.o(i.MX_GPIO_Init) refers to stm32l4xx_hal_cortex.o(i.HAL_NVIC_SetPriority) for HAL_NVIC_SetPriority
    gpio.o(i.MX_GPIO_Init) refers to stm32l4xx_hal_cortex.o(i.HAL_NVIC_EnableIRQ) for HAL_NVIC_EnableIRQ
    freertos.o(i.App_BuildBd2ShortMessage) refers to _printf_pad.o(.text) for _printf_pre_padding
[...]
    kCardQueryCommand                        0x080059de   Data          17  freertos.o(.constdata)
    kBd2TxrEnableCommand                     0x080059ef   Data          20  freertos.o(.constdata)
    .constdata                               0x08005b00   Section       64  system_stm32l4xx.o(.constdata)
    .constdata                               0x08005b40   Section        8  system_stm32l4xx.o(.constdata)
    .constdata                               0x08005b48   Section       40  _printf_hex_int.o(.constdata)
    uc_hextab                                0x08005b48   Data          20  _printf_hex_int.o(.constdata)
    lc_hextab                                0x08005b5c   Data          20  _printf_hex_int.o(.constdata)
    .constdata                               0x08005b70   Section       17  __printf_flags_wp.o(.constdata)
    maptable                                 0x08005b70   Data          17  __printf_flags_wp.o(.constdata)
    .conststring                             0x08005b84   Section      138  freertos.o(.conststring)
    .data                                    0x20000000   Section       68  freertos.o(.data)
    g_currentMode                            0x20000000   Data           1  freertos.o(.data)
    g_runtimeStarted                         0x20000001   Data           1  freertos.o(.data)
    g_btRxByte                               0x20000002   Data           1  freertos.o(.data)
    g_rdRxByte                               0x20000003   Data           1  freertos.o(.data)
    g_gnssRxByte                             0x20000004   Data           1  freertos.o(.data)
    g_btRxLength                             0x20000006   Data           2  freertos.o(.data)
    g_rdRxLength                             0x20000008   Data           2  freertos.o(.data)
    g_gnssRxLength                           0x2000000a   Data           2  freertos.o(.data)
    g_lastSafeTick                           0x2000000c   Data           4  freertos.o(.data)
    g_lastSosTick                            0x20000010   Data           4  freertos.o(.data)
    g_powerKey                               0x20000014   Data           4  freertos.o(.data)
    .data                                    0x20000044   Section       12  stm32l4xx_hal.o(.data)
    .data                                    0x20000050   Section        4  system_stm32l4xx.o(.data)
    .data                                    0x20000054   Section       60  tasks.o(.data)
    uxDeletedTasksWaitingCleanUp             0x20000058   Data           4  tasks.o(.data)
    uxCurrentNumberOfTasks                   0x2000005c   Data           4  tasks.o(.data)
    xTickCount                               0x20000060   Data           4  tasks.o(.data)
    uxTopReadyPriority                       0x20000064   Data           4  tasks.o(.data)
    xSchedulerRunning                        0x20000068   Data           4  tasks.o(.data)
    xPendedTicks                             0x2000006c   Data           4  tasks.o(.data)
    xYieldPending                            0x20000070   Data           4  tasks.o(.data)
    xNumOfOverflows                          0x20000074   Data           4  tasks.o(.data)
    uxTaskNumber                             0x20000078   Data           4  tasks.o(.data)
    xNextTaskUnblockTime                     0x2000007c   Data           4  tasks.o(.data)
    xIdleTaskHandle                          0x20000080   Data           4  tasks.o(.data)
    uxSchedulerSuspended                     0x20000084   Data           4  tasks.o(.data)
    pxDelayedTaskList                        0x20000088   Data           4  tasks.o(.data)
    pxOverflowDelayedTaskList                0x2000008c   Data           4  tasks.o(.data)
    .data                                    0x20000090   Section       20  timers.o(.data)
    xTimerQueue                              0x20000090   Data           4  timers.o(.data)
    xTimerTaskHandle                         0x20000094   Data           4  timers.o(.data)
    xLastTime                                0x20000098   Data           4  timers.o(.data)
    pxCurrentTimerList                       0x2000009c   Data           4  timers.o(.data)
    pxOverflowTimerList                      0x200000a0   Data           4  timers.o(.data)
    .data                                    0x200000a4   Section        4  cmsis_os2.o(.data)
    KernelState                              0x200000a4   Data           4  cmsis_os2.o(.data)
    .data                                    0x200000a8   Section       32  heap_4.o(.data)
    pxEnd                                    0x200000a8   Data           4  heap_4.o(.data)
    xFreeBytesRemaining                      0x200000ac   Data           4  heap_4.o(.data)
    xMinimumEverFreeBytesRemaining           0x200000b0   Data           4  heap_4.o(.data)
    xNumberOfSuccessfulAllocations           0x200000b4   Data           4  heap_4.o(.data)
    xNumberOfSuccessfulFrees                 0x200000b8   Data           4  heap_4.o(.data)
    xBlockAllocatedBit                       0x200000bc   Data           4  heap_4.o(.data)
    xStart                                   0x200000c0   Data           8  heap_4.o(.data)
    .data                                    0x200000c8   Section       12  port.o(.data)
    ucMaxSysCallPriority                     0x200000c8   Data           1  port.o(.data)
    uxCriticalNesting                        0x200000cc   Data           4  port.o(.data)
    ulMaxPRIGROUPValue                       0x200000d0   Data           4  port.o(.data)
    .bss                                     0x200000d4   Section      768  freertos.o(.bss)
    g_btRxBuffer                             0x200000d4   Data         256  freertos.o(.bss)
    g_rdRxBuffer                             0x200001d4   Data         256  freertos.o(.bss)
    g_gnssRxBuffer                           0x200002d4   Data         256  freertos.o(.bss)
    .bss                                     0x200003d4   Section      408  usart.o(.bss)
    .bss                                     0x2000056c   Section       76  tim.o(.bss)
    .bss                                     0x200005b8   Section       76  stm32l4xx_hal_timebase_tim.o(.bss)
    .bss                                     0x20000604   Section       64  queue.o(.bss)
    .bss                                     0x20000644   Section     1220  tasks.o(.bss)
    pxReadyTasksLists                        0x20000644   Data        1120  tasks.o(.bss)
    xDelayedTaskList1                        0x20000aa4   Data          20  tasks.o(.bss)
    xDelayedTaskList2                        0x20000ab8   Data          20  tasks.o(.bss)
    xPendingReadyList                        0x20000acc   Data          20  tasks.o(.bss)
    xTasksWaitingTermination                 0x20000ae0   Data          20  tasks.o(.bss)
    xSuspendedTaskList                       0x20000af4   Data          20  tasks.o(.bss)
    .bss                                     0x20000b08   Section      280  timers.o(.bss)
    xStaticTimerQueue                        0x20000b08   Data          80  timers.o(.bss)
    ucStaticTimerQueueStorage                0x20000b58   Data         160  timers.o(.bss)
    xActiveTimerList1                        0x20000bf8   Data          20  timers.o(.bss)
    xActiveTimerList2                        0x20000c0c   Data          20  timers.o(.bss)
    .bss                                     0x20000c20   Section     1720  cmsis_os2.o(.bss)
    Idle_TCB                                 0x20000c20   Data          92  cmsis_os2.o(.bss)
    Idle_Stack                               0x20000c7c   Data         512  cmsis_os2.o(.bss)
    Timer_TCB                                0x20000e7c   Data          92  cmsis_os2.o(.bss)
    Timer_Stack                              0x20000ed8   Data        1024  cmsis_os2.o(.bss)
    .bss                                     0x200012d8   Section    12288  heap_4.o(.bss)
    ucHeap                                   0x200012d8   Data       12288  heap_4.o(.bss)
    .bss                                     0x200042d8   Section       96  libspace.o(.bss)
    HEAP                                     0x20004338   Section      512  startup_stm32l431xx.o(HEAP)
    Heap_Mem                                 0x20004338   Data         512  startup_stm32l431xx.o(HEAP)
    STACK                                    0x20004538   Section     1024  startup_stm32l431xx.o(STACK)
    Stack_Mem                                0x20004538   Data        1024  startup_stm32l431xx.o(STACK)
    __initial_sp                             0x20004938   Data           0  startup_stm32l431xx.o(STACK)

    Global Symbols

    Symbol Name                              Value     Ov Type        Size  Object(Section)

    BuildAttributes$$THM_ISAv4$E$P$D$K$B$S$7EM$VFPi3$EXTD16$VFPS$VFMA$PE$A:L22UL41UL21$X:L11$S22US41US21$IEEE1$IW$USESV6$~STKCKD$USESV7$~SHL$OSPACE$ROPI$EBA8$UX$STANDARDLIB$REQ8$PRES8$EABIv2 0x00000000   Number         0  anon$$obj.o ABSOLUTE
    __ARM_use_no_argv                        0x00000000   Number         0  main.o ABSOLUTE
    _printf_flags                            0x00000000   Number         0  printf_stubs.o ABSOLUTE
    _printf_return_value                     0x00000000   Number         0  printf_stubs.o ABSOLUTE
    _printf_sizespec                         0x00000000   Number         0  printf_stubs.o ABSOLUTE
    _printf_widthprec                        0x00000000   Number         0  printf_stubs.o ABSOLUTE
    __ARM_exceptions_init                     - Undefined Weak Reference
    __alloca_initialize                       - Undefined Weak Reference
    __arm_preinit_                            - Undefined Weak Reference
    __cpp_initialize__aeabi_                  - Undefined Weak Reference
    __cxa_finalize                            - Undefined Weak Reference
    __rt_locale                               - Undefined Weak Reference
    __sigvec_lookup                           - Undefined Weak Reference
    _atexit_init                              - Undefined Weak Reference
    _call_atexit_fns                          - Undefined Weak Reference
    _clock_init                               - Undefined Weak Reference
    _fp_trap_init                             - Undefined Weak Reference
    _fp_trap_shutdown                         - Undefined Weak Reference
    _get_lc_collate                           - Undefined Weak Reference
    _get_lc_ctype                             - Undefined Weak Reference
    _get_lc_monetary                          - Undefined Weak Reference
    _get_lc_numeric                           - Undefined Weak Reference
    _get_lc_time                              - Undefined Weak Reference
    _getenv_init                              - Undefined Weak Reference
    _handle_redirection                       - Undefined Weak Reference
    _init_alloc                               - Undefined Weak Reference
    _init_user_alloc                          - Undefined Weak Reference
    _initio                                   - Undefined Weak Reference
    _printf_mbtowc                            - Undefined Weak Reference
    _printf_truncate_unsigned                 - Undefined Weak Reference
    _rand_init                                - Undefined Weak Reference
    _signal_finish                            - Undefined Weak Reference
    _signal_init                              - Undefined Weak Reference
    _terminate_alloc                          - Undefined Weak Reference
    _terminate_user_alloc                     - Undefined Weak Reference
    _terminateio                              - Undefined Weak Reference
    __Vectors_Size                           0x0000018c   Number         0  startup_stm32l431xx.o ABSOLUTE
    __Vectors                                0x08000000   Data           4  startup_stm32l431xx.o(RESET)
    __Vectors_End                            0x0800018c   Data           0  startup_stm32l431xx.o(RESET)
    __main                                   0x0800018d   Thumb Code     8  __main.o(!!!main)
    __scatterload                            0x08000195   Thumb Code     0  __scatter.o(!!!scatter)
    __scatterload_rt2                        0x08000195   Thumb Code    44  __scatter.o(!!!scatter)
    __scatterload_rt2_thumb_only             0x08000195   Thumb Code     0  __scatter.o(!!!scatter)
    __scatterload_null                       0x080001a3   Thumb Code     0  __scatter.o(!!!scatter)
    __scatterload_copy                       0x080001c9   Thumb Code    26  __scatter_copy.o(!!handler_copy)
    __scatterload_zeroinit                   0x080001e5   Thumb Code    28  __scatter_zi.o(!!handler_zi)
    _printf_percent                          0x08000201   Thumb Code     0  _printf_percent.o(.ARM.Collect$$_printf_percent$$00000000)
    _printf_x                                0x08000201   Thumb Code     0  _printf_x.o(.ARM.Collect$$_printf_percent$$0000000C)
    _printf_s                                0x08000207   Thumb Code     0  _printf_s.o(.ARM.Collect$$_printf_percent$$00000014)
    _printf_percent_end                      0x0800020d   Thumb Code     0  _printf_percent_end.o(.ARM.Collect$$_printf_percent$$00000017)
    __rt_lib_init                            0x08000211   Thumb Code     0  libinit.o(.ARM.Collect$$libinit$$00000000)
    __rt_lib_init_fp_1                       0x08000213   Thumb Code     0  libinit2.o(.ARM.Collect$$libinit$$00000001)
    __rt_lib_init_alloca_1                   0x08000217   Thumb Code     0  libinit2.o(.ARM.Collect$$libinit$$0000002E)
    __rt_lib_init_argv_1                     0x08000217   Thumb Code     0  libinit2.o(.ARM.Collect$$libinit$$0000002C)
    __rt_lib_init_atexit_1                   0x08000217   Thumb Code     0  libinit2.o(.ARM.Collect$$libinit$$0000001B)
    __rt_lib_init_clock_1                    0x08000217   Thumb Code     0  libinit2.o(.ARM.Collect$$libinit$$00000021)
    __rt_lib_init_cpp_1                      0x08000217   Thumb Code     0  libinit2.o(.ARM.Collect$$libinit$$00000032)
    __rt_lib_init_exceptions_1               0x08000217   Thumb Code     0  libinit2.o(.ARM.Collect$$libinit$$00000030)
    __rt_lib_init_fp_trap_1                  0x08000217   Thumb Code     0  libinit2.o(.ARM.Collect$$libinit$$0000001F)
    __rt_lib_init_getenv_1                   0x08000217   Thumb Code     0  libinit2.o(.ARM.Collect$$libinit$$00000023)
    __rt_lib_init_heap_1                     0x08000217   Thumb Code     0  libinit2.o(.ARM.Collect$$libinit$$0000000A)
    __rt_lib_init_lc_collate_1               0x08000217   Thumb Code     0  libinit2.o(.ARM.Collect$$libinit$$00000011)
    __rt_lib_init_lc_ctype_1                 0x08000217   Thumb Code     0  libinit2.o(.ARM.Collect$$libinit$$00000013)
    __rt_lib_init_lc_monetary_1              0x08000217   Thumb Code     0  libinit2.o(.ARM.Collect$$libinit$$00000015)
    __rt_lib_init_lc_numeric_1               0x08000217   Thumb Code     0  libinit2.o(.ARM.Collect$$libinit$$00000017)
    __rt_lib_init_lc_time_1                  0x08000217   Thumb Code     0  libinit2.o(.ARM.Collect$$libinit$$00000019)
    __rt_lib_init_preinit_1                  0x08000217   Thumb Code     0  libinit2.o(.ARM.Collect$$libinit$$00000004)
    __rt_lib_init_rand_1                     0x08000217   Thumb Code     0  libinit2.o(.ARM.Collect$$libinit$$0000000E)
    __rt_lib_init_return                     0x08000217   Thumb Code     0  libinit2.o(.ARM.Collect$$libinit$$00000033)
    __rt_lib_init_signal_1                   0x08000217   Thumb Code     0  libinit2.o(.ARM.Collect$$libinit$$0000001D)
    __rt_lib_init_stdio_1                    0x08000217   Thumb Code     0  libinit2.o(.ARM.Collect$$libinit$$00000025)
    __rt_lib_init_user_alloc_1               0x08000217   Thumb Code     0  libinit2.o(.ARM.Collect$$libinit$$0000000C)
    __rt_lib_shutdown                        0x08000219   Thumb Code     0  libshutdown.o(.ARM.Collect$$libshutdown$$00000000)
    __rt_lib_shutdown_cpp_1                  0x0800021b   Thumb Code     0  libshutdown2.o(.ARM.Collect$$libshutdown$$00000002)
    __rt_lib_shutdown_fp_trap_1              0x0800021b   Thumb Code     0  libshutdown2.o(.ARM.Collect$$libshutdown$$00000007)
    __rt_lib_shutdown_heap_1                 0x0800021b   Thumb Code     0  libshutdown2.o(.ARM.Collect$$libshutdown$$0000000F)
    __rt_lib_shutdown_return                 0x0800021b   Thumb Code     0  libshutdown2.o(.ARM.Collect$$libshutdown$$00000010)
    __rt_lib_shutdown_signal_1               0x0800021b   Thumb Code     0  libshutdown2.o(.ARM.Collect$$libshutdown$$0000000A)
    __rt_lib_shutdown_stdio_1                0x0800021b   Thumb Code     0  libshutdown2.o(.ARM.Collect$$libshutdown$$00000004)
    __rt_lib_shutdown_user_alloc_1           0x0800021b   Thumb Code     0  libshutdown2.o(.ARM.Collect$$libshutdown$$0000000C)
    __rt_entry                               0x0800021d   Thumb Code     0  __rtentry.o(.ARM.Collect$$rtentry$$00000000)
    __rt_entry_presh_1                       0x0800021d   Thumb Code     0  __rtentry2.o(.ARM.Collect$$rtentry$$00000002)
    __rt_entry_sh                            0x0800021d   Thumb Code     0  __rtentry4.o(.ARM.Collect$$rtentry$$00000004)
    __rt_entry_li                            0x08000223   Thumb Code     0  __rtentry2.o(.ARM.Collect$$rtentry$$0000000A)
    __rt_entry_postsh_1                      0x08000223   Thumb Code     0  __rtentry2.o(.ARM.Collect$$rtentry$$00000009)
    __rt_entry_main                          0x08000227   Thumb Code     0  __rtentry2.o(.ARM.Collect$$rtentry$$0000000D)
    __rt_entry_postli_1                      0x08000227   Thumb Code     0  __rtentry2.o(.ARM.Collect$$rtentry$$0000000C)
    __rt_exit                                0x0800022f   Thumb Code     0  rtexit.o(.ARM.Collect$$rtexit$$00000000)
    __rt_exit_ls                             0x08000231   Thumb Code     0  rtexit2.o(.ARM.Collect$$rtexit$$00000003)
    __rt_exit_prels_1                        0x08000231   Thumb Code     0  rtexit2.o(.ARM.Collect$$rtexit$$00000002)
    __rt_exit_exit                           0x08000235   Thumb Code     0  rtexit2.o(.ARM.Collect$$rtexit$$00000004)
    SVC_Handler                              0x0800023d   Thumb Code    28  port.o(.emb_text)
    __asm___6_port_c_39a90d8d__prvStartFirstTask 0x0800025d   Thumb Code    36  port.o(.emb_text)
    __asm___6_port_c_39a90d8d__prvEnableVFP  0x08000285   Thumb Code    16  port.o(.emb_text)
    PendSV_Handler                           0x08000299   Thumb Code    88  port.o(.emb_text)
    vPortGetIPSR                             0x080002f5   Thumb Code     6  port.o(.emb_text)
    Reset_Handler                            0x0800031d   Thumb Code     8  startup_stm32l431xx.o(.text)
    ADC1_IRQHandler                          0x08000337   Thumb Code     0  startup_stm32l431xx.o(.text)
    CAN1_RX0_IRQHandler                      0x08000337   Thumb Code     0  startup_stm32l431xx.o(.text)
    CAN1_RX1_IRQHandler                      0x08000337   Thumb Code     0  startup_stm32l431xx.o(.text)
    CAN1_SCE_IRQHandler                      0x08000337   Thumb Code     0  startup_stm32l431xx.o(.text)
    CAN1_TX_IRQHandler                       0x08000337   Thumb Code     0  startup_stm32l431xx.o(.text)
    COMP_IRQHandler                          0x08000337   Thumb Code     0  startup_stm32l431xx.o(.text)
    CRS_IRQHandler                           0x08000337   Thumb Code     0  startup_stm32l431xx.o(.text)
    DMA1_Channel1_IRQHandler                 0x08000337   Thumb Code     0  startup_stm32l431xx.o(.text)
    DMA1_Channel2_IRQHandler                 0x08000337   Thumb Code     0  startup_stm32l431xx.o(.text)
    DMA1_Channel3_IRQHandler                 0x08000337   Thumb Code     0  startup_stm32l431xx.o(.text)
    DMA1_Channel4_IRQHandler                 0x08000337   Thumb Code     0  startup_stm32l431xx.o(.text)
    DMA1_Channel5_IRQHandler                 0x08000337   Thumb Code     0  startup_stm32l431xx.o(.text)
    DMA1_Channel6_IRQHandler                 0x08000337   Thumb Code     0  startup_stm32l431xx.o(.text)
    DMA1_Channel7_IRQHandler                 0x08000337   Thumb Code     0  startup_stm32l431xx.o(.text)
    DMA2_Channel1_IRQHandler                 0x08000337   Thumb Code     0  startup_stm32l431xx.o(.text)
    DMA2_Channel2_IRQHandler                 0x08000337   Thumb Code     0  startup_stm32l431xx.o(.text)
    DMA2_Channel3_IRQHandler                 0x08000337   Thumb Code     0  startup_stm32l431xx.o(.text)
    DMA2_Channel4_IRQHandler                 0x08000337   Thumb Code     0  startup_stm32l431xx.o(.text)
    DMA2_Channel5_IRQHandler                 0x08000337   Thumb Code     0  startup_stm32l431xx.o(.text)
    DMA2_Channel6_IRQHandler                 0x08000337   Thumb Code     0  startup_stm32l431xx.o(.text)
    DMA2_Channel7_IRQHandler                 0x08000337   Thumb Code     0  startup_stm32l431xx.o(.text)
    EXTI0_IRQHandler                         0x08000337   Thumb Code     0  startup_stm32l431xx.o(.text)
    EXTI15_10_IRQHandler                     0x08000337   Thumb Code     0  startup_stm32l431xx.o(.text)
    EXTI3_IRQHandler                         0x08000337   Thumb Code     0  startup_stm32l431xx.o(.text)
    EXTI4_IRQHandler                         0x08000337   Thumb Code     0  startup_stm32l431xx.o(.text)
    EXTI9_5_IRQHandler                       0x08000337   Thumb Code     0  startup_stm32l431xx.o(.text)
    FLASH_IRQHandler                         0x08000337   Thumb Code     0  startup_stm32l431xx.o(.text)
    FPU_IRQHandler                           0x08000337   Thumb Code     0  startup_stm32l431xx.o(.text)
    I2C1_ER_IRQHandler                       0x08000337   Thumb Code     0  startup_stm32l431xx.o(.text)
    I2C1_EV_IRQHandler                       0x08000337   Thumb Code     0  startup_stm32l431xx.o(.text)
    I2C2_ER_IRQHandler                       0x08000337   Thumb Code     0  startup_stm32l431xx.o(.text)
    I2C2_EV_IRQHandler                       0x08000337   Thumb Code     0  startup_stm32l431xx.o(.text)
    I2C3_ER_IRQHandler                       0x08000337   Thumb Code     0  startup_stm32l431xx.o(.text)
    I2C3_EV_IRQHandler                       0x08000337   Thumb Code     0  startup_stm32l431xx.o(.text)
    LPTIM1_IRQHandler                        0x08000337   Thumb Code     0  startup_stm32l431xx.o(.text)
    LPTIM2_IRQHandler                        0x08000337   Thumb Code     0  startup_stm32l431xx.o(.text)
    PVD_PVM_IRQHandler                       0x08000337   Thumb Code     0  startup_stm32l431xx.o(.text)
    QUADSPI_IRQHandler                       0x08000337   Thumb Code     0  startup_stm32l431xx.o(.text)
    RCC_IRQHandler                           0x08000337   Thumb Code     0  startup_stm32l431xx.o(.text)
    RNG_IRQHandler                           0x08000337   Thumb Code     0  startup_stm32l431xx.o(.text)
    RTC_Alarm_IRQHandler                     0x08000337   Thumb Code     0  startup_stm32l431xx.o(.text)
    RTC_WKUP_IRQHandler                      0x08000337   Thumb Code     0  startup_stm32l431xx.o(.text)
    SAI1_IRQHandler                          0x08000337   Thumb Code     0  startup_stm32l431xx.o(.text)
    SDMMC1_IRQHandler                        0x08000337   Thumb Code     0  startup_stm32l431xx.o(.text)
    SPI1_IRQHandler                          0x08000337   Thumb Code     0  startup_stm32l431xx.o(.text)
    SPI2_IRQHandler                          0x08000337   Thumb Code     0  startup_stm32l431xx.o(.text)
    SPI3_IRQHandler                          0x08000337   Thumb Code     0  startup_stm32l431xx.o(.text)
    SWPMI1_IRQHandler                        0x08000337   Thumb Code     0  startup_stm32l431xx.o(.text)
    TAMP_STAMP_IRQHandler                    0x08000337   Thumb Code     0  startup_stm32l431xx.o(.text)
    TIM1_BRK_TIM15_IRQHandler                0x08000337   Thumb Code     0  startup_stm32l431xx.o(.text)
    TIM1_CC_IRQHandler                       0x08000337   Thumb Code     0  startup_stm32l431xx.o(.text)
    TIM1_TRG_COM_IRQHandler                  0x08000337   Thumb Code     0  startup_stm32l431xx.o(.text)
    TIM2_IRQHandler                          0x08000337   Thumb Code     0  startup_stm32l431xx.o(.text)
    TIM6_DAC_IRQHandler                      0x08000337   Thumb Code     0  startup_stm32l431xx.o(.text)
    TSC_IRQHandler                           0x08000337   Thumb Code     0  startup_stm32l431xx.o(.text)
    USART2_IRQHandler                        0x08000337   Thumb Code     0  startup_stm32l431xx.o(.text)
    WWDG_IRQHandler                          0x08000337   Thumb Code     0  startup_stm32l431xx.o(.text)
    __user_initial_stackheap                 0x08000339   Thumb Code     0  startup_stm32l431xx.o(.text)
    __aeabi_uldivmod                         0x0800035d   Thumb Code     0  lludivv7m.o(.text)
    _ll_udiv                                 0x0800035d   Thumb Code   238  lludivv7m.o(.text)
    __2snprintf                              0x0800044d   Thumb Code    50  __2snprintf.o(.text)
    _printf_pre_padding                      0x08000485   Thumb Code    44  _printf_pad.o(.text)
    _printf_post_padding                     0x080004b1   Thumb Code    34  _printf_pad.o(.text)
    _printf_str                              0x080004d3   Thumb Code    82  _printf_str.o(.text)
    _printf_int_hex                          0x08000525   Thumb Code    84  _printf_hex_int.o(.text)
    _printf_longlong_hex                     0x08000525   Thumb Code     0  _printf_hex_int.o(.text)
    __printf                                 0x0800057d   Thumb Code   308  __printf_flags_wp.o(.text)
    strstr                                   0x080006bb   Thumb Code    36  strstr.o(.text)
    strlen                                   0x080006df   Thumb Code    62  strlen.o(.text)
    __aeabi_memcpy                           0x0800071d   Thumb Code     0  rt_memcpy_v6.o(.text)
    __rt_memcpy                              0x0800071d   Thumb Code   138  rt_memcpy_v6.o(.text)
    _memcpy_lastbytes                        0x08000783   Thumb Code     0  rt_memcpy_v6.o(.text)
    __aeabi_memset                           0x080007a7   Thumb Code    16  aeabi_memset.o(.text)
    __aeabi_memclr                           0x080007b7   Thumb Code     0  rt_memclr.o(.text)
    __rt_memclr                              0x080007b7   Thumb Code    68  rt_memclr.o(.text)
    _memset                                  0x080007bb   Thumb Code     0  rt_memclr.o(.text)
    __aeabi_memclr4                          0x080007fb   Thumb Code     0  rt_memclr_w.o(.text)
    __aeabi_memclr8                          0x080007fb   Thumb Code     0  rt_memclr_w.o(.text)
    __rt_memclr_w                            0x080007fb   Thumb Code    78  rt_memclr_w.o(.text)
    _memset_w                                0x080007ff   Thumb Code     0  rt_memclr_w.o(.text)
    strcmp                                   0x08000849   Thumb Code   128  strcmpv7m.o(.text)
    __use_two_region_memory                  0x080008c9   Thumb Code     2  heapauxi.o(.text)
    __rt_heap_escrow$2region                 0x080008cb   Thumb Code     2  heapauxi.o(.text)
    __rt_heap_expand$2region                 0x080008cd   Thumb Code     2  heapauxi.o(.text)
    _printf_int_common                       0x080008cf   Thumb Code   178  _printf_intcommon.o(.text)
    _printf_char_common                      0x0800098b   Thumb Code    32  _printf_char_common.o(.text)
    _sputc                                   0x080009b1   Thumb Code    10  _sputc.o(.text)
    _snputc                                  0x080009bb   Thumb Code    16  _snputc.o(.text)
    _printf_cs_common                        0x080009cb   Thumb Code    20  _printf_char.o(.text)
    _printf_char                             0x080009df   Thumb Code    16  _printf_char.o(.text)
    _printf_string                           0x080009ef   Thumb Code     8  _printf_char.o(.text)
    __aeabi_memcpy4                          0x080009f7   Thumb Code     0  rt_memcpy_w.o(.text)
    __aeabi_memcpy8                          0x080009f7   Thumb Code     0  rt_memcpy_w.o(.text)
    __rt_memcpy_w                            0x080009f7   Thumb Code   100  rt_memcpy_w.o(.text)
    _memcpy_lastbytes_aligned                0x08000a3f   Thumb Code     0  rt_memcpy_w.o(.text)
    __user_setup_stackheap                   0x08000a5b   Thumb Code    74  sys_stackheap_outer.o(.text)
    exit                                     0x08000aa5   Thumb Code    18  exit.o(.text)
    __user_libspace                          0x08000ab9   Thumb Code     8  libspace.o(.text)
    __user_perproc_libspace                  0x08000ab9   Thumb Code     0  libspace.o(.text)
    __user_perthread_libspace                0x08000ab9   Thumb Code     0  libspace.o(.text)
    _sys_exit                                0x08000ac1   Thumb Code     8  sys_exit.o(.text)
    __I$use$semihosting                      0x08000acd   Thumb Code     0  use_no_semi.o(.text)
    __use_no_semihosting_swi                 0x08000acd   Thumb Code     2  use_no_semi.o(.text)
    __semihosting_library_function           0x08000acf   Thumb Code     0  indicate_semi.o(.text)
    App_GpioExtiCallback                     0x08000bc5   Thumb Code    86  freertos.o(i.App_GpioExtiCallback)
    App_TimerElapsedCallback                 0x08001331   Thumb Code    18  freertos.o(i.App_TimerElapsedCallback)
    App_UartErrorCallback                    0x08001349   Thumb Code    64  freertos.o(i.App_UartErrorCallback)
    App_UartRxCallback                       0x080013a1   Thumb Code    98  freertos.o(i.App_UartRxCallback)
    BusFault_Handler                         0x08001421   Thumb Code     2  stm32l4xx_it.o(i.BusFault_Handler)
    DebugMon_Handler                         0x08001423   Thumb Code     2  stm32l4xx_it.o(i.DebugMon_Handler)
    EXTI1_IRQHandler                         0x08001425   Thumb Code     6  stm32l4xx_it.o(i.EXTI1_IRQHandler)
    EXTI2_IRQHandler                         0x0800142b   Thumb Code     6  stm32l4xx_it.o(i.EXTI2_IRQHandler)
    Error_Handler                            0x08001431   Thumb Code     4  main.o(i.Error_Handler)
    HAL_DMA_Abort                            0x08001435   Thumb Code    76  stm32l4xx_hal_dma.o(i.HAL_DMA_Abort)
    HAL_DMA_Abort_IT                         0x08001481   Thumb Code    78  stm32l4xx_hal_dma.o(i.HAL_DMA_Abort_IT)
    HAL_GPIO_EXTI_Callback                   0x080014cf   Thumb Code     4  main.o(i.HAL_GPIO_EXTI_Callback)
    HAL_GPIO_EXTI_IRQHandler                 0x080014d5   Thumb Code    18  stm32l4xx_hal_gpio.o(i.HAL_GPIO_EXTI_IRQHandler)
    HAL_GPIO_Init                            0x080014ed   Thumb Code   434  stm32l4xx_hal_gpio.o(i.HAL_GPIO_Init)
    HAL_GPIO_ReadPin                         0x080016c3   Thumb Code    10  stm32l4xx_hal_gpio.o(i.HAL_GPIO_ReadPin)
    HAL_GPIO_WritePin                        0x080016cd   Thumb Code    10  stm32l4xx_hal_gpio.o(i.HAL_GPIO_WritePin)
    HAL_GetTick                              0x080016d9   Thumb Code     6  stm32l4xx_hal.o(i.HAL_GetTick)
    HAL_IncTick                              0x080016e5   Thumb Code    12  stm32l4xx_hal.o(i.HAL_IncTick)
    HAL_Init                                 0x080016f5   Thumb Code    30  stm32l4xx_hal.o(i.HAL_Init)
    HAL_InitTick                             0x08001715   Thumb Code   132  stm32l4xx_hal_timebase_tim.o(i.HAL_InitTick)
    HAL_MspInit                              0x080017ad   Thumb Code    48  stm32l4xx_hal_msp.o(i.HAL_MspInit)
    HAL_NVIC_EnableIRQ                       0x080017e1   Thumb Code    26  stm32l4xx_hal_cortex.o(i.HAL_NVIC_EnableIRQ)
    HAL_NVIC_SetPriority                     0x080017fd   Thumb Code    60  stm32l4xx_hal_cortex.o(i.HAL_NVIC_SetPriority)
    HAL_NVIC_SetPriorityGrouping             0x0800183d   Thumb Code    26  stm32l4xx_hal_cortex.o(i.HAL_NVIC_SetPriorityGrouping)
    HAL_PWREx_ControlVoltageScaling          0x08001861   Thumb Code    90  stm32l4xx_hal_pwr_ex.o(i.HAL_PWREx_ControlVoltageScaling)
    HAL_PWREx_GetVoltageRange                0x080018c9   Thumb Code    10  stm32l4xx_hal_pwr_ex.o(i.HAL_PWREx_GetVoltageRange)
    HAL_RCCEx_PeriphCLKConfig                0x080018d9   Thumb Code   682  stm32l4xx_hal_rcc_ex.o(i.HAL_RCCEx_PeriphCLKConfig)
    HAL_RCC_ClockConfig                      0x08001b95   Thumb Code   304  stm32l4xx_hal_rcc.o(i.HAL_RCC_ClockConfig)
    HAL_RCC_GetClockConfig                   0x08001cd9   Thumb Code    54  stm32l4xx_hal_rcc.o(i.HAL_RCC_GetClockConfig)
    HAL_RCC_GetPCLK1Freq                     0x08001d19   Thumb Code    24  stm32l4xx_hal_rcc.o(i.HAL_RCC_GetPCLK1Freq)
    HAL_RCC_GetPCLK2Freq                     0x08001d3d   Thumb Code    24  stm32l4xx_hal_rcc.o(i.HAL_RCC_GetPCLK2Freq)
    HAL_RCC_GetSysClockFreq                  0x08001d61   Thumb Code   148  stm32l4xx_hal_rcc.o(i.HAL_RCC_GetSysClockFreq)
    HAL_RCC_OscConfig                        0x08001e05   Thumb Code  1366  stm32l4xx_hal_rcc.o(i.HAL_RCC_OscConfig)
    HAL_TIMEx_Break2Callback                 0x08002365   Thumb Code     2  stm32l4xx_hal_tim_ex.o(i.HAL_TIMEx_Break2Callback)
    HAL_TIMEx_BreakCallback                  0x08002367   Thumb Code     2  stm32l4xx_hal_tim_ex.o(i.HAL_TIMEx_BreakCallback)
    HAL_TIMEx_CommutCallback                 0x08002369   Thumb Code     2  stm32l4xx_hal_tim_ex.o(i.HAL_TIMEx_CommutCallback)
    HAL_TIM_Base_Init                        0x0800236b   Thumb Code    98  stm32l4xx_hal_tim.o(i.HAL_TIM_Base_Init)
    HAL_TIM_Base_MspInit                     0x080023cd   Thumb Code    50  tim.o(i.HAL_TIM_Base_MspInit)
    HAL_TIM_Base_Start_IT                    0x08002409   Thumb Code    76  stm32l4xx_hal_tim.o(i.HAL_TIM_Base_Start_IT)
    HAL_TIM_IC_CaptureCallback               0x08002461   Thumb Code     2  stm32l4xx_hal_tim.o(i.HAL_TIM_IC_CaptureCallback)
    HAL_TIM_IRQHandler                       0x08002463   Thumb Code   330  stm32l4xx_hal_tim.o(i.HAL_TIM_IRQHandler)
    HAL_TIM_OC_DelayElapsedCallback          0x080025ad   Thumb Code     2  stm32l4xx_hal_tim.o(i.HAL_TIM_OC_DelayElapsedCallback)
    HAL_TIM_PWM_PulseFinishedCallback        0x080025af   Thumb Code     2  stm32l4xx_hal_tim.o(i.HAL_TIM_PWM_PulseFinishedCallback)
    HAL_TIM_PeriodElapsedCallback            0x080025b1   Thumb Code    26  main.o(i.HAL_TIM_PeriodElapsedCallback)
    HAL_TIM_TriggerCallback                  0x080025d1   Thumb Code     2  stm32l4xx_hal_tim.o(i.HAL_TIM_TriggerCallback)
    HAL_UARTEx_RxEventCallback               0x080025d3   Thumb Code     2  stm32l4xx_hal_uart.o(i.HAL_UARTEx_RxEventCallback)
    HAL_UARTEx_WakeupCallback                0x080025d5   Thumb Code     2  stm32l4xx_hal_uart_ex.o(i.HAL_UARTEx_WakeupCallback)
    HAL_UART_ErrorCallback                   0x080025d7   Thumb Code     4  main.o(i.HAL_UART_ErrorCallback)
    HAL_UART_IRQHandler                      0x080025dd   Thumb Code   704  stm32l4xx_hal_uart.o(i.HAL_UART_IRQHandler)
    HAL_UART_Init                            0x080028a5   Thumb Code   102  stm32l4xx_hal_uart.o(i.HAL_UART_Init)
    HAL_UART_MspInit                         0x0800290d   Thumb Code   330  usart.o(i.HAL_UART_MspInit)
    HAL_UART_Receive_IT                      0x08002a6d   Thumb Code    66  stm32l4xx_hal_uart.o(i.HAL_UART_Receive_IT)
    HAL_UART_RxCpltCallback                  0x08002ab5   Thumb Code     4  main.o(i.HAL_UART_RxCpltCallback)
    HAL_UART_Transmit                        0x08002ab9   Thumb Code   172  stm32l4xx_hal_uart.o(i.HAL_UART_Transmit)
    HAL_UART_TxCpltCallback                  0x08002b6b   Thumb Code     2  stm32l4xx_hal_uart.o(i.HAL_UART_TxCpltCallback)
    HardFault_Handler                        0x08002b6d   Thumb Code     2  stm32l4xx_it.o(i.HardFault_Handler)
    LPUART1_IRQHandler                       0x08002b71   Thumb Code     6  stm32l4xx_it.o(i.LPUART1_IRQHandler)
    MX_FREERTOS_Init                         0x08002b7d   Thumb Code   154  freertos.o(i.MX_FREERTOS_Init)
    MX_GPIO_Init                             0x08002c2d   Thumb Code   226  gpio.o(i.MX_GPIO_Init)
    MX_LPUART1_UART_Init                     0x08002d1d   Thumb Code    50  usart.o(i.MX_LPUART1_UART_Init)
    MX_TIM16_Init                            0x08002d59   Thumb Code    48  tim.o(i.MX_TIM16_Init)
    MX_USART1_UART_Init                      0x08002d91   Thumb Code    52  usart.o(i.MX_USART1_UART_Init)
    MX_USART3_UART_Init                      0x08002dcd   Thumb Code    52  usart.o(i.MX_USART3_UART_Init)
    MemManage_Handler                        0x08002e09   Thumb Code     2  stm32l4xx_it.o(i.MemManage_Handler)
    NMI_Handler                              0x08002e0b   Thumb Code     2  stm32l4xx_it.o(i.NMI_Handler)
    StartBtTask                              0x08002fb5   Thumb Code    36  freertos.o(i.StartBtTask)
    StartDefaultTask                         0x08002fdd   Thumb Code    84  freertos.o(i.StartDefaultTask)
    StartModuleTask                          0x0800303d   Thumb Code    72  freertos.o(i.StartModuleTask)
    SysTick_Handler                          0x08003089   Thumb Code    26  cmsis_os2.o(i.SysTick_Handler)
    SystemClock_Config                       0x080030a3   Thumb Code   118  main.o(i.SystemClock_Config)
    SystemInit                               0x08003119   Thumb Code    12  system_stm32l4xx.o(i.SystemInit)
    TIM1_UP_TIM16_IRQHandler                 0x08003129   Thumb Code     6  stm32l4xx_it.o(i.TIM1_UP_TIM16_IRQHandler)
    TIM7_IRQHandler                          0x08003135   Thumb Code     6  stm32l4xx_it.o(i.TIM7_IRQHandler)
    TIM_Base_SetConfig                       0x08003141   Thumb Code   102  stm32l4xx_hal_tim.o(i.TIM_Base_SetConfig)
    UART_AdvFeatureConfig                    0x080031b5   Thumb Code   200  stm32l4xx_hal_uart.o(i.UART_AdvFeatureConfig)
    UART_CheckIdleState                      0x0800327d   Thumb Code   168  stm32l4xx_hal_uart.o(i.UART_CheckIdleState)
    UART_SetConfig                           0x0800350d   Thumb Code   478  stm32l4xx_hal_uart.o(i.UART_SetConfig)
    UART_Start_Receive_IT                    0x0800370d   Thumb Code   174  stm32l4xx_hal_uart.o(i.UART_Start_Receive_IT)
    UART_WaitOnFlagUntilTimeout              0x080037c5   Thumb Code   148  stm32l4xx_hal_uart.o(i.UART_WaitOnFlagUntilTimeout)
    USART1_IRQHandler                        0x08003859   Thumb Code     6  stm32l4xx_it.o(i.USART1_IRQHandler)
    USART3_IRQHandler                        0x08003865   Thumb Code     6  stm32l4xx_it.o(i.USART3_IRQHandler)
    UsageFault_Handler                       0x08003871   Thumb Code     2  stm32l4xx_it.o(i.UsageFault_Handler)
    _is_digit                                0x08003893   Thumb Code    14  __printf_wp.o(i._is_digit)
    main                                     0x080038a1   Thumb Code    42  main.o(i.main)
    osDelay                                  0x080038cb   Thumb Code    26  cmsis_os2.o(i.osDelay)
    osKernelInitialize                       0x080038e5   Thumb Code    32  cmsis_os2.o(i.osKernelInitialize)
    osKernelStart                            0x08003909   Thumb Code    48  cmsis_os2.o(i.osKernelStart)
    osMessageQueueGet                        0x08003941   Thumb Code    96  cmsis_os2.o(i.osMessageQueueGet)
    osMessageQueueNew                        0x080039a5   Thumb Code    88  cmsis_os2.o(i.osMessageQueueNew)
    osMessageQueuePut                        0x080039fd   Thumb Code   100  cmsis_os2.o(i.osMessageQueuePut)
    osMutexAcquire                           0x08003a65   Thumb Code    82  cmsis_os2.o(i.osMutexAcquire)
    osMutexNew                               0x08003ab7   Thumb Code   104  cmsis_os2.o(i.osMutexNew)
    osMutexRelease                           0x08003b1f   Thumb Code    66  cmsis_os2.o(i.osMutexRelease)
    osSemaphoreAcquire                       0x08003b61   Thumb Code    88  cmsis_os2.o(i.osSemaphoreAcquire)
    osSemaphoreNew                           0x08003bbd   Thumb Code   152  cmsis_os2.o(i.osSemaphoreNew)
    osSemaphoreRelease                       0x08003c55   Thumb Code    82  cmsis_os2.o(i.osSemaphoreRelease)
    osThreadNew                              0x08003cad   Thumb Code   138  cmsis_os2.o(i.osThreadNew)
    pvPortMalloc                             0x080044ed   Thumb Code   216  heap_4.o(i.pvPortMalloc)
    pvTaskIncrementMutexHeldCount            0x080045c9   Thumb Code    18  tasks.o(i.pvTaskIncrementMutexHeldCount)
    pxPortInitialiseStack                    0x080045e1   Thumb Code    40  port.o(i.pxPortInitialiseStack)
    uxListRemove                             0x0800460d   Thumb Code    38  list.o(i.uxListRemove)
    vApplicationGetIdleTaskMemory            0x08004635   Thumb Code    16  cmsis_os2.o(i.vApplicationGetIdleTaskMemory)
    vApplicationGetTimerTaskMemory           0x08004649   Thumb Code    18  cmsis_os2.o(i.vApplicationGetTimerTaskMemory)
    vListInitialise                          0x08004661   Thumb Code    22  list.o(i.vListInitialise)
    vListInitialiseItem                      0x08004677   Thumb Code     6  list.o(i.vListInitialiseItem)
    vListInsert                              0x0800467d   Thumb Code    48  list.o(i.vListInsert)
    vListInsertEnd                           0x080046ad   Thumb Code    24  list.o(i.vListInsertEnd)
    vPortEnterCritical                       0x080046c5   Thumb Code    54  port.o(i.vPortEnterCritical)
    vPortExitCritical                        0x08004705   Thumb Code    34  port.o(i.vPortExitCritical)
    vPortFree                                0x0800472d   Thumb Code    94  heap_4.o(i.vPortFree)
    vPortSetupTimerInterrupt                 0x08004791   Thumb Code    32  port.o(i.vPortSetupTimerInterrupt)
    vPortValidateInterruptPriority           0x080047b5   Thumb Code    74  port.o(i.vPortValidateInterruptPriority)
    vQueueAddToRegistry                      0x08004809   Thumb Code    34  queue.o(i.vQueueAddToRegistry)
    vQueueDelete                             0x08004831   Thumb Code    46  queue.o(i.vQueueDelete)
    vQueueUnregisterQueue                    0x08004861   Thumb Code    36  queue.o(i.vQueueUnregisterQueue)
    vQueueWaitForMessageRestricted           0x08004889   Thumb Code    68  queue.o(i.vQueueWaitForMessageRestricted)
    vTaskDelay                               0x080048cd   Thumb Code    66  tasks.o(i.vTaskDelay)
    vTaskInternalSetTimeOutState             0x08004919   Thumb Code    12  tasks.o(i.vTaskInternalSetTimeOutState)
    vTaskMissedYield                         0x08004929   Thumb Code     8  tasks.o(i.vTaskMissedYield)
    vTaskPlaceOnEventList                    0x08004935   Thumb Code    44  tasks.o(i.vTaskPlaceOnEventList)
    vTaskPlaceOnEventListRestricted          0x08004965   Thumb Code    52  tasks.o(i.vTaskPlaceOnEventListRestricted)
    vTaskPriorityDisinheritAfterTimeout      0x0800499d   Thumb Code   134  tasks.o(i.vTaskPriorityDisinheritAfterTimeout)
    vTaskStartScheduler                      0x08004a2d   Thumb Code   118  tasks.o(i.vTaskStartScheduler)
    vTaskSuspendAll                          0x08004ab5   Thumb Code    10  tasks.o(i.vTaskSuspendAll)
    vTaskSwitchContext                       0x08004ac5   Thumb Code    90  tasks.o(i.vTaskSwitchContext)
    xPortStartScheduler                      0x08004b29   Thumb Code   222  port.o(i.xPortStartScheduler)
    xPortSysTickHandler                      0x08004c1d   Thumb Code    38  port.o(i.xPortSysTickHandler)
    xQueueCreateCountingSemaphore            0x08004c49   Thumb Code    58  queue.o(i.xQueueCreateCountingSemaphore)
    xQueueCreateCountingSemaphoreStatic      0x08004c83   Thumb Code    64  queue.o(i.xQueueCreateCountingSemaphoreStatic)
    xQueueCreateMutex                        0x08004cc3   Thumb Code    22  queue.o(i.xQueueCreateMutex)
    xQueueCreateMutexStatic                  0x08004cd9   Thumb Code    26  queue.o(i.xQueueCreateMutexStatic)
    xQueueGenericCreate                      0x08004cf3   Thumb Code    66  queue.o(i.xQueueGenericCreate)
    xQueueGenericCreateStatic                0x08004d35   Thumb Code   102  queue.o(i.xQueueGenericCreateStatic)
    xQueueGenericReset                       0x08004d9d   Thumb Code   132  queue.o(i.xQueueGenericReset)
    xQueueGenericSend                        0x08004e25   Thumb Code   346  queue.o(i.xQueueGenericSend)
    xQueueGenericSendFromISR                 0x08004f85   Thumb Code   190  queue.o(i.xQueueGenericSendFromISR)
    xQueueGiveFromISR                        0x08005043   Thumb Code   156  queue.o(i.xQueueGiveFromISR)
    xQueueGiveMutexRecursive                 0x080050df   Thumb Code    62  queue.o(i.xQueueGiveMutexRecursive)
    xQueueReceive                            0x0800511d   Thumb Code   308  queue.o(i.xQueueReceive)
    xQueueReceiveFromISR                     0x08005255   Thumb Code   154  queue.o(i.xQueueReceiveFromISR)
    xQueueSemaphoreTake                      0x080052f1   Thumb Code   372  queue.o(i.xQueueSemaphoreTake)
    xQueueTakeMutexRecursive                 0x08005469   Thumb Code    64  queue.o(i.xQueueTakeMutexRecursive)
    xTaskCheckForTimeOut                     0x080054a9   Thumb Code   112  tasks.o(i.xTaskCheckForTimeOut)
    xTaskCreate                              0x0800551d   Thumb Code    90  tasks.o(i.xTaskCreate)
    xTaskCreateStatic                        0x0800557d   Thumb Code    86  tasks.o(i.xTaskCreateStatic)
    xTaskGetCurrentTaskHandle                0x080055d5   Thumb Code     6  tasks.o(i.xTaskGetCurrentTaskHandle)
    xTaskGetSchedulerState                   0x080055e1   Thumb Code    22  tasks.o(i.xTaskGetSchedulerState)
    xTaskGetTickCount                        0x080055fd   Thumb Code     6  tasks.o(i.xTaskGetTickCount)
    xTaskIncrementTick                       0x08005609   Thumb Code   192  tasks.o(i.xTaskIncrementTick)
    xTaskPriorityDisinherit                  0x080056d1   Thumb Code   118  tasks.o(i.xTaskPriorityDisinherit)
    xTaskPriorityInherit                     0x08005751   Thumb Code   112  tasks.o(i.xTaskPriorityInherit)
    xTaskRemoveFromEventList                 0x080057c9   Thumb Code    98  tasks.o(i.xTaskRemoveFromEventList)
    xTaskResumeAll                           0x08005839   Thumb Code   182  tasks.o(i.xTaskResumeAll)
    xTimerCreateTimerTask                    0x080058fd   Thumb Code    78  timers.o(i.xTimerCreateTimerTask)
    xTimerGenericCommand                     0x0800595d   Thumb Code    98  timers.o(i.xTimerGenericCommand)
    _fp_init                                 0x080059c5   Thumb Code    10  fpinit.o(x$fpl$fpinit)
    __fplib_config_fpu_vfp                   0x080059cd   Thumb Code     0  fpinit.o(x$fpl$fpinit)
    __fplib_config_pureend_doubles           0x080059cd   Thumb Code     0  fpinit.o(x$fpl$fpinit)
    defaultTask_attributes                   0x08005a04   Data          36  freertos.o(.constdata)
    btTask_attributes                        0x08005a28   Data          36  freertos.o(.constdata)
    moduleTask_attributes                    0x08005a4c   Data          36  freertos.o(.constdata)
    btQueue_attributes                       0x08005a70   Data          24  freertos.o(.constdata)
    moduleQueue_attributes                   0x08005a88   Data          24  freertos.o(.constdata)
    rdModeSemaphore_attributes               0x08005aa0   Data          16  freertos.o(.constdata)
    rnModeSemaphore_attributes               0x08005ab0   Data          16  freertos.o(.constdata)
    safeSemaphore_attributes                 0x08005ac0   Data          16  freertos.o(.constdata)
    sosSemaphore_attributes                  0x08005ad0   Data          16  freertos.o(.constdata)
    btTxMutex_attributes                     0x08005ae0   Data          16  freertos.o(.constdata)
    rdTxMutex_attributes                     0x08005af0   Data          16  freertos.o(.constdata)
    AHBPrescTable                            0x08005b00   Data          16  system_stm32l4xx.o(.constdata)
    MSIRangeTable                            0x08005b10   Data          48  system_stm32l4xx.o(.constdata)
    APBPrescTable                            0x08005b40   Data           8  system_stm32l4xx.o(.constdata)
    Region$$Table$$Base                      0x08005c10   Number         0  anon$$obj.o(Region$$Table)
    Region$$Table$$Limit                     0x08005c30   Number         0  anon$$obj.o(Region$$Table)
    defaultTaskHandle                        0x20000018   Data           4  freertos.o(.data)
    btTaskHandle                             0x2000001c   Data           4  freertos.o(.data)
    moduleTaskHandle                         0x20000020   Data           4  freertos.o(.data)
    btQueueHandle                            0x20000024   Data           4  freertos.o(.data)
    moduleQueueHandle                        0x20000028   Data           4  freertos.o(.data)
    rdModeSemaphoreHandle                    0x2000002c   Data           4  freertos.o(.data)
    rnModeSemaphoreHandle                    0x20000030   Data           4  freertos.o(.data)
    safeSemaphoreHandle                      0x20000034   Data           4  freertos.o(.data)
    sosSemaphoreHandle                       0x20000038   Data           4  freertos.o(.data)
    btTxMutexHandle                          0x2000003c   Data           4  freertos.o(.data)
    rdTxMutexHandle                          0x20000040   Data           4  freertos.o(.data)
    uwTickFreq                               0x20000044   Data           1  stm32l4xx_hal.o(.data)
    uwTickPrio                               0x20000048   Data           4  stm32l4xx_hal.o(.data)
    uwTick                                   0x2000004c   Data           4  stm32l4xx_hal.o(.data)
    SystemCoreClock                          0x20000050   Data           4  system_stm32l4xx.o(.data)
    pxCurrentTCB                             0x20000054   Data           4  tasks.o(.data)
    hlpuart1                                 0x200003d4   Data         136  usart.o(.bss)
    huart1                                   0x2000045c   Data         136  usart.o(.bss)
    huart3                                   0x200004e4   Data         136  usart.o(.bss)
    htim16                                   0x2000056c   Data          76  tim.o(.bss)
    htim7                                    0x200005b8   Data          76  stm32l4xx_hal_timebase_tim.o(.bss)
    xQueueRegistry                           0x20000604   Data          64  queue.o(.bss)
    __libspace_start                         0x200042d8   Data          96  libspace.o(.bss)
    __temporary_stack_top$libspace           0x20004338   Data           0  libspace.o(.bss)



==============================================================================

Memory Map of the image

  Image Entry point : 0x0800018d

  Load Region LR_IROM1 (Base: 0x08000000, Size: 0x00005d04, Max: 0x00040000, ABSOLUTE)

    Execution Region ER_IROM1 (Exec base: 0x08000000, Load base: 0x08000000, Size: 0x00005c30, Max: 0x00040000, ABSOLUTE)

    Exec Addr    Load Addr    Size         Type   Attr      Idx    E Section Name        Object

    0x08000000   0x08000000   0x0000018c   Data   RO            3    RESET               startup_stm32l431xx.o
    0x0800018c   0x0800018c   0x00000008   Code   RO         5637  * !!!main             c_w.l(__main.o)
    0x08000194   0x08000194   0x00000034   Code   RO         5819    !!!scatter          c_w.l(__scatter.o)
    0x080001c8   0x080001c8   0x0000001a   Code   RO         5821    !!handler_copy      c_w.l(__scatter_copy.o)
    0x080001e2   0x080001e2   0x00000002   PAD
    0x080001e4   0x080001e4   0x0000001c   Code   RO         5823    !!handler_zi        c_w.l(__scatter_zi.o)
    0x08000200   0x08000200   0x00000000   Code   RO         5618    .ARM.Collect$$_printf_percent$$00000000  c_w.l(_printf_percent.o)
    0x08000200   0x08000200   0x00000006   Code   RO         5617    .ARM.Collect$$_printf_percent$$0000000C  c_w.l(_printf_x.o)
    0x08000206   0x08000206   0x00000006   Code   RO         5616    .ARM.Collect$$_printf_percent$$00000014  c_w.l(_printf_s.o)
    0x0800020c   0x0800020c   0x00000004   Code   RO         5654    .ARM.Collect$$_printf_percent$$00000017  c_w.l(_printf_percent_end.o)
    0x08000210   0x08000210   0x00000002   Code   RO         5689    .ARM.Collect$$libinit$$00000000  c_w.l(libinit.o)
    0x08000212   0x08000212   0x00000004   Code   RO         5701    .ARM.Collect$$libinit$$00000001  c_w.l(libinit2.o)
    0x08000216   0x08000216   0x00000000   Code   RO         5704    .ARM.Collect$$libinit$$00000004  c_w.l(libinit2.o)
    0x08000216   0x08000216   0x00000000   Code   RO         5707    .ARM.Collect$$libinit$$0000000A  c_w.l(libinit2.o)
    0x08000216   0x08000216   0x00000000   Code   RO         5709    .ARM.Collect$$libinit$$0000000C  c_w.l(libinit2.o)
    0x08000216   0x08000216   0x00000000   Code   RO         5711    .ARM.Collect$$libinit$$0000000E  c_w.l(libinit2.o)
    0x08000216   0x08000216   0x00000000   Code   RO         5714    .ARM.Collect$$libinit$$00000011  c_w.l(libinit2.o)
    0x08000216   0x08000216   0x00000000   Code   RO         5716    .ARM.Collect$$libinit$$00000013  c_w.l(libinit2.o)
    0x08000216   0x08000216   0x00000000   Code   RO         5718    .ARM.Collect$$libinit$$00000015  c_w.l(libinit2.o)
    0x08000216   0x08000216   0x00000000   Code   RO         5720    .ARM.Collect$$libinit$$00000017  c_w.l(libinit2.o)
    0x08000216   0x08000216   0x00000000   Code   RO         5722    .ARM.Collect$$libinit$$00000019  c_w.l(libinit2.o)
    0x08000216   0x08000216   0x00000000   Code   RO         5724    .ARM.Collect$$libinit$$0000001B  c_w.l(libinit2.o)
    0x08000216   0x08000216   0x00000000   Code   RO         5726    .ARM.Collect$$libinit$$0000001D  c_w.l(libinit2.o)
    0x08000216   0x08000216   0x00000000   Code   RO         5728    .ARM.Collect$$libinit$$0000001F  c_w.l(libinit2.o)
    0x08000216   0x08000216   0x00000000   Code   RO         5730    .ARM.Collect$$libinit$$00000021  c_w.l(libinit2.o)
    0x08000216   0x08000216   0x00000000   Code   RO         5732    .ARM.Collect$$libinit$$00000023  c_w.l(libinit2.o)
    0x08000216   0x08000216   0x00000000   Code   RO         5734    .ARM.Collect$$libinit$$00000025  c_w.l(libinit2.o)
    0x08000216   0x08000216   0x00000000   Code   RO         5738    .ARM.Collect$$libinit$$0000002C  c_w.l(libinit2.o)
    0x08000216   0x08000216   0x00000000   Code   RO         5740    .ARM.Collect$$libinit$$0000002E  c_w.l(libinit2.o)
    0x08000216   0x08000216   0x00000000   Code   RO         5742    .ARM.Collect$$libinit$$00000030  c_w.l(libinit2.o)
    0x08000216   0x08000216   0x00000000   Code   RO         5744    .ARM.Collect$$libinit$$00000032  c_w.l(libinit2.o)
    0x08000216   0x08000216   0x00000002   Code   RO         5745    .ARM.Collect$$libinit$$00000033  c_w.l(libinit2.o)
    0x08000218   0x08000218   0x00000002   Code   RO         5776    .ARM.Collect$$libshutdown$$00000000  c_w.l(libshutdown.o)
    0x0800021a   0x0800021a   0x00000000   Code   RO         5802    .ARM.Collect$$libshutdown$$00000002  c_w.l(libshutdown2.o)
    0x0800021a   0x0800021a   0x00000000   Code   RO         5804    .ARM.Collect$$libshutdown$$00000004  c_w.l(libshutdown2.o)
    0x0800021a   0x0800021a   0x00000000   Code   RO         5807    .ARM.Collect$$libshutdown$$00000007  c_w.l(libshutdown2.o)
    0x0800021a   0x0800021a   0x00000000   Code   RO         5810    .ARM.Collect$$libshutdown$$0000000A  c_w.l(libshutdown2.o)
    0x0800021a   0x0800021a   0x00000000   Code   RO         5812    .ARM.Collect$$libshutdown$$0000000C  c_w.l(libshutdown2.o)
    0x0800021a   0x0800021a   0x00000000   Code   RO         5815    .ARM.Collect$$libshutdown$$0000000F  c_w.l(libshutdown2.o)
    0x0800021a   0x0800021a   0x00000002   Code   RO         5816    .ARM.Collect$$libshutdown$$00000010  c_w.l(libshutdown2.o)
    0x0800021c   0x0800021c   0x00000000   Code   RO         5639    .ARM.Collect$$rtentry$$00000000  c_w.l(__rtentry.o)
    0x0800021c   0x0800021c   0x00000000   Code   RO         5658    .ARM.Collect$$rtentry$$00000002  c_w.l(__rtentry2.o)
    0x0800021c   0x0800021c   0x00000006   Code   RO         5670    .ARM.Collect$$rtentry$$00000004  c_w.l(__rtentry4.o)
    0x08000222   0x08000222   0x00000000   Code   RO         5660    .ARM.Collect$$rtentry$$00000009  c_w.l(__rtentry2.o)
    0x08000222   0x08000222   0x00000004   Code   RO         5661    .ARM.Collect$$rtentry$$0000000A  c_w.l(__rtentry2.o)
    0x08000226   0x08000226   0x00000000   Code   RO         5663    .ARM.Collect$$rtentry$$0000000C  c_w.l(__rtentry2.o)
    0x08000226   0x08000226   0x00000008   Code   RO         5664    .ARM.Collect$$rtentry$$0000000D  c_w.l(__rtentry2.o)
    0x0800022e   0x0800022e   0x00000002   Code   RO         5693    .ARM.Collect$$rtexit$$00000000  c_w.l(rtexit.o)
    0x08000230   0x08000230   0x00000000   Code   RO         5749    .ARM.Collect$$rtexit$$00000002  c_w.l(rtexit2.o)
    0x08000230   0x08000230   0x00000004   Code   RO         5750    .ARM.Collect$$rtexit$$00000003  c_w.l(rtexit2.o)
    0x08000234   0x08000234   0x00000006   Code   RO         5751    .ARM.Collect$$rtexit$$00000004  c_w.l(rtexit2.o)
    0x0800023a   0x0800023a   0x00000002   PAD
    0x0800023c   0x0800023c   0x000000de   Code   RO         5484    .emb_text           port.o
    0x0800031a   0x0800031a   0x00000002   PAD
    0x0800031c   0x0800031c   0x00000040   Code   RO            4    .text               startup_stm32l431xx.o
    0x0800035c   0x0800035c   0x000000ee   Code   RO         5563    .text               c_w.l(lludivv7m.o)
    0x0800044a   0x0800044a   0x00000002   PAD
    0x0800044c   0x0800044c   0x00000038   Code   RO         5565    .text               c_w.l(__2snprintf.o)
    0x08000484   0x08000484   0x0000004e   Code   RO         5571    .text               c_w.l(_printf_pad.o)
    0x080004d2   0x080004d2   0x00000052   Code   RO         5573    .text               c_w.l(_printf_str.o)
    0x08000524   0x08000524   0x00000058   Code   RO         5578    .text               c_w.l(_printf_hex_int.o)
    0x0800057c   0x0800057c   0x0000013e   Code   RO         5608    .text               c_w.l(__printf_flags_wp.o)
    0x080006ba   0x080006ba   0x00000024   Code   RO         5619    .text               c_w.l(strstr.o)
    0x080006de   0x080006de   0x0000003e   Code   RO         5621    .text               c_w.l(strlen.o)
    0x0800071c   0x0800071c   0x0000008a   Code   RO         5623    .text               c_w.l(rt_memcpy_v6.o)
    0x080007a6   0x080007a6   0x00000010   Code   RO         5627    .text               c_w.l(aeabi_memset.o)
    0x080007b6   0x080007b6   0x00000044   Code   RO         5629    .text               c_w.l(rt_memclr.o)
    0x080007fa   0x080007fa   0x0000004e   Code   RO         5631    .text               c_w.l(rt_memclr_w.o)
    0x08000848   0x08000848   0x00000080   Code   RO         5633    .text               c_w.l(strcmpv7m.o)
    0x080008c8   0x080008c8   0x00000006   Code   RO         5635    .text               c_w.l(heapauxi.o)
    0x080008ce   0x080008ce   0x000000b2   Code   RO         5644    .text               c_w.l(_printf_intcommon.o)
    0x08000980   0x08000980   0x00000030   Code   RO         5646    .text               c_w.l(_printf_char_common.o)
    0x080009b0   0x080009b0   0x0000000a   Code   RO         5648    .text               c_w.l(_sputc.o)
    0x080009ba   0x080009ba   0x00000010   Code   RO         5650    .text               c_w.l(_snputc.o)
    0x080009ca   0x080009ca   0x0000002c   Code   RO         5652    .text               c_w.l(_printf_char.o)
    0x080009f6   0x080009f6   0x00000064   Code   RO         5655    .text               c_w.l(rt_memcpy_w.o)
    0x08000a5a   0x08000a5a   0x0000004a   Code   RO         5676    .text               c_w.l(sys_stackheap_outer.o)
    0x08000aa4   0x08000aa4   0x00000012   Code   RO         5678    .text               c_w.l(exit.o)
    0x08000ab6   0x08000ab6   0x00000002   PAD
    0x08000ab8   0x08000ab8   0x00000008   Code   RO         5690    .text               c_w.l(libspace.o)
    0x08000ac0   0x08000ac0   0x0000000c   Code   RO         5746    .text               c_w.l(sys_exit.o)
    0x08000acc   0x08000acc   0x00000002   Code   RO         5765    .text               c_w.l(use_no_semi.o)
    0x08000ace   0x08000ace   0x00000000   Code   RO         5767    .text               c_w.l(indicate_semi.o)
    0x08000ace   0x08000ace   0x00000002   PAD
    0x08000ad0   0x08000ad0   0x000000de   Code   RO          242    i.App_BuildBd2ShortMessage  freertos.o
    0x08000bae   0x08000bae   0x00000014   Code   RO          243    i.App_CommandEquals  freertos.o
    0x08000bc2   0x08000bc2   0x00000002   PAD
    0x08000bc4   0x08000bc4   0x00000060   Code   RO          245    i.App_GpioExtiCallback  freertos.o
    0x08000c24   0x08000c24   0x000000cc   Code   RO          246    i.App_HandleBtMessage  freertos.o
    0x08000cf0   0x08000cf0   0x00000012   Code   RO          247    i.App_HandleModuleMessage  freertos.o
    0x08000d02   0x08000d02   0x00000002   PAD
    0x08000d04   0x08000d04   0x00000074   Code   RO          248    i.App_HandlePowerKeyScan  freertos.o
    0x08000d78   0x08000d78   0x000000ac   Code   RO          249    i.App_HandleSosAction  freertos.o
    0x08000e24   0x08000e24   0x00000068   Code   RO          250    i.App_IsGnrmcSentence  freertos.o
    0x08000e8c   0x08000e8c   0x00000076   Code   RO          251    i.App_NormalizeCommand  freertos.o
    0x08000f02   0x08000f02   0x00000002   PAD
    0x08000f04   0x08000f04   0x000000b8   Code   RO          252    i.App_ProcessRxByteFromIsr  freertos.o
    0x08000fbc   0x08000fbc   0x0000006c   Code   RO          253    i.App_QueueLineFromIsr  freertos.o
    0x08001028   0x08001028   0x0000003c   Code   RO          254    i.App_ResetRxState  freertos.o
    0x08001064   0x08001064   0x00000054   Code   RO          255    i.App_RestartRx     freertos.o
    0x080010b8   0x080010b8   0x00000048   Code   RO          256    i.App_SendBt        freertos.o
    0x08001100   0x08001100   0x00000018   Code   RO          257    i.App_SendBtText    freertos.o
    0x08001118   0x08001118   0x00000048   Code   RO          258    i.App_SendRd        freertos.o
    0x08001160   0x08001160   0x000000d4   Code   RO          259    i.App_StartRuntime  freertos.o
    0x08001234   0x08001234   0x000000fc   Code   RO          260    i.App_SwitchMode    freertos.o
    0x08001330   0x08001330   0x00000018   Code   RO          261    i.App_TimerElapsedCallback  freertos.o
    0x08001348   0x08001348   0x00000058   Code   RO          262    i.App_UartErrorCallback  freertos.o
    0x080013a0   0x080013a0   0x00000080   Code   RO          263    i.App_UartRxCallback  freertos.o
    0x08001420   0x08001420   0x00000002   Code   RO          647    i.BusFault_Handler  stm32l4xx_it.o
    0x08001422   0x08001422   0x00000002   Code   RO          648    i.DebugMon_Handler  stm32l4xx_it.o
    0x08001424   0x08001424   0x00000006   Code   RO          649    i.EXTI1_IRQHandler  stm32l4xx_it.o
    0x0800142a   0x0800142a   0x00000006   Code   RO          650    i.EXTI2_IRQHandler  stm32l4xx_it.o
    0x08001430   0x08001430   0x00000004   Code   RO           13    i.Error_Handler     main.o
    0x08001434   0x08001434   0x0000004c   Code   RO         2641    i.HAL_DMA_Abort     stm32l4xx_hal_dma.o
    0x08001480   0x08001480   0x0000004e   Code   RO         2642    i.HAL_DMA_Abort_IT  stm32l4xx_hal_dma.o
    0x080014ce   0x080014ce   0x00000004   Code   RO           14    i.HAL_GPIO_EXTI_Callback  main.o
    0x080014d2   0x080014d2   0x00000002   PAD
    0x080014d4   0x080014d4   0x00000018   Code   RO         2540    i.HAL_GPIO_EXTI_IRQHandler  stm32l4xx_hal_gpio.o
    0x080014ec   0x080014ec   0x000001d6   Code   RO         2541    i.HAL_GPIO_Init     stm32l4xx_hal_gpio.o
    0x080016c2   0x080016c2   0x0000000a   Code   RO         2543    i.HAL_GPIO_ReadPin  stm32l4xx_hal_gpio.o
    0x080016cc   0x080016cc   0x0000000a   Code   RO         2545    i.HAL_GPIO_WritePin  stm32l4xx_hal_gpio.o
    0x080016d6   0x080016d6   0x00000002   PAD
    0x080016d8   0x080016d8   0x0000000c   Code   RO         1822    i.HAL_GetTick       stm32l4xx_hal.o
    0x080016e4   0x080016e4   0x00000010   Code   RO         1828    i.HAL_IncTick       stm32l4xx_hal.o
    0x080016f4   0x080016f4   0x0000001e   Code   RO         1829    i.HAL_Init          stm32l4xx_hal.o
    0x08001712   0x08001712   0x00000002   PAD
    0x08001714   0x08001714   0x00000098   Code   RO          771    i.HAL_InitTick      stm32l4xx_hal_timebase_tim.o
    0x080017ac   0x080017ac   0x00000034   Code   RO          747    i.HAL_MspInit       stm32l4xx_hal_msp.o
    0x080017e0   0x080017e0   0x0000001a   Code   RO         3066    i.HAL_NVIC_EnableIRQ  stm32l4xx_hal_cortex.o
    0x080017fa   0x080017fa   0x00000002   PAD
    0x080017fc   0x080017fc   0x00000040   Code   RO         3072    i.HAL_NVIC_SetPriority  stm32l4xx_hal_cortex.o
    0x0800183c   0x0800183c   0x00000024   Code   RO         3073    i.HAL_NVIC_SetPriorityGrouping  stm32l4xx_hal_cortex.o
    0x08001860   0x08001860   0x00000068   Code   RO         2868    i.HAL_PWREx_ControlVoltageScaling  stm32l4xx_hal_pwr_ex.o
    0x080018c8   0x080018c8   0x00000010   Code   RO         2891    i.HAL_PWREx_GetVoltageRange  stm32l4xx_hal_pwr_ex.o
    0x080018d8   0x080018d8   0x000002ba   Code   RO         2174    i.HAL_RCCEx_PeriphCLKConfig  stm32l4xx_hal_rcc_ex.o
    0x08001b92   0x08001b92   0x00000002   PAD
    0x08001b94   0x08001b94   0x00000144   Code   RO         2046    i.HAL_RCC_ClockConfig  stm32l4xx_hal_rcc.o
    0x08001cd8   0x08001cd8   0x00000040   Code   RO         2049    i.HAL_RCC_GetClockConfig  stm32l4xx_hal_rcc.o
    0x08001d18   0x08001d18   0x00000024   Code   RO         2052    i.HAL_RCC_GetPCLK1Freq  stm32l4xx_hal_rcc.o
    0x08001d3c   0x08001d3c   0x00000024   Code   RO         2053    i.HAL_RCC_GetPCLK2Freq  stm32l4xx_hal_rcc.o
    0x08001d60   0x08001d60   0x000000a4   Code   RO         2055    i.HAL_RCC_GetSysClockFreq  stm32l4xx_hal_rcc.o
    0x08001e04   0x08001e04   0x00000560   Code   RO         2058    i.HAL_RCC_OscConfig  stm32l4xx_hal_rcc.o
    0x08002364   0x08002364   0x00000002   Code   RO         1526    i.HAL_TIMEx_Break2Callback  stm32l4xx_hal_tim_ex.o
    0x08002366   0x08002366   0x00000002   Code   RO         1527    i.HAL_TIMEx_BreakCallback  stm32l4xx_hal_tim_ex.o
    0x08002368   0x08002368   0x00000002   Code   RO         1528    i.HAL_TIMEx_CommutCallback  stm32l4xx_hal_tim_ex.o
    0x0800236a   0x0800236a   0x00000062   Code   RO          812    i.HAL_TIM_Base_Init  stm32l4xx_hal_tim.o
    0x080023cc   0x080023cc   0x0000003c   Code   RO          606    i.HAL_TIM_Base_MspInit  tim.o
    0x08002408   0x08002408   0x00000058   Code   RO          817    i.HAL_TIM_Base_Start_IT  stm32l4xx_hal_tim.o
    0x08002460   0x08002460   0x00000002   Code   RO          846    i.HAL_TIM_IC_CaptureCallback  stm32l4xx_hal_tim.o
    0x08002462   0x08002462   0x0000014a   Code   RO          860    i.HAL_TIM_IRQHandler  stm32l4xx_hal_tim.o
    0x080025ac   0x080025ac   0x00000002   Code   RO          863    i.HAL_TIM_OC_DelayElapsedCallback  stm32l4xx_hal_tim.o
    0x080025ae   0x080025ae   0x00000002   Code   RO          890    i.HAL_TIM_PWM_PulseFinishedCallback  stm32l4xx_hal_tim.o
    0x080025b0   0x080025b0   0x00000020   Code   RO           15    i.HAL_TIM_PeriodElapsedCallback  main.o
    0x080025d0   0x080025d0   0x00000002   Code   RO          903    i.HAL_TIM_TriggerCallback  stm32l4xx_hal_tim.o
    0x080025d2   0x080025d2   0x00000002   Code   RO         3287    i.HAL_UARTEx_RxEventCallback  stm32l4xx_hal_uart.o
    0x080025d4   0x080025d4   0x00000002   Code   RO         3681    i.HAL_UARTEx_WakeupCallback  stm32l4xx_hal_uart_ex.o
    0x080025d6   0x080025d6   0x00000004   Code   RO           16    i.HAL_UART_ErrorCallback  main.o
    0x080025da   0x080025da   0x00000002   PAD
    0x080025dc   0x080025dc   0x000002c8   Code   RO         3306    i.HAL_UART_IRQHandler  stm32l4xx_hal_uart.o
    0x080028a4   0x080028a4   0x00000066   Code   RO         3307    i.HAL_UART_Init     stm32l4xx_hal_uart.o
    0x0800290a   0x0800290a   0x00000002   PAD
    0x0800290c   0x0800290c   0x00000160   Code   RO          552    i.HAL_UART_MspInit  usart.o
    0x08002a6c   0x08002a6c   0x00000048   Code   RO         3312    i.HAL_UART_Receive_IT  stm32l4xx_hal_uart.o
    0x08002ab4   0x08002ab4   0x00000004   Code   RO           17    i.HAL_UART_RxCpltCallback  main.o
    0x08002ab8   0x08002ab8   0x000000b2   Code   RO         3316    i.HAL_UART_Transmit  stm32l4xx_hal_uart.o
    0x08002b6a   0x08002b6a   0x00000002   Code   RO         3319    i.HAL_UART_TxCpltCallback  stm32l4xx_hal_uart.o
    0x08002b6c   0x08002b6c   0x00000002   Code   RO          651    i.HardFault_Handler  stm32l4xx_it.o
    0x08002b6e   0x08002b6e   0x00000002   PAD
    0x08002b70   0x08002b70   0x0000000c   Code   RO          652    i.LPUART1_IRQHandler  stm32l4xx_it.o
    0x08002b7c   0x08002b7c   0x000000b0   Code   RO          264    i.MX_FREERTOS_Init  freertos.o
    0x08002c2c   0x08002c2c   0x000000f0   Code   RO          218    i.MX_GPIO_Init      gpio.o
    0x08002d1c   0x08002d1c   0x0000003c   Code   RO          553    i.MX_LPUART1_UART_Init  usart.o
    0x08002d58   0x08002d58   0x00000038   Code   RO          607    i.MX_TIM16_Init     tim.o
    0x08002d90   0x08002d90   0x0000003c   Code   RO          554    i.MX_USART1_UART_Init  usart.o
    0x08002dcc   0x08002dcc   0x0000003c   Code   RO          555    i.MX_USART3_UART_Init  usart.o
    0x08002e08   0x08002e08   0x00000002   Code   RO          653    i.MemManage_Handler  stm32l4xx_it.o
    0x08002e0a   0x08002e0a   0x00000002   Code   RO          654    i.NMI_Handler       stm32l4xx_it.o
    0x08002e0c   0x08002e0c   0x0000012c   Code   RO         2178    i.RCCEx_PLLSAI1_Config  stm32l4xx_hal_rcc_ex.o
    0x08002f38   0x08002f38   0x0000007c   Code   RO         2059    i.RCC_SetFlashLatencyFromMSIRange  stm32l4xx_hal_rcc.o
    0x08002fb4   0x08002fb4   0x00000028   Code   RO          265    i.StartBtTask       freertos.o
    0x08002fdc   0x08002fdc   0x00000060   Code   RO          266    i.StartDefaultTask  freertos.o
    0x0800303c   0x0800303c   0x0000004c   Code   RO          267    i.StartModuleTask   freertos.o
    0x08003088   0x08003088   0x0000001a   Code   RO         4912    i.SysTick_Handler   cmsis_os2.o
    0x080030a2   0x080030a2   0x00000076   Code   RO           18    i.SystemClock_Config  main.o
    0x08003118   0x08003118   0x00000010   Code   RO         3761    i.SystemInit        system_stm32l4xx.o
    0x08003128   0x08003128   0x0000000c   Code   RO          655    i.TIM1_UP_TIM16_IRQHandler  stm32l4xx_it.o
    0x08003134   0x08003134   0x0000000c   Code   RO          656    i.TIM7_IRQHandler   stm32l4xx_it.o
    0x08003140   0x08003140   0x00000074   Code   RO          905    i.TIM_Base_SetConfig  stm32l4xx_hal_tim.o
    0x080031b4   0x080031b4   0x000000c8   Code   RO         3321    i.UART_AdvFeatureConfig  stm32l4xx_hal_uart.o
    0x0800327c   0x0800327c   0x000000a8   Code   RO         3322    i.UART_CheckIdleState  stm32l4xx_hal_uart.o
    0x08003324   0x08003324   0x0000000a   Code   RO         3323    i.UART_DMAAbortOnError  stm32l4xx_hal_uart.o
    0x0800332e   0x0800332e   0x0000004c   Code   RO         3333    i.UART_EndRxTransfer  stm32l4xx_hal_uart.o
    0x0800337a   0x0800337a   0x00000002   PAD
    0x0800337c   0x0800337c   0x000000c8   Code   RO         3335    i.UART_RxISR_16BIT  stm32l4xx_hal_uart.o
    0x08003444   0x08003444   0x000000c8   Code   RO         3336    i.UART_RxISR_8BIT   stm32l4xx_hal_uart.o
    0x0800350c   0x0800350c   0x00000200   Code   RO         3337    i.UART_SetConfig    stm32l4xx_hal_uart.o
    0x0800370c   0x0800370c   0x000000b8   Code   RO         3339    i.UART_Start_Receive_IT  stm32l4xx_hal_uart.o
    0x080037c4   0x080037c4   0x00000094   Code   RO         3342    i.UART_WaitOnFlagUntilTimeout  stm32l4xx_hal_uart.o
    0x08003858   0x08003858   0x0000000c   Code   RO          657    i.USART1_IRQHandler  stm32l4xx_it.o
    0x08003864   0x08003864   0x0000000c   Code   RO          658    i.USART3_IRQHandler  stm32l4xx_it.o
    0x08003870   0x08003870   0x00000002   Code   RO          659    i.UsageFault_Handler  stm32l4xx_it.o
    0x08003872   0x08003872   0x00000020   Code   RO         3079    i.__NVIC_SetPriority  stm32l4xx_hal_cortex.o
    0x08003892   0x08003892   0x0000000e   Code   RO         5606    i._is_digit         c_w.l(__printf_wp.o)
    0x080038a0   0x080038a0   0x0000002a   Code   RO           19    i.main              main.o
    0x080038ca   0x080038ca   0x0000001a   Code   RO         4914    i.osDelay           cmsis_os2.o
    0x080038e4   0x080038e4   0x00000024   Code   RO         4928    i.osKernelInitialize  cmsis_os2.o
    0x08003908   0x08003908   0x00000038   Code   RO         4931    i.osKernelStart     cmsis_os2.o
    0x08003940   0x08003940   0x00000064   Code   RO         4943    i.osMessageQueueGet  cmsis_os2.o
    0x080039a4   0x080039a4   0x00000058   Code   RO         4948    i.osMessageQueueNew  cmsis_os2.o
    0x080039fc   0x080039fc   0x00000068   Code   RO         4949    i.osMessageQueuePut  cmsis_os2.o
    0x08003a64   0x08003a64   0x00000052   Code   RO         4951    i.osMutexAcquire    cmsis_os2.o
    0x08003ab6   0x08003ab6   0x00000068   Code   RO         4954    i.osMutexNew        cmsis_os2.o
    0x08003b1e   0x08003b1e   0x00000042   Code   RO         4955    i.osMutexRelease    cmsis_os2.o
    0x08003b60   0x08003b60   0x0000005c   Code   RO         4956    i.osSemaphoreAcquire  cmsis_os2.o
    0x08003bbc   0x08003bbc   0x00000098   Code   RO         4959    i.osSemaphoreNew    cmsis_os2.o
    0x08003c54   0x08003c54   0x00000058   Code   RO         4960    i.osSemaphoreRelease  cmsis_os2.o
    0x08003cac   0x08003cac   0x0000008a   Code   RO         4973    i.osThreadNew       cmsis_os2.o
    0x08003d36   0x08003d36   0x00000002   PAD
    0x08003d38   0x08003d38   0x0000005c   Code   RO         4373    i.prvAddCurrentTaskToDelayedList  tasks.o
    0x08003d94   0x08003d94   0x000000d0   Code   RO         4374    i.prvAddNewTaskToReadyList  tasks.o
    0x08003e64   0x08003e64   0x00000058   Code   RO         4738    i.prvCheckForValidListAndQueue  timers.o
    0x08003ebc   0x08003ebc   0x00000026   Code   RO         3970    i.prvCopyDataFromQueue  queue.o
    0x08003ee2   0x08003ee2   0x0000006c   Code   RO         3971    i.prvCopyDataToQueue  queue.o
    0x08003f4e   0x08003f4e   0x00000034   Code   RO         4375    i.prvDeleteTCB      tasks.o
    0x08003f82   0x08003f82   0x00000002   PAD
    0x08003f84   0x08003f84   0x0000004c   Code   RO         5429    i.prvHeapInit       heap_4.o
    0x08003fd0   0x08003fd0   0x00000060   Code   RO         4376    i.prvIdleTask       tasks.o
    0x08004030   0x08004030   0x00000016   Code   RO         3972    i.prvInitialiseMutex  queue.o
    0x08004046   0x08004046   0x00000002   PAD
    0x08004048   0x08004048   0x00000022   Code   RO         3973    i.prvInitialiseNewQueue  queue.o
    0x0800406a   0x0800406a   0x00000002   PAD
    0x0800406c   0x0800406c   0x000000b6   Code   RO         4377    i.prvInitialiseNewTask  tasks.o
    0x08004122   0x08004122   0x00000002   PAD
    0x08004124   0x08004124   0x0000004c   Code   RO         5430    i.prvInsertBlockIntoFreeList  heap_4.o
    0x08004170   0x08004170   0x00000038   Code   RO         4740    i.prvInsertTimerInActiveList  timers.o
    0x080041a8   0x080041a8   0x0000001c   Code   RO         3974    i.prvIsQueueEmpty   queue.o
    0x080041c4   0x080041c4   0x000000fc   Code   RO         4741    i.prvProcessReceivedCommands  timers.o
    0x080042c0   0x080042c0   0x000000c0   Code   RO         4742    i.prvProcessTimerOrBlockTask  timers.o
    0x08004380   0x08004380   0x00000020   Code   RO         4379    i.prvResetNextTaskUnblockTime  tasks.o
    0x080043a0   0x080043a0   0x00000028   Code   RO         4743    i.prvSampleTimeNow  timers.o
    0x080043c8   0x080043c8   0x0000006c   Code   RO         4744    i.prvSwitchTimerLists  timers.o
    0x08004434   0x08004434   0x00000028   Code   RO         5485    i.prvTaskExitError  port.o
    0x0800445c   0x0800445c   0x00000024   Code   RO         4745    i.prvTimerTask      timers.o
    0x08004480   0x08004480   0x0000006a   Code   RO         3975    i.prvUnlockQueue    queue.o
    0x080044ea   0x080044ea   0x00000002   PAD
    0x080044ec   0x080044ec   0x000000dc   Code   RO         5431    i.pvPortMalloc      heap_4.o
    0x080045c8   0x080045c8   0x00000018   Code   RO         4382    i.pvTaskIncrementMutexHeldCount  tasks.o
    0x080045e0   0x080045e0   0x0000002c   Code   RO         5486    i.pxPortInitialiseStack  port.o
    0x0800460c   0x0800460c   0x00000026   Code   RO         3930    i.uxListRemove      list.o
    0x08004632   0x08004632   0x00000002   PAD
    0x08004634   0x08004634   0x00000014   Code   RO         4985    i.vApplicationGetIdleTaskMemory  cmsis_os2.o
    0x08004648   0x08004648   0x00000018   Code   RO         4986    i.vApplicationGetTimerTaskMemory  cmsis_os2.o
    0x08004660   0x08004660   0x00000016   Code   RO         3931    i.vListInitialise   list.o
    0x08004676   0x08004676   0x00000006   Code   RO         3932    i.vListInitialiseItem  list.o
    0x0800467c   0x0800467c   0x00000030   Code   RO         3933    i.vListInsert       list.o
    0x080046ac   0x080046ac   0x00000018   Code   RO         3934    i.vListInsertEnd    list.o
    0x080046c4   0x080046c4   0x00000040   Code   RO         5488    i.vPortEnterCritical  port.o
    0x08004704   0x08004704   0x00000028   Code   RO         5489    i.vPortExitCritical  port.o
    0x0800472c   0x0800472c   0x00000064   Code   RO         5432    i.vPortFree         heap_4.o
    0x08004790   0x08004790   0x00000024   Code   RO         5490    i.vPortSetupTimerInterrupt  port.o
    0x080047b4   0x080047b4   0x00000054   Code   RO         5491    i.vPortValidateInterruptPriority  port.o
    0x08004808   0x08004808   0x00000028   Code   RO         3981    i.vQueueAddToRegistry  queue.o
    0x08004830   0x08004830   0x0000002e   Code   RO         3982    i.vQueueDelete      queue.o
    0x0800485e   0x0800485e   0x00000002   PAD
    0x08004860   0x08004860   0x00000028   Code   RO         3984    i.vQueueUnregisterQueue  queue.o
    0x08004888   0x08004888   0x00000044   Code   RO         3985    i.vQueueWaitForMessageRestricted  queue.o
    0x080048cc   0x080048cc   0x0000004c   Code   RO         4392    i.vTaskDelay        tasks.o
    0x08004918   0x08004918   0x00000010   Code   RO         4397    i.vTaskInternalSetTimeOutState  tasks.o
    0x08004928   0x08004928   0x0000000c   Code   RO         4398    i.vTaskMissedYield  tasks.o
    0x08004934   0x08004934   0x00000030   Code   RO         4400    i.vTaskPlaceOnEventList  tasks.o
    0x08004964   0x08004964   0x00000038   Code   RO         4401    i.vTaskPlaceOnEventListRestricted  tasks.o
    0x0800499c   0x0800499c   0x00000090   Code   RO         4403    i.vTaskPriorityDisinheritAfterTimeout  tasks.o
    0x08004a2c   0x08004a2c   0x00000088   Code   RO         4409    i.vTaskStartScheduler  tasks.o
    0x08004ab4   0x08004ab4   0x00000010   Code   RO         4411    i.vTaskSuspendAll   tasks.o
    0x08004ac4   0x08004ac4   0x00000064   Code   RO         4412    i.vTaskSwitchContext  tasks.o
    0x08004b28   0x08004b28   0x000000f4   Code   RO         5492    i.xPortStartScheduler  port.o
    0x08004c1c   0x08004c1c   0x0000002c   Code   RO         5493    i.xPortSysTickHandler  port.o
    0x08004c48   0x08004c48   0x0000003a   Code   RO         3986    i.xQueueCreateCountingSemaphore  queue.o
    0x08004c82   0x08004c82   0x00000040   Code   RO         3987    i.xQueueCreateCountingSemaphoreStatic  queue.o
    0x08004cc2   0x08004cc2   0x00000016   Code   RO         3988    i.xQueueCreateMutex  queue.o
    0x08004cd8   0x08004cd8   0x0000001a   Code   RO         3989    i.xQueueCreateMutexStatic  queue.o
    0x08004cf2   0x08004cf2   0x00000042   Code   RO         3990    i.xQueueGenericCreate  queue.o
    0x08004d34   0x08004d34   0x00000066   Code   RO         3991    i.xQueueGenericCreateStatic  queue.o
    0x08004d9a   0x08004d9a   0x00000002   PAD
    0x08004d9c   0x08004d9c   0x00000088   Code   RO         3992    i.xQueueGenericReset  queue.o
    0x08004e24   0x08004e24   0x00000160   Code   RO         3993    i.xQueueGenericSend  queue.o
    0x08004f84   0x08004f84   0x000000be   Code   RO         3994    i.xQueueGenericSendFromISR  queue.o
    0x08005042   0x08005042   0x0000009c   Code   RO         3997    i.xQueueGiveFromISR  queue.o
    0x080050de   0x080050de   0x0000003e   Code   RO         3998    i.xQueueGiveMutexRecursive  queue.o
    0x0800511c   0x0800511c   0x00000138   Code   RO         4003    i.xQueueReceive     queue.o
    0x08005254   0x08005254   0x0000009a   Code   RO         4004    i.xQueueReceiveFromISR  queue.o
    0x080052ee   0x080052ee   0x00000002   PAD
    0x080052f0   0x080052f0   0x00000178   Code   RO         4005    i.xQueueSemaphoreTake  queue.o
    0x08005468   0x08005468   0x00000040   Code   RO         4006    i.xQueueTakeMutexRecursive  queue.o
    0x080054a8   0x080054a8   0x00000074   Code   RO         4414    i.xTaskCheckForTimeOut  tasks.o
    0x0800551c   0x0800551c   0x00000060   Code   RO         4415    i.xTaskCreate       tasks.o
    0x0800557c   0x0800557c   0x00000056   Code   RO         4416    i.xTaskCreateStatic  tasks.o
    0x080055d2   0x080055d2   0x00000002   PAD
    0x080055d4   0x080055d4   0x0000000c   Code   RO         4419    i.xTaskGetCurrentTaskHandle  tasks.o
    0x080055e0   0x080055e0   0x0000001c   Code   RO         4420    i.xTaskGetSchedulerState  tasks.o
    0x080055fc   0x080055fc   0x0000000c   Code   RO         4421    i.xTaskGetTickCount  tasks.o
    0x08005608   0x08005608   0x000000c8   Code   RO         4423    i.xTaskIncrementTick  tasks.o
    0x080056d0   0x080056d0   0x00000080   Code   RO         4426    i.xTaskPriorityDisinherit  tasks.o
    0x08005750   0x08005750   0x00000078   Code   RO         4427    i.xTaskPriorityInherit  tasks.o
    0x080057c8   0x080057c8   0x00000070   Code   RO         4428    i.xTaskRemoveFromEventList  tasks.o
    0x08005838   0x08005838   0x000000c4   Code   RO         4429    i.xTaskResumeAll    tasks.o
    0x080058fc   0x080058fc   0x00000060   Code   RO         4754    i.xTimerCreateTimerTask  timers.o
    0x0800595c   0x0800595c   0x00000068   Code   RO         4755    i.xTimerGenericCommand  timers.o
    0x080059c4   0x080059c4   0x0000000a   Code   RO         5761    x$fpl$fpinit        fz_wm.l(fpinit.o)
    0x080059ce   0x080059ce   0x00000002   PAD
    0x080059d0   0x080059d0   0x00000130   Data   RO          269    .constdata          freertos.o
    0x08005b00   0x08005b00   0x00000040   Data   RO         3762    .constdata          system_stm32l4xx.o
    0x08005b40   0x08005b40   0x00000008   Data   RO         3763    .constdata          system_stm32l4xx.o
    0x08005b48   0x08005b48   0x00000028   Data   RO         5579    .constdata          c_w.l(_printf_hex_int.o)
    0x08005b70   0x08005b70   0x00000011   Data   RO         5609    .constdata          c_w.l(__printf_flags_wp.o)
    0x08005b81   0x08005b81   0x00000003   PAD
    0x08005b84   0x08005b84   0x0000008a   Data   RO          270    .conststring        freertos.o
    0x08005c0e   0x08005c0e   0x00000002   PAD
    0x08005c10   0x08005c10   0x00000020   Data   RO         5817    Region$$Table       anon$$obj.o


    Execution Region RW_IRAM2 (Exec base: 0x10000000, Load base: 0x08005d04, Size: 0x00000000, Max: 0x00004000, ABSOLUTE)

    **** No section assigned to this execution region ****


    Execution Region RW_IRAM1 (Exec base: 0x20000000, Load base: 0x08005c30, Size: 0x00004938, Max: 0x0000c000, ABSOLUTE)

    Exec Addr    Load Addr    Size         Type   Attr      Idx    E Section Name        Object

    0x20000000   0x08005c30   0x00000044   Data   RW          271    .data               freertos.o
    0x20000044   0x08005c74   0x0000000c   Data   RW         1846    .data               stm32l4xx_hal.o
    0x20000050   0x08005c80   0x00000004   Data   RW         3764    .data               system_stm32l4xx.o
    0x20000054   0x08005c84   0x0000003c   Data   RW         4432    .data               tasks.o
    0x20000090   0x08005cc0   0x00000014   Data   RW         4763    .data               timers.o
    0x200000a4   0x08005cd4   0x00000004   Data   RW         4988    .data               cmsis_os2.o
    0x200000a8   0x08005cd8   0x00000020   Data   RW         5438    .data               heap_4.o
    0x200000c8   0x08005cf8   0x0000000c   Data   RW         5494    .data               port.o
    0x200000d4        -       0x00000300   Zero   RW          268    .bss                freertos.o
    0x200003d4        -       0x00000198   Zero   RW          556    .bss                usart.o
    0x2000056c        -       0x0000004c   Zero   RW          608    .bss                tim.o
    0x200005b8        -       0x0000004c   Zero   RW          774    .bss                stm32l4xx_hal_timebase_tim.o
    0x20000604        -       0x00000040   Zero   RW         4007    .bss                queue.o
    0x20000644        -       0x000004c4   Zero   RW         4431    .bss                tasks.o
    0x20000b08        -       0x00000118   Zero   RW         4762    .bss                timers.o
    0x20000c20        -       0x000006b8   Zero   RW         4987    .bss                cmsis_os2.o
    0x200012d8        -       0x00003000   Zero   RW         5437    .bss                heap_4.o
    0x200042d8        -       0x00000060   Zero   RW         5691    .bss                c_w.l(libspace.o)
    0x20004338        -       0x00000200   Zero   RW            2    HEAP                startup_stm32l431xx.o
    0x20004538        -       0x00000400   Zero   RW            1    STACK               startup_stm32l431xx.o


==============================================================================

Image component sizes


      Code (inc. data)   RO Data    RW Data    ZI Data      Debug   Object Name

      1202         40          0          4       1720      74361   cmsis_os2.o
         0          0          0          0          0      19464   event_groups.o
      2766        632        442         68        768     614324   freertos.o
       240         14          0          0          0       1015   gpio.o
       472         24          0         32      12288       4883   heap_4.o
       138          0          0          0          0       3558   list.o
       208          6          0          0          0     695012   main.o
       818         82          0         12          0      11533   port.o
      2670         28          0          0         64      30328   queue.o
        64         26        396          0       1536        844   startup_stm32l431xx.o
        58         10          0         12          0      11330   stm32l4xx_hal.o
       158         14          0          0          0      33054   stm32l4xx_hal_cortex.o
       154          0          0          0          0       1787   stm32l4xx_hal_dma.o
       514         36          0          0          0       3570   stm32l4xx_hal_gpio.o
        52          4          0          0          0        870   stm32l4xx_hal_msp.o
       120         20          0          0          0       1370   stm32l4xx_hal_pwr_ex.o
      2124        110          0          0          0       7677   stm32l4xx_hal_rcc.o
       998         32          0          0          0       2940   stm32l4xx_hal_rcc_ex.o
       640         26          0          0          0       6757   stm32l4xx_hal_tim.o
         6          0          0          0          0       2208   stm32l4xx_hal_tim_ex.o
       152         20          0          0         76       1487   stm32l4xx_hal_timebase_tim.o
      2766         86          0          0          0      14260   stm32l4xx_hal_uart.o
         2          0          0          0          0       1032   stm32l4xx_hal_uart_ex.o
        84         30          0          0          0       6101   stm32l4xx_it.o
         0          0          0          0          0        392   stream_buffer.o
        16          4         72          4          0       1193   system_stm32l4xx.o
      2396        198          0         60       1220      30137   tasks.o
       116         18          0          0         76       1612   tim.o
       972         80          0         20        280      32179   timers.o
       532         48          0          0        408       3243   usart.o

    ----------------------------------------------------------------------
     20486       1588        944        212      18436    1618521   Object Totals
         0          0         32          0          0          0   (incl. Generated)
        48          0          2          0          0          0   (incl. Padding)

    ----------------------------------------------------------------------

      Code (inc. data)   RO Data    RW Data    ZI Data      Debug   Library Member Name

        56          6          0          0          0         88   __2snprintf.o
         8          0          0          0          0         68   __main.o
       318          4         17          0          0         92   __printf_flags_wp.o
        14          0          0          0          0         68   __printf_wp.o
         0          0          0          0          0          0   __rtentry.o
        12          0          0          0          0          0   __rtentry2.o
         6          0          0          0          0          0   __rtentry4.o
        52          8          0          0          0          0   __scatter.o
        26          0          0          0          0          0   __scatter_copy.o
        28          0          0          0          0          0   __scatter_zi.o
        44          0          0          0          0        108   _printf_char.o
        48          6          0          0          0         96   _printf_char_common.o
        88          4         40          0          0         88   _printf_hex_int.o
       178          0          0          0          0         88   _printf_intcommon.o
        78          0          0          0          0        108   _printf_pad.o
         0          0          0          0          0          0   _printf_percent.o
         4          0          0          0          0          0   _printf_percent_end.o
         6          0          0          0          0          0   _printf_s.o
        82          0          0          0          0         80   _printf_str.o
         6          0          0          0          0          0   _printf_x.o
        16          0          0          0          0         68   _snputc.o
        10          0          0          0          0         68   _sputc.o
        16          0          0          0          0         68   aeabi_memset.o
        18          0          0          0          0         80   exit.o
         6          0          0          0          0        152   heapauxi.o
         0          0          0          0          0          0   indicate_semi.o
         2          0          0          0          0          0   libinit.o
         6          0          0          0          0          0   libinit2.o
         2          0          0          0          0          0   libshutdown.o
         2          0          0          0          0          0   libshutdown2.o
         8          4          0          0         96         68   libspace.o
       238          0          0          0          0        100   lludivv7m.o
        68          0          0          0          0         68   rt_memclr.o
        78          0          0          0          0         80   rt_memclr_w.o
       138          0          0          0          0         68   rt_memcpy_v6.o
       100          0          0          0          0         80   rt_memcpy_w.o
         2          0          0          0          0          0   rtexit.o
        10          0          0          0          0          0   rtexit2.o
       128          0          0          0          0         68   strcmpv7m.o
        62          0          0          0          0         76   strlen.o
        36          0          0          0          0         80   strstr.o
        12          4          0          0          0         68   sys_exit.o
        74          0          0          0          0         80   sys_stackheap_outer.o
         2          0          0          0          0         68   use_no_semi.o
        10          0          0          0          0        116   fpinit.o

    ----------------------------------------------------------------------
      2110         36         60          0         96       2340   Library Totals
        12          0          3          0          0          0   (incl. Padding)

    ----------------------------------------------------------------------

      Code (inc. data)   RO Data    RW Data    ZI Data      Debug   Library Name

      2088         36         57          0         96       2224   c_w.l
        10          0          0          0          0        116   fz_wm.l

    ----------------------------------------------------------------------
      2110         36         60          0         96       2340   Library Totals

    ----------------------------------------------------------------------

==============================================================================


      Code (inc. data)   RO Data    RW Data    ZI Data      Debug   

     22596       1624       1004        212      18532    1600265   Grand Totals
     22596       1624       1004        212      18532    1600265   ELF Image Totals
     22596       1624       1004        212          0          0   ROM Totals

==============================================================================

    Total RO  Size (Code + RO Data)                23600 (  23.05kB)
    Total RW  Size (RW Data + ZI Data)             18744 (  18.30kB)
    Total ROM Size (Code + RO Data + RW Data)      23812 (  23.25kB)

==============================================================================

