Component: ARM Compiler 5.06 update 5 (build 528) Tool: armlink [4d35e2]

==============================================================================

Section Cross References

    startup_stm32l431xx.o(STACK) refers (Special) to heapauxi.o(.text) for __use_two_region_memory
    startup_stm32l431xx.o(HEAP) refers (Special) to heapauxi.o(.text) for __use_two_region_memory
    startup_stm32l431xx.o(RESET) refers (Special) to heapauxi.o(.text) for __use_two_region_memory
    startup_stm32l431xx.o(RESET) refers to startup_stm32l431xx.o(STACK) for __initial_sp
    startup_stm32l431xx.o(RESET) refers to startup_stm32l431xx.o(.text) for Reset_Handler
    startup_stm32l431xx.o(RESET) refers to stm32l4xx_it.o(i.NMI_Handler) for NMI_Handler
    startup_stm32l431xx.o(RESET) refers to stm32l4xx_it.o(i.HardFault_Handler) for HardFault_Handler
    startup_stm32l431xx.o(RESET) refers to stm32l4xx_it.o(i.MemManage_Handler) for MemManage_Handler
    startup_stm32l431xx.o(RESET) refers to stm32l4xx_it.o(i.BusFault_Handler) for BusFault_Handler
    startup_stm32l431xx.o(RESET) refers to stm32l4xx_it.o(i.UsageFault_Handler) for UsageFault_Handler
    startup_stm32l431xx.o(RESET) refers to port.o(.emb_text) for SVC_Handler
    startup_stm32l431xx.o(RESET) refers to stm32l4xx_it.o(i.DebugMon_Handler) for DebugMon_Handler
    startup_stm32l431xx.o(RESET) refers to cmsis_os2.o(i.SysTick_Handler) for SysTick_Handler
    startup_stm32l431xx.o(RESET) refers to stm32l4xx_it.o(i.EXTI1_IRQHandler) for EXTI1_IRQHandler
    startup_stm32l431xx.o(RESET) refers to stm32l4xx_it.o(i.EXTI2_IRQHandler) for EXTI2_IRQHandler
    startup_stm32l431xx.o(RESET) refers to stm32l4xx_it.o(i.TIM1_UP_TIM16_IRQHandler) for TIM1_UP_TIM16_IRQHandler
    startup_stm32l431xx.o(RESET) refers to stm32l4xx_it.o(i.USART1_IRQHandler) for USART1_IRQHandler
    startup_stm32l431xx.o(RESET) refers to stm32l4xx_it.o(i.USART3_IRQHandler) for USART3_IRQHandler
    startup_stm32l431xx.o(RESET) refers to stm32l4xx_it.o(i.TIM7_IRQHandler) for TIM7_IRQHandler
    startup_stm32l431xx.o(RESET) refers to stm32l4xx_it.o(i.LPUART1_IRQHandler) for LPUART1_IRQHandler
    startup_stm32l431xx.o(.text) refers (Special) to heapauxi.o(.text) for __use_two_region_memory
    startup_stm32l431xx.o(.text) refers to system_stm32l4xx.o(i.SystemInit) for SystemInit
    startup_stm32l431xx.o(.text) refers to __main.o(!!!main) for __main
    startup_stm32l431xx.o(.text) refers to startup_stm32l431xx.o(HEAP) for Heap_Mem
    startup_stm32l431xx.o(.text) refers to startup_stm32l431xx.o(STACK) for Stack_Mem
    main.o(i.HAL_GPIO_EXTI_Callback) refers to freertos.o(i.App_GpioExtiCallback) for App_GpioExtiCallback
    main.o(i.HAL_TIM_PeriodElapsedCallback) refers to stm32l4xx_hal.o(i.HAL_IncTick) for HAL_IncTick
    main.o(i.HAL_TIM_PeriodElapsedCallback) refers to freertos.o(i.App_TimerElapsedCallback) for App_TimerElapsedCallback
    main.o(i.HAL_UART_ErrorCallback) refers to freertos.o(i.App_UartErrorCallback) for App_UartErrorCallback
    main.o(i.HAL_UART_RxCpltCallback) refers to freertos.o(i.App_UartRxCallback) for App_UartRxCallback
    main.o(i.SystemClock_Config) refers to rt_memclr_w.o(.text) for __aeabi_memclr4
    main.o(i.SystemClock_Config) refers to stm32l4xx_hal_pwr_ex.o(i.HAL_PWREx_ControlVoltageScaling) for HAL_PWREx_ControlVoltageScaling
    main.o(i.SystemClock_Config) refers to stm32l4xx_hal_rcc.o(i.HAL_RCC_OscConfig) for HAL_RCC_OscConfig
    main.o(i.SystemClock_Config) refers to stm32l4xx_hal_rcc.o(i.HAL_RCC_ClockConfig) for HAL_RCC_ClockConfig
    main.o(i.main) refers to stm32l4xx_hal.o(i.HAL_Init) for HAL_Init
    main.o(i.main) refers to main.o(i.SystemClock_Config) for SystemClock_Config
    main.o(i.main) refers to gpio.o(i.MX_GPIO_Init) for MX_GPIO_Init
    main.o(i.main) refers to usart.o(i.MX_LPUART1_UART_Init) for MX_LPUART1_UART_Init
    main.o(i.main) refers to usart.o(i.MX_USART3_UART_Init) for MX_USART3_UART_Init
    main.o(i.main) refers to usart.o(i.MX_USART1_UART_Init) for MX_USART1_UART_Init
    main.o(i.main) refers to tim.o(i.MX_TIM16_Init) for MX_TIM16_Init
    main.o(i.main) refers to cmsis_os2.o(i.osKernelInitialize) for osKernelInitialize
    main.o(i.main) refers to freertos.o(i.MX_FREERTOS_Init) for MX_FREERTOS_Init
    main.o(i.main) refers to cmsis_os2.o(i.osKernelStart) for osKernelStart
    gpio.o(i.MX_GPIO_Init) refers to rt_memclr_w.o(.text) for __aeabi_memclr4
    gpio.o(i.MX_GPIO_Init) refers to stm32l4xx_hal_gpio.o(i.HAL_GPIO_WritePin) for HAL_GPIO_WritePin
    gpio.o(i.MX_GPIO_Init) refers to stm32l4xx_hal_gpio.o(i.HAL_GPIO_Init) for HAL_GPIO_Init
    gpio.o(i.MX_GPIO_Init) refers to stm32l4xx_hal_cortex.o(i.HAL_NVIC_SetPriority) for HAL_NVIC_SetPriority
    gpio.o(i.MX_GPIO_Init) refers to stm32l4xx_hal_cortex.o(i.HAL_NVIC_EnableIRQ) for HAL_NVIC_EnableIRQ
    freertos.o(i.App_BuildBd2ShortMessage) refers to _printf_pad.o(.text) for _printf_pre_padding
[...]
    ADC1_IRQHandler                          0x08000353   Thumb Code     0  startup_stm32l431xx.o(.text)
    CAN1_RX0_IRQHandler                      0x08000353   Thumb Code     0  startup_stm32l431xx.o(.text)
    CAN1_RX1_IRQHandler                      0x08000353   Thumb Code     0  startup_stm32l431xx.o(.text)
    CAN1_SCE_IRQHandler                      0x08000353   Thumb Code     0  startup_stm32l431xx.o(.text)
    CAN1_TX_IRQHandler                       0x08000353   Thumb Code     0  startup_stm32l431xx.o(.text)
    COMP_IRQHandler                          0x08000353   Thumb Code     0  startup_stm32l431xx.o(.text)
    CRS_IRQHandler                           0x08000353   Thumb Code     0  startup_stm32l431xx.o(.text)
    DMA1_Channel1_IRQHandler                 0x08000353   Thumb Code     0  startup_stm32l431xx.o(.text)
    DMA1_Channel2_IRQHandler                 0x08000353   Thumb Code     0  startup_stm32l431xx.o(.text)
    DMA1_Channel3_IRQHandler                 0x08000353   Thumb Code     0  startup_stm32l431xx.o(.text)
    DMA1_Channel4_IRQHandler                 0x08000353   Thumb Code     0  startup_stm32l431xx.o(.text)
    DMA1_Channel5_IRQHandler                 0x08000353   Thumb Code     0  startup_stm32l431xx.o(.text)
    DMA1_Channel6_IRQHandler                 0x08000353   Thumb Code     0  startup_stm32l431xx.o(.text)
    DMA1_Channel7_IRQHandler                 0x08000353   Thumb Code     0  startup_stm32l431xx.o(.text)
    DMA2_Channel1_IRQHandler                 0x08000353   Thumb Code     0  startup_stm32l431xx.o(.text)
    DMA2_Channel2_IRQHandler                 0x08000353   Thumb Code     0  startup_stm32l431xx.o(.text)
    DMA2_Channel3_IRQHandler                 0x08000353   Thumb Code     0  startup_stm32l431xx.o(.text)
    DMA2_Channel4_IRQHandler                 0x08000353   Thumb Code     0  startup_stm32l431xx.o(.text)
    DMA2_Channel5_IRQHandler                 0x08000353   Thumb Code     0  startup_stm32l431xx.o(.text)
    DMA2_Channel6_IRQHandler                 0x08000353   Thumb Code     0  startup_stm32l431xx.o(.text)
    DMA2_Channel7_IRQHandler                 0x08000353   Thumb Code     0  startup_stm32l431xx.o(.text)
    EXTI0_IRQHandler                         0x08000353   Thumb Code     0  startup_stm32l431xx.o(.text)
    EXTI15_10_IRQHandler                     0x08000353   Thumb Code     0  startup_stm32l431xx.o(.text)
    EXTI3_IRQHandler                         0x08000353   Thumb Code     0  startup_stm32l431xx.o(.text)
    EXTI4_IRQHandler                         0x08000353   Thumb Code     0  startup_stm32l431xx.o(.text)
    EXTI9_5_IRQHandler                       0x08000353   Thumb Code     0  startup_stm32l431xx.o(.text)
    FLASH_IRQHandler                         0x08000353   Thumb Code     0  startup_stm32l431xx.o(.text)
    FPU_IRQHandler                           0x08000353   Thumb Code     0  startup_stm32l431xx.o(.text)
    I2C1_ER_IRQHandler                       0x08000353   Thumb Code     0  startup_stm32l431xx.o(.text)
    I2C1_EV_IRQHandler                       0x08000353   Thumb Code     0  startup_stm32l431xx.o(.text)
    I2C2_ER_IRQHandler                       0x08000353   Thumb Code     0  startup_stm32l431xx.o(.text)
    I2C2_EV_IRQHandler                       0x08000353   Thumb Code     0  startup_stm32l431xx.o(.text)
    I2C3_ER_IRQHandler                       0x08000353   Thumb Code     0  startup_stm32l431xx.o(.text)
    I2C3_EV_IRQHandler                       0x08000353   Thumb Code     0  startup_stm32l431xx.o(.text)
    LPTIM1_IRQHandler                        0x08000353   Thumb Code     0  startup_stm32l431xx.o(.text)
    LPTIM2_IRQHandler                        0x08000353   Thumb Code     0  startup_stm32l431xx.o(.text)
    PVD_PVM_IRQHandler                       0x08000353   Thumb Code     0  startup_stm32l431xx.o(.text)
    QUADSPI_IRQHandler                       0x08000353   Thumb Code     0  startup_stm32l431xx.o(.text)
    RCC_IRQHandler                           0x08000353   Thumb Code     0  startup_stm32l431xx.o(.text)
    RNG_IRQHandler                           0x08000353   Thumb Code     0  startup_stm32l431xx.o(.text)
    RTC_Alarm_IRQHandler                     0x08000353   Thumb Code     0  startup_stm32l431xx.o(.text)
    RTC_WKUP_IRQHandler                      0x08000353   Thumb Code     0  startup_stm32l431xx.o(.text)
    SAI1_IRQHandler                          0x08000353   Thumb Code     0  startup_stm32l431xx.o(.text)
    SDMMC1_IRQHandler                        0x08000353   Thumb Code     0  startup_stm32l431xx.o(.text)
    SPI1_IRQHandler                          0x08000353   Thumb Code     0  startup_stm32l431xx.o(.text)
    SPI2_IRQHandler                          0x08000353   Thumb Code     0  startup_stm32l431xx.o(.text)
    SPI3_IRQHandler                          0x08000353   Thumb Code     0  startup_stm32l431xx.o(.text)
    SWPMI1_IRQHandler                        0x08000353   Thumb Code     0  startup_stm32l431xx.o(.text)
    TAMP_STAMP_IRQHandler                    0x08000353   Thumb Code     0  startup_stm32l431xx.o(.text)
    TIM1_BRK_TIM15_IRQHandler                0x08000353   Thumb Code     0  startup_stm32l431xx.o(.text)
    TIM1_CC_IRQHandler                       0x08000353   Thumb Code     0  startup_stm32l431xx.o(.text)
    TIM1_TRG_COM_IRQHandler                  0x08000353   Thumb Code     0  startup_stm32l431xx.o(.text)
    TIM2_IRQHandler                          0x08000353   Thumb Code     0  startup_stm32l431xx.o(.text)
    TIM6_DAC_IRQHandler                      0x08000353   Thumb Code     0  startup_stm32l431xx.o(.text)
    TSC_IRQHandler                           0x08000353   Thumb Code     0  startup_stm32l431xx.o(.text)
    USART2_IRQHandler                        0x08000353   Thumb Code     0  startup_stm32l431xx.o(.text)
    WWDG_IRQHandler                          0x08000353   Thumb Code     0  startup_stm32l431xx.o(.text)
    __user_initial_stackheap                 0x08000355   Thumb Code     0  startup_stm32l431xx.o(.text)
    __aeabi_uldivmod                         0x08000379   Thumb Code     0  lludivv7m.o(.text)
    _ll_udiv                                 0x08000379   Thumb Code   238  lludivv7m.o(.text)
    __2snprintf                              0x08000469   Thumb Code    50  __2snprintf.o(.text)
    _printf_pre_padding                      0x080004a1   Thumb Code    44  _printf_pad.o(.text)
    _printf_post_padding                     0x080004cd   Thumb Code    34  _printf_pad.o(.text)
    _printf_str                              0x080004ef   Thumb Code    82  _printf_str.o(.text)
    _printf_int_dec                          0x08000541   Thumb Code   104  _printf_dec.o(.text)
    _printf_int_hex                          0x080005b9   Thumb Code    84  _printf_hex_int.o(.text)
    _printf_longlong_hex                     0x080005b9   Thumb Code     0  _printf_hex_int.o(.text)
    __printf                                 0x08000611   Thumb Code   388  __printf_flags_ss_wp.o(.text)
    strtoul                                  0x0800079f   Thumb Code   114  strtoul.o(.text)
    strstr                                   0x08000817   Thumb Code    36  strstr.o(.text)
    strlen                                   0x0800083b   Thumb Code    62  strlen.o(.text)
    strncmp                                  0x08000879   Thumb Code   150  strncmp.o(.text)
    __aeabi_memcpy                           0x0800090f   Thumb Code     0  rt_memcpy_v6.o(.text)
    __rt_memcpy                              0x0800090f   Thumb Code   138  rt_memcpy_v6.o(.text)
    _memcpy_lastbytes                        0x08000975   Thumb Code     0  rt_memcpy_v6.o(.text)
    __aeabi_memset                           0x08000999   Thumb Code    16  aeabi_memset.o(.text)
    __aeabi_memclr                           0x080009a9   Thumb Code     0  rt_memclr.o(.text)
    __rt_memclr                              0x080009a9   Thumb Code    68  rt_memclr.o(.text)
    _memset                                  0x080009ad   Thumb Code     0  rt_memclr.o(.text)
    __aeabi_memclr4                          0x080009ed   Thumb Code     0  rt_memclr_w.o(.text)
    __aeabi_memclr8                          0x080009ed   Thumb Code     0  rt_memclr_w.o(.text)
    __rt_memclr_w                            0x080009ed   Thumb Code    78  rt_memclr_w.o(.text)
    _memset_w                                0x080009f1   Thumb Code     0  rt_memclr_w.o(.text)
    strncpy                                  0x08000a3b   Thumb Code    86  strncpy.o(.text)
    strcmp                                   0x08000a91   Thumb Code   128  strcmpv7m.o(.text)
    __use_two_region_memory                  0x08000b11   Thumb Code     2  heapauxi.o(.text)
    __rt_heap_escrow$2region                 0x08000b13   Thumb Code     2  heapauxi.o(.text)
    __rt_heap_expand$2region                 0x08000b15   Thumb Code     2  heapauxi.o(.text)
    __rt_ctype_table                         0x08000b19   Thumb Code    16  rt_ctype_table.o(.text)
    __aeabi_errno_addr                       0x08000b29   Thumb Code     8  rt_errno_addr_intlibspace.o(.text)
    __errno$intlibspace                      0x08000b29   Thumb Code     0  rt_errno_addr_intlibspace.o(.text)
    __rt_errno_addr$intlibspace              0x08000b29   Thumb Code     0  rt_errno_addr_intlibspace.o(.text)
    __read_errno                             0x08000b31   Thumb Code    10  _rserrno.o(.text)
    __set_errno                              0x08000b3b   Thumb Code    12  _rserrno.o(.text)
    _printf_int_common                       0x08000b47   Thumb Code   178  _printf_intcommon.o(.text)
    _printf_char_common                      0x08000c03   Thumb Code    32  _printf_char_common.o(.text)
    _sputc                                   0x08000c29   Thumb Code    10  _sputc.o(.text)
    _snputc                                  0x08000c33   Thumb Code    16  _snputc.o(.text)
    _printf_cs_common                        0x08000c43   Thumb Code    20  _printf_char.o(.text)
    _printf_char                             0x08000c57   Thumb Code    16  _printf_char.o(.text)
    _printf_string                           0x08000c67   Thumb Code     8  _printf_char.o(.text)
    _strtoul                                 0x08000c6f   Thumb Code   158  _strtoul.o(.text)
    __aeabi_memcpy4                          0x08000d13   Thumb Code     0  rt_memcpy_w.o(.text)
    __aeabi_memcpy8                          0x08000d13   Thumb Code     0  rt_memcpy_w.o(.text)
    __rt_memcpy_w                            0x08000d13   Thumb Code   100  rt_memcpy_w.o(.text)
    _memcpy_lastbytes_aligned                0x08000d5b   Thumb Code     0  rt_memcpy_w.o(.text)
    __user_libspace                          0x08000d79   Thumb Code     8  libspace.o(.text)
    __user_perproc_libspace                  0x08000d79   Thumb Code     0  libspace.o(.text)
    __user_perthread_libspace                0x08000d79   Thumb Code     0  libspace.o(.text)
    __rt_locale                              0x08000d81   Thumb Code     8  rt_locale_intlibspace.o(.text)
    _chval                                   0x08000d89   Thumb Code    28  _chval.o(.text)
    __user_setup_stackheap                   0x08000da5   Thumb Code    74  sys_stackheap_outer.o(.text)
    exit                                     0x08000def   Thumb Code    18  exit.o(.text)
    _sys_exit                                0x08000e01   Thumb Code     8  sys_exit.o(.text)
    __I$use$semihosting                      0x08000e0d   Thumb Code     0  use_no_semi.o(.text)
    __use_no_semihosting_swi                 0x08000e0d   Thumb Code     2  use_no_semi.o(.text)
    __semihosting_library_function           0x08000e0f   Thumb Code     0  indicate_semi.o(.text)
    AppLocationReport_BuildPacket            0x08000e11   Thumb Code   192  app_location_report.o(i.AppLocationReport_BuildPacket)
    AppLocationReport_DistanceMeters         0x08000ee5   Thumb Code   520  app_location_report.o(i.AppLocationReport_DistanceMeters)
    AppLocationReport_FormatStatus           0x08001135   Thumb Code    72  app_location_report.o(i.AppLocationReport_FormatStatus)
    AppLocationReport_Init                   0x080011e9   Thumb Code    28  app_location_report.o(i.AppLocationReport_Init)
    AppLocationReport_ParseRmc               0x08001209   Thumb Code   224  app_location_report.o(i.AppLocationReport_ParseRmc)
    AppLocationReport_ProcessRmc             0x080012e9   Thumb Code   196  app_location_report.o(i.AppLocationReport_ProcessRmc)
    AppLocationReport_SetDefault             0x080013b1   Thumb Code    24  app_location_report.o(i.AppLocationReport_SetDefault)
    AppLocationReport_SetDistanceMeters      0x080013cd   Thumb Code    34  app_location_report.o(i.AppLocationReport_SetDistanceMeters)
    AppLocationReport_SetTimeMinutes         0x080013f5   Thumb Code    10  app_location_report.o(i.AppLocationReport_SetTimeMinutes)
    AppLocationReport_SetTimeSeconds         0x08001401   Thumb Code    44  app_location_report.o(i.AppLocationReport_SetTimeSeconds)
    App_GpioExtiCallback                     0x0800167d   Thumb Code    86  freertos.o(i.App_GpioExtiCallback)
    App_TimerElapsedCallback                 0x08002841   Thumb Code    18  freertos.o(i.App_TimerElapsedCallback)
    App_UartErrorCallback                    0x08002859   Thumb Code    64  freertos.o(i.App_UartErrorCallback)
    App_UartRxCallback                       0x080028b1   Thumb Code    90  freertos.o(i.App_UartRxCallback)
    BusFault_Handler                         0x08002929   Thumb Code     2  stm32l4xx_it.o(i.BusFault_Handler)
    DebugMon_Handler                         0x0800292b   Thumb Code     2  stm32l4xx_it.o(i.DebugMon_Handler)
    EXTI1_IRQHandler                         0x0800292d   Thumb Code     6  stm32l4xx_it.o(i.EXTI1_IRQHandler)
    EXTI2_IRQHandler                         0x08002933   Thumb Code     6  stm32l4xx_it.o(i.EXTI2_IRQHandler)
    Error_Handler                            0x08002939   Thumb Code     4  main.o(i.Error_Handler)
    HAL_DMA_Abort                            0x0800293d   Thumb Code    76  stm32l4xx_hal_dma.o(i.HAL_DMA_Abort)
    HAL_DMA_Abort_IT                         0x08002989   Thumb Code    78  stm32l4xx_hal_dma.o(i.HAL_DMA_Abort_IT)
    HAL_GPIO_EXTI_Callback                   0x080029d7   Thumb Code     4  main.o(i.HAL_GPIO_EXTI_Callback)
    HAL_GPIO_EXTI_IRQHandler                 0x080029dd   Thumb Code    18  stm32l4xx_hal_gpio.o(i.HAL_GPIO_EXTI_IRQHandler)
    HAL_GPIO_Init                            0x080029f5   Thumb Code   434  stm32l4xx_hal_gpio.o(i.HAL_GPIO_Init)
    HAL_GPIO_ReadPin                         0x08002bcb   Thumb Code    10  stm32l4xx_hal_gpio.o(i.HAL_GPIO_ReadPin)
    HAL_GPIO_WritePin                        0x08002bd5   Thumb Code    10  stm32l4xx_hal_gpio.o(i.HAL_GPIO_WritePin)
    HAL_GetTick                              0x08002be1   Thumb Code     6  stm32l4xx_hal.o(i.HAL_GetTick)
    HAL_IncTick                              0x08002bed   Thumb Code    12  stm32l4xx_hal.o(i.HAL_IncTick)
    HAL_Init                                 0x08002bfd   Thumb Code    30  stm32l4xx_hal.o(i.HAL_Init)
    HAL_InitTick                             0x08002c1d   Thumb Code   132  stm32l4xx_hal_timebase_tim.o(i.HAL_InitTick)
    HAL_MspInit                              0x08002cb5   Thumb Code    48  stm32l4xx_hal_msp.o(i.HAL_MspInit)
    HAL_NVIC_EnableIRQ                       0x08002ce9   Thumb Code    26  stm32l4xx_hal_cortex.o(i.HAL_NVIC_EnableIRQ)
    HAL_NVIC_SetPriority                     0x08002d05   Thumb Code    60  stm32l4xx_hal_cortex.o(i.HAL_NVIC_SetPriority)
    HAL_NVIC_SetPriorityGrouping             0x08002d45   Thumb Code    26  stm32l4xx_hal_cortex.o(i.HAL_NVIC_SetPriorityGrouping)
    HAL_PWREx_ControlVoltageScaling          0x08002d69   Thumb Code    90  stm32l4xx_hal_pwr_ex.o(i.HAL_PWREx_ControlVoltageScaling)
    HAL_PWREx_GetVoltageRange                0x08002dd1   Thumb Code    10  stm32l4xx_hal_pwr_ex.o(i.HAL_PWREx_GetVoltageRange)
    HAL_RCCEx_PeriphCLKConfig                0x08002de1   Thumb Code   682  stm32l4xx_hal_rcc_ex.o(i.HAL_RCCEx_PeriphCLKConfig)
    HAL_RCC_ClockConfig                      0x0800309d   Thumb Code   304  stm32l4xx_hal_rcc.o(i.HAL_RCC_ClockConfig)
    HAL_RCC_GetClockConfig                   0x080031e1   Thumb Code    54  stm32l4xx_hal_rcc.o(i.HAL_RCC_GetClockConfig)
    HAL_RCC_GetPCLK1Freq                     0x08003221   Thumb Code    24  stm32l4xx_hal_rcc.o(i.HAL_RCC_GetPCLK1Freq)
    HAL_RCC_GetPCLK2Freq                     0x08003245   Thumb Code    24  stm32l4xx_hal_rcc.o(i.HAL_RCC_GetPCLK2Freq)
    HAL_RCC_GetSysClockFreq                  0x08003269   Thumb Code   148  stm32l4xx_hal_rcc.o(i.HAL_RCC_GetSysClockFreq)
    HAL_RCC_OscConfig                        0x0800330d   Thumb Code  1366  stm32l4xx_hal_rcc.o(i.HAL_RCC_OscConfig)
    HAL_TIMEx_Break2Callback                 0x0800386d   Thumb Code     2  stm32l4xx_hal_tim_ex.o(i.HAL_TIMEx_Break2Callback)
    HAL_TIMEx_BreakCallback                  0x0800386f   Thumb Code     2  stm32l4xx_hal_tim_ex.o(i.HAL_TIMEx_BreakCallback)
    HAL_TIMEx_CommutCallback                 0x08003871   Thumb Code     2  stm32l4xx_hal_tim_ex.o(i.HAL_TIMEx_CommutCallback)
    HAL_TIM_Base_Init                        0x08003873   Thumb Code    98  stm32l4xx_hal_tim.o(i.HAL_TIM_Base_Init)
    HAL_TIM_Base_MspInit                     0x080038d5   Thumb Code    50  tim.o(i.HAL_TIM_Base_MspInit)
    HAL_TIM_Base_Start_IT                    0x08003911   Thumb Code    76  stm32l4xx_hal_tim.o(i.HAL_TIM_Base_Start_IT)
    HAL_TIM_IC_CaptureCallback               0x08003969   Thumb Code     2  stm32l4xx_hal_tim.o(i.HAL_TIM_IC_CaptureCallback)
    HAL_TIM_IRQHandler                       0x0800396b   Thumb Code   330  stm32l4xx_hal_tim.o(i.HAL_TIM_IRQHandler)
    HAL_TIM_OC_DelayElapsedCallback          0x08003ab5   Thumb Code     2  stm32l4xx_hal_tim.o(i.HAL_TIM_OC_DelayElapsedCallback)
    HAL_TIM_PWM_PulseFinishedCallback        0x08003ab7   Thumb Code     2  stm32l4xx_hal_tim.o(i.HAL_TIM_PWM_PulseFinishedCallback)
    HAL_TIM_PeriodElapsedCallback            0x08003ab9   Thumb Code    26  main.o(i.HAL_TIM_PeriodElapsedCallback)
    HAL_TIM_TriggerCallback                  0x08003ad9   Thumb Code     2  stm32l4xx_hal_tim.o(i.HAL_TIM_TriggerCallback)
    HAL_UARTEx_RxEventCallback               0x08003adb   Thumb Code     2  stm32l4xx_hal_uart.o(i.HAL_UARTEx_RxEventCallback)
    HAL_UARTEx_WakeupCallback                0x08003add   Thumb Code     2  stm32l4xx_hal_uart_ex.o(i.HAL_UARTEx_WakeupCallback)
    HAL_UART_ErrorCallback                   0x08003adf   Thumb Code     4  main.o(i.HAL_UART_ErrorCallback)
    HAL_UART_IRQHandler                      0x08003ae5   Thumb Code   704  stm32l4xx_hal_uart.o(i.HAL_UART_IRQHandler)
    HAL_UART_Init                            0x08003dad   Thumb Code   102  stm32l4xx_hal_uart.o(i.HAL_UART_Init)
    HAL_UART_MspInit                         0x08003e15   Thumb Code   330  usart.o(i.HAL_UART_MspInit)
    HAL_UART_Receive_IT                      0x08003f75   Thumb Code    66  stm32l4xx_hal_uart.o(i.HAL_UART_Receive_IT)
    HAL_UART_RxCpltCallback                  0x08003fbd   Thumb Code     4  main.o(i.HAL_UART_RxCpltCallback)
    HAL_UART_Transmit                        0x08003fc1   Thumb Code   172  stm32l4xx_hal_uart.o(i.HAL_UART_Transmit)
    HAL_UART_TxCpltCallback                  0x08004073   Thumb Code     2  stm32l4xx_hal_uart.o(i.HAL_UART_TxCpltCallback)
    HardFault_Handler                        0x08004075   Thumb Code     2  stm32l4xx_it.o(i.HardFault_Handler)
    LPUART1_IRQHandler                       0x08004079   Thumb Code     6  stm32l4xx_it.o(i.LPUART1_IRQHandler)
    MX_FREERTOS_Init                         0x08004085   Thumb Code   154  freertos.o(i.MX_FREERTOS_Init)
    MX_GPIO_Init                             0x08004135   Thumb Code   226  gpio.o(i.MX_GPIO_Init)
    MX_LPUART1_UART_Init                     0x08004225   Thumb Code    50  usart.o(i.MX_LPUART1_UART_Init)
    MX_TIM16_Init                            0x08004261   Thumb Code    48  tim.o(i.MX_TIM16_Init)
    MX_USART1_UART_Init                      0x08004299   Thumb Code    52  usart.o(i.MX_USART1_UART_Init)
    MX_USART3_UART_Init                      0x080042d5   Thumb Code    52  usart.o(i.MX_USART3_UART_Init)
    MemManage_Handler                        0x08004311   Thumb Code     2  stm32l4xx_it.o(i.MemManage_Handler)
    NMI_Handler                              0x08004313   Thumb Code     2  stm32l4xx_it.o(i.NMI_Handler)
    StartBtTask                              0x080044bd   Thumb Code    36  freertos.o(i.StartBtTask)
    StartDefaultTask                         0x080044e5   Thumb Code   158  freertos.o(i.StartDefaultTask)
    StartModuleTask                          0x080045bd   Thumb Code   174  freertos.o(i.StartModuleTask)
    SysTick_Handler                          0x080046ad   Thumb Code    26  cmsis_os2.o(i.SysTick_Handler)
    SystemClock_Config                       0x080046c7   Thumb Code   118  main.o(i.SystemClock_Config)
    SystemInit                               0x0800473d   Thumb Code    12  system_stm32l4xx.o(i.SystemInit)
    TIM1_UP_TIM16_IRQHandler                 0x0800474d   Thumb Code     6  stm32l4xx_it.o(i.TIM1_UP_TIM16_IRQHandler)
    TIM7_IRQHandler                          0x08004759   Thumb Code     6  stm32l4xx_it.o(i.TIM7_IRQHandler)
    TIM_Base_SetConfig                       0x08004765   Thumb Code   102  stm32l4xx_hal_tim.o(i.TIM_Base_SetConfig)
    UART_AdvFeatureConfig                    0x080047d9   Thumb Code   200  stm32l4xx_hal_uart.o(i.UART_AdvFeatureConfig)
    UART_CheckIdleState                      0x080048a1   Thumb Code   168  stm32l4xx_hal_uart.o(i.UART_CheckIdleState)
    UART_SetConfig                           0x08004b31   Thumb Code   478  stm32l4xx_hal_uart.o(i.UART_SetConfig)
    UART_Start_Receive_IT                    0x08004d31   Thumb Code   174  stm32l4xx_hal_uart.o(i.UART_Start_Receive_IT)
    UART_WaitOnFlagUntilTimeout              0x08004de9   Thumb Code   148  stm32l4xx_hal_uart.o(i.UART_WaitOnFlagUntilTimeout)
    USART1_IRQHandler                        0x08004e7d   Thumb Code     6  stm32l4xx_it.o(i.USART1_IRQHandler)
    USART3_IRQHandler                        0x08004e89   Thumb Code     6  stm32l4xx_it.o(i.USART3_IRQHandler)
    UsageFault_Handler                       0x08004e95   Thumb Code     2  stm32l4xx_it.o(i.UsageFault_Handler)
    __ARM_fpclassify                         0x08004e97   Thumb Code    48  fpclassify.o(i.__ARM_fpclassify)
    __hardfp_atan                            0x08004ee9   Thumb Code   622  atan.o(i.__hardfp_atan)
    __hardfp_atan2                           0x080051c1   Thumb Code   432  atan2.o(i.__hardfp_atan2)
    __hardfp_cos                             0x080053b1   Thumb Code   180  cos.o(i.__hardfp_cos)
    __hardfp_sin                             0x08005479   Thumb Code   180  sin.o(i.__hardfp_sin)
    __hardfp_sqrt                            0x08005541   Thumb Code   122  sqrt.o(i.__hardfp_sqrt)
    __ieee754_rem_pio2                       0x080055c1   Thumb Code   938  rred.o(i.__ieee754_rem_pio2)
    __kernel_cos                             0x08005a01   Thumb Code   322  cos_i.o(i.__kernel_cos)
    __kernel_poly                            0x08005b71   Thumb Code   248  poly.o(i.__kernel_poly)
    __kernel_sin                             0x08005c69   Thumb Code   280  sin_i.o(i.__kernel_sin)
    __mathlib_dbl_infnan                     0x08005db1   Thumb Code    20  dunder.o(i.__mathlib_dbl_infnan)
    __mathlib_dbl_infnan2                    0x08005dc5   Thumb Code    20  dunder.o(i.__mathlib_dbl_infnan2)
    __mathlib_dbl_invalid                    0x08005dd9   Thumb Code    24  dunder.o(i.__mathlib_dbl_invalid)
    __mathlib_dbl_underflow                  0x08005df9   Thumb Code    24  dunder.o(i.__mathlib_dbl_underflow)
    _is_digit                                0x08005e19   Thumb Code    14  __printf_wp.o(i._is_digit)
    atan                                     0x08005e27   Thumb Code    16  atan.o(i.atan)
    fabs                                     0x08005e37   Thumb Code    24  fabs.o(i.fabs)
    main                                     0x08005e4f   Thumb Code    42  main.o(i.main)
    osDelay                                  0x08005e79   Thumb Code    26  cmsis_os2.o(i.osDelay)
    osKernelInitialize                       0x08005e95   Thumb Code    32  cmsis_os2.o(i.osKernelInitialize)
    osKernelStart                            0x08005eb9   Thumb Code    48  cmsis_os2.o(i.osKernelStart)
    osMessageQueueGet                        0x08005ef1   Thumb Code    96  cmsis_os2.o(i.osMessageQueueGet)
    osMessageQueueNew                        0x08005f55   Thumb Code    88  cmsis_os2.o(i.osMessageQueueNew)
    osMessageQueuePut                        0x08005fad   Thumb Code   100  cmsis_os2.o(i.osMessageQueuePut)
    osMutexAcquire                           0x08006015   Thumb Code    82  cmsis_os2.o(i.osMutexAcquire)
    osMutexNew                               0x08006067   Thumb Code   104  cmsis_os2.o(i.osMutexNew)
    osMutexRelease                           0x080060cf   Thumb Code    66  cmsis_os2.o(i.osMutexRelease)
    osSemaphoreAcquire                       0x08006111   Thumb Code    88  cmsis_os2.o(i.osSemaphoreAcquire)
    osSemaphoreNew                           0x0800616d   Thumb Code   152  cmsis_os2.o(i.osSemaphoreNew)
    osSemaphoreRelease                       0x08006205   Thumb Code    82  cmsis_os2.o(i.osSemaphoreRelease)
    osThreadNew                              0x0800625d   Thumb Code   138  cmsis_os2.o(i.osThreadNew)
    pvPortMalloc                             0x08006a9d   Thumb Code   216  heap_4.o(i.pvPortMalloc)
    pvTaskIncrementMutexHeldCount            0x08006b79   Thumb Code    18  tasks.o(i.pvTaskIncrementMutexHeldCount)
    pxPortInitialiseStack                    0x08006b91   Thumb Code    40  port.o(i.pxPortInitialiseStack)
    uxListRemove                             0x08006bbd   Thumb Code    38  list.o(i.uxListRemove)
    vApplicationGetIdleTaskMemory            0x08006be5   Thumb Code    16  cmsis_os2.o(i.vApplicationGetIdleTaskMemory)
    vApplicationGetTimerTaskMemory           0x08006bf9   Thumb Code    18  cmsis_os2.o(i.vApplicationGetTimerTaskMemory)
    vListInitialise                          0x08006c11   Thumb Code    22  list.o(i.vListInitialise)
    vListInitialiseItem                      0x08006c27   Thumb Code     6  list.o(i.vListInitialiseItem)
    vListInsert                              0x08006c2d   Thumb Code    48  list.o(i.vListInsert)
    vListInsertEnd                           0x08006c5d   Thumb Code    24  list.o(i.vListInsertEnd)
    vPortEnterCritical                       0x08006c75   Thumb Code    54  port.o(i.vPortEnterCritical)
    vPortExitCritical                        0x08006cb5   Thumb Code    34  port.o(i.vPortExitCritical)
    vPortFree                                0x08006cdd   Thumb Code    94  heap_4.o(i.vPortFree)
    vPortSetupTimerInterrupt                 0x08006d41   Thumb Code    32  port.o(i.vPortSetupTimerInterrupt)
    vPortValidateInterruptPriority           0x08006d65   Thumb Code    74  port.o(i.vPortValidateInterruptPriority)
    vQueueAddToRegistry                      0x08006db9   Thumb Code    34  queue.o(i.vQueueAddToRegistry)
    vQueueDelete                             0x08006de1   Thumb Code    46  queue.o(i.vQueueDelete)
    vQueueUnregisterQueue                    0x08006e11   Thumb Code    36  queue.o(i.vQueueUnregisterQueue)
    vQueueWaitForMessageRestricted           0x08006e39   Thumb Code    68  queue.o(i.vQueueWaitForMessageRestricted)
    vTaskDelay                               0x08006e7d   Thumb Code    66  tasks.o(i.vTaskDelay)
    vTaskInternalSetTimeOutState             0x08006ec9   Thumb Code    12  tasks.o(i.vTaskInternalSetTimeOutState)
    vTaskMissedYield                         0x08006ed9   Thumb Code     8  tasks.o(i.vTaskMissedYield)
    vTaskPlaceOnEventList                    0x08006ee5   Thumb Code    44  tasks.o(i.vTaskPlaceOnEventList)
    vTaskPlaceOnEventListRestricted          0x08006f15   Thumb Code    52  tasks.o(i.vTaskPlaceOnEventListRestricted)
    vTaskPriorityDisinheritAfterTimeout      0x08006f4d   Thumb Code   134  tasks.o(i.vTaskPriorityDisinheritAfterTimeout)
    vTaskStartScheduler                      0x08006fdd   Thumb Code   118  tasks.o(i.vTaskStartScheduler)
    vTaskSuspendAll                          0x08007065   Thumb Code    10  tasks.o(i.vTaskSuspendAll)
    vTaskSwitchContext                       0x08007075   Thumb Code    90  tasks.o(i.vTaskSwitchContext)
    xPortStartScheduler                      0x080070d9   Thumb Code   222  port.o(i.xPortStartScheduler)
    xPortSysTickHandler                      0x080071cd   Thumb Code    38  port.o(i.xPortSysTickHandler)
    xQueueCreateCountingSemaphore            0x080071f9   Thumb Code    58  queue.o(i.xQueueCreateCountingSemaphore)
    xQueueCreateCountingSemaphoreStatic      0x08007233   Thumb Code    64  queue.o(i.xQueueCreateCountingSemaphoreStatic)
    xQueueCreateMutex                        0x08007273   Thumb Code    22  queue.o(i.xQueueCreateMutex)
    xQueueCreateMutexStatic                  0x08007289   Thumb Code    26  queue.o(i.xQueueCreateMutexStatic)
    xQueueGenericCreate                      0x080072a3   Thumb Code    66  queue.o(i.xQueueGenericCreate)
    xQueueGenericCreateStatic                0x080072e5   Thumb Code   102  queue.o(i.xQueueGenericCreateStatic)
    xQueueGenericReset                       0x0800734d   Thumb Code   132  queue.o(i.xQueueGenericReset)
    xQueueGenericSend                        0x080073d5   Thumb Code   346  queue.o(i.xQueueGenericSend)
    xQueueGenericSendFromISR                 0x08007535   Thumb Code   190  queue.o(i.xQueueGenericSendFromISR)
    xQueueGiveFromISR                        0x080075f3   Thumb Code   156  queue.o(i.xQueueGiveFromISR)
    xQueueGiveMutexRecursive                 0x0800768f   Thumb Code    62  queue.o(i.xQueueGiveMutexRecursive)
    xQueueReceive                            0x080076cd   Thumb Code   308  queue.o(i.xQueueReceive)
    xQueueReceiveFromISR                     0x08007805   Thumb Code   154  queue.o(i.xQueueReceiveFromISR)
    xQueueSemaphoreTake                      0x080078a1   Thumb Code   372  queue.o(i.xQueueSemaphoreTake)
    xQueueTakeMutexRecursive                 0x08007a19   Thumb Code    64  queue.o(i.xQueueTakeMutexRecursive)
    xTaskCheckForTimeOut                     0x08007a59   Thumb Code   112  tasks.o(i.xTaskCheckForTimeOut)
    xTaskCreate                              0x08007acd   Thumb Code    90  tasks.o(i.xTaskCreate)
    xTaskCreateStatic                        0x08007b2d   Thumb Code    86  tasks.o(i.xTaskCreateStatic)
    xTaskGetCurrentTaskHandle                0x08007b85   Thumb Code     6  tasks.o(i.xTaskGetCurrentTaskHandle)
    xTaskGetSchedulerState                   0x08007b91   Thumb Code    22  tasks.o(i.xTaskGetSchedulerState)
    xTaskGetTickCount                        0x08007bad   Thumb Code     6  tasks.o(i.xTaskGetTickCount)
    xTaskIncrementTick                       0x08007bb9   Thumb Code   192  tasks.o(i.xTaskIncrementTick)
    xTaskPriorityDisinherit                  0x08007c81   Thumb Code   118  tasks.o(i.xTaskPriorityDisinherit)
    xTaskPriorityInherit                     0x08007d01   Thumb Code   112  tasks.o(i.xTaskPriorityInherit)
    xTaskRemoveFromEventList                 0x08007d79   Thumb Code    98  tasks.o(i.xTaskRemoveFromEventList)
    xTaskResumeAll                           0x08007de9   Thumb Code   182  tasks.o(i.xTaskResumeAll)
    xTimerCreateTimerTask                    0x08007ead   Thumb Code    78  timers.o(i.xTimerCreateTimerTask)
    xTimerGenericCommand                     0x08007f0d   Thumb Code    98  timers.o(i.xTimerGenericCommand)
    _get_lc_ctype                            0x08007f75   Thumb Code    44  lc_ctype_c.o(locale$$code)
    __aeabi_dneg                             0x08007fa1   Thumb Code     0  basic.o(x$fpl$basic)
    _dneg                                    0x08007fa1   Thumb Code     6  basic.o(x$fpl$basic)
    __aeabi_fneg                             0x08007fa7   Thumb Code     0  basic.o(x$fpl$basic)
    _fneg                                    0x08007fa7   Thumb Code     6  basic.o(x$fpl$basic)
    _dabs                                    0x08007fad   Thumb Code     6  basic.o(x$fpl$basic)
    _fabs                                    0x08007fb3   Thumb Code     6  basic.o(x$fpl$basic)
    __aeabi_dadd                             0x08007fb9   Thumb Code     0  daddsub_clz.o(x$fpl$dadd)
    _dadd                                    0x08007fb9   Thumb Code   332  daddsub_clz.o(x$fpl$dadd)
    __aeabi_ddiv                             0x08008109   Thumb Code     0  ddiv.o(x$fpl$ddiv)
    _ddiv                                    0x08008109   Thumb Code   552  ddiv.o(x$fpl$ddiv)
    __aeabi_d2iz                             0x080083b9   Thumb Code     0  dfix.o(x$fpl$dfix)
    _dfix                                    0x080083b9   Thumb Code    94  dfix.o(x$fpl$dfix)
    __aeabi_d2uiz                            0x08008419   Thumb Code     0  dfixu.o(x$fpl$dfixu)
    _dfixu                                   0x08008419   Thumb Code    90  dfixu.o(x$fpl$dfixu)
    __aeabi_i2d                              0x08008473   Thumb Code     0  dflt_clz.o(x$fpl$dflt)
    _dflt                                    0x08008473   Thumb Code    46  dflt_clz.o(x$fpl$dflt)
    __aeabi_ui2d                             0x080084a1   Thumb Code     0  dflt_clz.o(x$fpl$dfltu)
    _dfltu                                   0x080084a1   Thumb Code    38  dflt_clz.o(x$fpl$dfltu)
    __aeabi_dmul                             0x080084c9   Thumb Code     0  dmul.o(x$fpl$dmul)
    _dmul                                    0x080084c9   Thumb Code   332  dmul.o(x$fpl$dmul)
    __fpl_dnaninf                            0x0800861d   Thumb Code   156  dnaninf.o(x$fpl$dnaninf)
    __fpl_dretinf                            0x080086b9   Thumb Code    12  dretinf.o(x$fpl$dretinf)
    __aeabi_drsub                            0x080086c5   Thumb Code     0  daddsub_clz.o(x$fpl$drsb)
    _drsb                                    0x080086c5   Thumb Code    22  daddsub_clz.o(x$fpl$drsb)
    _dsqrt                                   0x080086dd   Thumb Code   404  dsqrt_umaal.o(x$fpl$dsqrt)
    __aeabi_dsub                             0x08008875   Thumb Code     0  daddsub_clz.o(x$fpl$dsub)
    _dsub                                    0x08008875   Thumb Code   464  daddsub_clz.o(x$fpl$dsub)
    _fp_init                                 0x08008a49   Thumb Code    10  fpinit.o(x$fpl$fpinit)
    __fplib_config_fpu_vfp                   0x08008a51   Thumb Code     0  fpinit.o(x$fpl$fpinit)
    __fplib_config_pureend_doubles           0x08008a51   Thumb Code     0  fpinit.o(x$fpl$fpinit)
    __I$use$fp                               0x08008a52   Number         0  usenofp.o(x$fpl$usenofp)
    defaultTask_attributes                   0x08008aa4   Data          36  freertos.o(.constdata)
    btTask_attributes                        0x08008ac8   Data          36  freertos.o(.constdata)
    moduleTask_attributes                    0x08008aec   Data          36  freertos.o(.constdata)
    btQueue_attributes                       0x08008b10   Data          24  freertos.o(.constdata)
    moduleQueue_attributes                   0x08008b28   Data          24  freertos.o(.constdata)
    rdModeSemaphore_attributes               0x08008b40   Data          16  freertos.o(.constdata)
    rnModeSemaphore_attributes               0x08008b50   Data          16  freertos.o(.constdata)
    safeSemaphore_attributes                 0x08008b60   Data          16  freertos.o(.constdata)
    sosSemaphore_attributes                  0x08008b70   Data          16  freertos.o(.constdata)
    btTxMutex_attributes                     0x08008b80   Data          16  freertos.o(.constdata)
    rdTxMutex_attributes                     0x08008b90   Data          16  freertos.o(.constdata)
    AHBPrescTable                            0x08008ba0   Data          16  system_stm32l4xx.o(.constdata)
    MSIRangeTable                            0x08008bb0   Data          48  system_stm32l4xx.o(.constdata)
    APBPrescTable                            0x08008be0   Data           8  system_stm32l4xx.o(.constdata)
    __mathlib_zero                           0x08008cf0   Data           8  qnan.o(.constdata)
    Region$$Table$$Base                      0x08008e98   Number         0  anon$$obj.o(Region$$Table)
    Region$$Table$$Limit                     0x08008eb8   Number         0  anon$$obj.o(Region$$Table)
    __ctype                                  0x08008ec5   Data           0  lc_ctype_c.o(locale$$data)
    defaultTaskHandle                        0x20000024   Data           4  freertos.o(.data)
    btTaskHandle                             0x20000028   Data           4  freertos.o(.data)
    moduleTaskHandle                         0x2000002c   Data           4  freertos.o(.data)
    btQueueHandle                            0x20000030   Data           4  freertos.o(.data)
    moduleQueueHandle                        0x20000034   Data           4  freertos.o(.data)
    rdModeSemaphoreHandle                    0x20000038   Data           4  freertos.o(.data)
    rnModeSemaphoreHandle                    0x2000003c   Data           4  freertos.o(.data)
    safeSemaphoreHandle                      0x20000040   Data           4  freertos.o(.data)
    sosSemaphoreHandle                       0x20000044   Data           4  freertos.o(.data)
    btTxMutexHandle                          0x20000048   Data           4  freertos.o(.data)
    rdTxMutexHandle                          0x2000004c   Data           4  freertos.o(.data)
    uwTickFreq                               0x20000094   Data           1  stm32l4xx_hal.o(.data)
    uwTickPrio                               0x20000098   Data           4  stm32l4xx_hal.o(.data)
    uwTick                                   0x2000009c   Data           4  stm32l4xx_hal.o(.data)
    SystemCoreClock                          0x200000a0   Data           4  system_stm32l4xx.o(.data)
    pxCurrentTCB                             0x200000a4   Data           4  tasks.o(.data)
    hlpuart1                                 0x20000bcc   Data         136  usart.o(.bss)
    huart1                                   0x20000c54   Data         136  usart.o(.bss)
    huart3                                   0x20000cdc   Data         136  usart.o(.bss)
    htim16                                   0x20000d64   Data          76  tim.o(.bss)
    htim7                                    0x20000db0   Data          76  stm32l4xx_hal_timebase_tim.o(.bss)
    xQueueRegistry                           0x20000dfc   Data          64  queue.o(.bss)
    __libspace_start                         0x20004ad0   Data          96  libspace.o(.bss)
    __temporary_stack_top$libspace           0x20004b30   Data           0  libspace.o(.bss)



==============================================================================

Memory Map of the image

  Image Entry point : 0x0800018d

  Load Region LR_IROM1 (Base: 0x08000000, Size: 0x000090ec, Max: 0x00040000, ABSOLUTE)

    Execution Region ER_IROM1 (Exec base: 0x08000000, Load base: 0x08000000, Size: 0x00008fc8, Max: 0x00040000, ABSOLUTE)

    Exec Addr    Load Addr    Size         Type   Attr      Idx    E Section Name        Object

    0x08000000   0x08000000   0x0000018c   Data   RO            3    RESET               startup_stm32l431xx.o
    0x0800018c   0x0800018c   0x00000008   Code   RO         5778  * !!!main             c_w.l(__main.o)
    0x08000194   0x08000194   0x00000034   Code   RO         6121    !!!scatter          c_w.l(__scatter.o)
    0x080001c8   0x080001c8   0x0000001a   Code   RO         6123    !!handler_copy      c_w.l(__scatter_copy.o)
    0x080001e2   0x080001e2   0x00000002   PAD
    0x080001e4   0x080001e4   0x0000001c   Code   RO         6125    !!handler_zi        c_w.l(__scatter_zi.o)
    0x08000200   0x08000200   0x00000000   Code   RO         5753    .ARM.Collect$$_printf_percent$$00000000  c_w.l(_printf_percent.o)
    0x08000200   0x08000200   0x00000006   Code   RO         5752    .ARM.Collect$$_printf_percent$$0000000A  c_w.l(_printf_u.o)
    0x08000206   0x08000206   0x00000006   Code   RO         5751    .ARM.Collect$$_printf_percent$$0000000C  c_w.l(_printf_x.o)
    0x0800020c   0x0800020c   0x00000006   Code   RO         5749    .ARM.Collect$$_printf_percent$$00000013  c_w.l(_printf_c.o)
    0x08000212   0x08000212   0x00000006   Code   RO         5750    .ARM.Collect$$_printf_percent$$00000014  c_w.l(_printf_s.o)
    0x08000218   0x08000218   0x00000004   Code   RO         5876    .ARM.Collect$$_printf_percent$$00000017  c_w.l(_printf_percent_end.o)
    0x0800021c   0x0800021c   0x00000002   Code   RO         5994    .ARM.Collect$$libinit$$00000000  c_w.l(libinit.o)
    0x0800021e   0x0800021e   0x00000004   Code   RO         5995    .ARM.Collect$$libinit$$00000001  c_w.l(libinit2.o)
    0x08000222   0x08000222   0x00000000   Code   RO         5998    .ARM.Collect$$libinit$$00000004  c_w.l(libinit2.o)
    0x08000222   0x08000222   0x00000000   Code   RO         6001    .ARM.Collect$$libinit$$0000000A  c_w.l(libinit2.o)
    0x08000222   0x08000222   0x00000000   Code   RO         6003    .ARM.Collect$$libinit$$0000000C  c_w.l(libinit2.o)
    0x08000222   0x08000222   0x00000000   Code   RO         6005    .ARM.Collect$$libinit$$0000000E  c_w.l(libinit2.o)
    0x08000222   0x08000222   0x00000006   Code   RO         6006    .ARM.Collect$$libinit$$0000000F  c_w.l(libinit2.o)
    0x08000228   0x08000228   0x00000000   Code   RO         6008    .ARM.Collect$$libinit$$00000011  c_w.l(libinit2.o)
    0x08000228   0x08000228   0x0000000c   Code   RO         6009    .ARM.Collect$$libinit$$00000012  c_w.l(libinit2.o)
    0x08000234   0x08000234   0x00000000   Code   RO         6010    .ARM.Collect$$libinit$$00000013  c_w.l(libinit2.o)
    0x08000234   0x08000234   0x00000000   Code   RO         6012    .ARM.Collect$$libinit$$00000015  c_w.l(libinit2.o)
    0x08000234   0x08000234   0x00000000   Code   RO         6014    .ARM.Collect$$libinit$$00000017  c_w.l(libinit2.o)
    0x08000234   0x08000234   0x00000000   Code   RO         6016    .ARM.Collect$$libinit$$00000019  c_w.l(libinit2.o)
    0x08000234   0x08000234   0x00000000   Code   RO         6018    .ARM.Collect$$libinit$$0000001B  c_w.l(libinit2.o)
    0x08000234   0x08000234   0x00000000   Code   RO         6020    .ARM.Collect$$libinit$$0000001D  c_w.l(libinit2.o)
    0x08000234   0x08000234   0x00000000   Code   RO         6022    .ARM.Collect$$libinit$$0000001F  c_w.l(libinit2.o)
    0x08000234   0x08000234   0x00000000   Code   RO         6024    .ARM.Collect$$libinit$$00000021  c_w.l(libinit2.o)
    0x08000234   0x08000234   0x00000000   Code   RO         6026    .ARM.Collect$$libinit$$00000023  c_w.l(libinit2.o)
    0x08000234   0x08000234   0x00000000   Code   RO         6028    .ARM.Collect$$libinit$$00000025  c_w.l(libinit2.o)
    0x08000234   0x08000234   0x00000000   Code   RO         6032    .ARM.Collect$$libinit$$0000002C  c_w.l(libinit2.o)
    0x08000234   0x08000234   0x00000000   Code   RO         6034    .ARM.Collect$$libinit$$0000002E  c_w.l(libinit2.o)
    0x08000234   0x08000234   0x00000000   Code   RO         6036    .ARM.Collect$$libinit$$00000030  c_w.l(libinit2.o)
    0x08000234   0x08000234   0x00000000   Code   RO         6038    .ARM.Collect$$libinit$$00000032  c_w.l(libinit2.o)
    0x08000234   0x08000234   0x00000002   Code   RO         6039    .ARM.Collect$$libinit$$00000033  c_w.l(libinit2.o)
    0x08000236   0x08000236   0x00000002   Code   RO         6086    .ARM.Collect$$libshutdown$$00000000  c_w.l(libshutdown.o)
    0x08000238   0x08000238   0x00000000   Code   RO         6104    .ARM.Collect$$libshutdown$$00000002  c_w.l(libshutdown2.o)
    0x08000238   0x08000238   0x00000000   Code   RO         6106    .ARM.Collect$$libshutdown$$00000004  c_w.l(libshutdown2.o)
    0x08000238   0x08000238   0x00000000   Code   RO         6109    .ARM.Collect$$libshutdown$$00000007  c_w.l(libshutdown2.o)
    0x08000238   0x08000238   0x00000000   Code   RO         6112    .ARM.Collect$$libshutdown$$0000000A  c_w.l(libshutdown2.o)
    0x08000238   0x08000238   0x00000000   Code   RO         6114    .ARM.Collect$$libshutdown$$0000000C  c_w.l(libshutdown2.o)
    0x08000238   0x08000238   0x00000000   Code   RO         6117    .ARM.Collect$$libshutdown$$0000000F  c_w.l(libshutdown2.o)
    0x08000238   0x08000238   0x00000002   Code   RO         6118    .ARM.Collect$$libshutdown$$00000010  c_w.l(libshutdown2.o)
    0x0800023a   0x0800023a   0x00000000   Code   RO         5852    .ARM.Collect$$rtentry$$00000000  c_w.l(__rtentry.o)
    0x0800023a   0x0800023a   0x00000000   Code   RO         5943    .ARM.Collect$$rtentry$$00000002  c_w.l(__rtentry2.o)
    0x0800023a   0x0800023a   0x00000006   Code   RO         5955    .ARM.Collect$$rtentry$$00000004  c_w.l(__rtentry4.o)
    0x08000240   0x08000240   0x00000000   Code   RO         5945    .ARM.Collect$$rtentry$$00000009  c_w.l(__rtentry2.o)
    0x08000240   0x08000240   0x00000004   Code   RO         5946    .ARM.Collect$$rtentry$$0000000A  c_w.l(__rtentry2.o)
    0x08000244   0x08000244   0x00000000   Code   RO         5948    .ARM.Collect$$rtentry$$0000000C  c_w.l(__rtentry2.o)
    0x08000244   0x08000244   0x00000008   Code   RO         5949    .ARM.Collect$$rtentry$$0000000D  c_w.l(__rtentry2.o)
    0x0800024c   0x0800024c   0x00000002   Code   RO         6040    .ARM.Collect$$rtexit$$00000000  c_w.l(rtexit.o)
    0x0800024e   0x0800024e   0x00000000   Code   RO         6055    .ARM.Collect$$rtexit$$00000002  c_w.l(rtexit2.o)
    0x0800024e   0x0800024e   0x00000004   Code   RO         6056    .ARM.Collect$$rtexit$$00000003  c_w.l(rtexit2.o)
    0x08000252   0x08000252   0x00000006   Code   RO         6057    .ARM.Collect$$rtexit$$00000004  c_w.l(rtexit2.o)
    0x08000258   0x08000258   0x000000de   Code   RO         5615    .emb_text           port.o
    0x08000336   0x08000336   0x00000002   PAD
    0x08000338   0x08000338   0x00000040   Code   RO            4    .text               startup_stm32l431xx.o
    0x08000378   0x08000378   0x000000ee   Code   RO         5694    .text               c_w.l(lludivv7m.o)
    0x08000466   0x08000466   0x00000002   PAD
    0x08000468   0x08000468   0x00000038   Code   RO         5696    .text               c_w.l(__2snprintf.o)
    0x080004a0   0x080004a0   0x0000004e   Code   RO         5702    .text               c_w.l(_printf_pad.o)
    0x080004ee   0x080004ee   0x00000052   Code   RO         5704    .text               c_w.l(_printf_str.o)
    0x08000540   0x08000540   0x00000078   Code   RO         5706    .text               c_w.l(_printf_dec.o)
    0x080005b8   0x080005b8   0x00000058   Code   RO         5711    .text               c_w.l(_printf_hex_int.o)
    0x08000610   0x08000610   0x0000018e   Code   RO         5746    .text               c_w.l(__printf_flags_ss_wp.o)
    0x0800079e   0x0800079e   0x00000078   Code   RO         5754    .text               c_w.l(strtoul.o)
    0x08000816   0x08000816   0x00000024   Code   RO         5756    .text               c_w.l(strstr.o)
    0x0800083a   0x0800083a   0x0000003e   Code   RO         5758    .text               c_w.l(strlen.o)
    0x08000878   0x08000878   0x00000096   Code   RO         5760    .text               c_w.l(strncmp.o)
    0x0800090e   0x0800090e   0x0000008a   Code   RO         5762    .text               c_w.l(rt_memcpy_v6.o)
    0x08000998   0x08000998   0x00000010   Code   RO         5766    .text               c_w.l(aeabi_memset.o)
    0x080009a8   0x080009a8   0x00000044   Code   RO         5768    .text               c_w.l(rt_memclr.o)
    0x080009ec   0x080009ec   0x0000004e   Code   RO         5770    .text               c_w.l(rt_memclr_w.o)
    0x08000a3a   0x08000a3a   0x00000056   Code   RO         5772    .text               c_w.l(strncpy.o)
    0x08000a90   0x08000a90   0x00000080   Code   RO         5774    .text               c_w.l(strcmpv7m.o)
    0x08000b10   0x08000b10   0x00000006   Code   RO         5776    .text               c_w.l(heapauxi.o)
    0x08000b16   0x08000b16   0x00000002   PAD
    0x08000b18   0x08000b18   0x00000010   Code   RO         5853    .text               c_w.l(rt_ctype_table.o)
    0x08000b28   0x08000b28   0x00000008   Code   RO         5862    .text               c_w.l(rt_errno_addr_intlibspace.o)
    0x08000b30   0x08000b30   0x00000016   Code   RO         5864    .text               c_w.l(_rserrno.o)
    0x08000b46   0x08000b46   0x000000b2   Code   RO         5866    .text               c_w.l(_printf_intcommon.o)
    0x08000bf8   0x08000bf8   0x00000030   Code   RO         5868    .text               c_w.l(_printf_char_common.o)
    0x08000c28   0x08000c28   0x0000000a   Code   RO         5870    .text               c_w.l(_sputc.o)
    0x08000c32   0x08000c32   0x00000010   Code   RO         5872    .text               c_w.l(_snputc.o)
    0x08000c42   0x08000c42   0x0000002c   Code   RO         5874    .text               c_w.l(_printf_char.o)
    0x08000c6e   0x08000c6e   0x000000a4   Code   RO         5877    .text               c_w.l(_strtoul.o)
    0x08000d12   0x08000d12   0x00000064   Code   RO         5879    .text               c_w.l(rt_memcpy_w.o)
    0x08000d76   0x08000d76   0x00000002   PAD
    0x08000d78   0x08000d78   0x00000008   Code   RO         5939    .text               c_w.l(libspace.o)
    0x08000d80   0x08000d80   0x00000008   Code   RO         5962    .text               c_w.l(rt_locale_intlibspace.o)
    0x08000d88   0x08000d88   0x0000001c   Code   RO         5966    .text               c_w.l(_chval.o)
    0x08000da4   0x08000da4   0x0000004a   Code   RO         5981    .text               c_w.l(sys_stackheap_outer.o)
    0x08000dee   0x08000dee   0x00000012   Code   RO         5983    .text               c_w.l(exit.o)
    0x08000e00   0x08000e00   0x0000000c   Code   RO         6052    .text               c_w.l(sys_exit.o)
    0x08000e0c   0x08000e0c   0x00000002   Code   RO         6073    .text               c_w.l(use_no_semi.o)
    0x08000e0e   0x08000e0e   0x00000000   Code   RO         6075    .text               c_w.l(indicate_semi.o)
    0x08000e0e   0x08000e0e   0x00000002   PAD
    0x08000e10   0x08000e10   0x000000d4   Code   RO          589    i.AppLocationReport_BuildPacket  app_location_report.o
    0x08000ee4   0x08000ee4   0x00000250   Code   RO          590    i.AppLocationReport_DistanceMeters  app_location_report.o
    0x08001134   0x08001134   0x000000b4   Code   RO          591    i.AppLocationReport_FormatStatus  app_location_report.o
    0x080011e8   0x080011e8   0x00000020   Code   RO          592    i.AppLocationReport_Init  app_location_report.o
    0x08001208   0x08001208   0x000000e0   Code   RO          593    i.AppLocationReport_ParseRmc  app_location_report.o
    0x080012e8   0x080012e8   0x000000c8   Code   RO          594    i.AppLocationReport_ProcessRmc  app_location_report.o
    0x080013b0   0x080013b0   0x0000001c   Code   RO          595    i.AppLocationReport_SetDefault  app_location_report.o
    0x080013cc   0x080013cc   0x00000028   Code   RO          596    i.AppLocationReport_SetDistanceMeters  app_location_report.o
    0x080013f4   0x080013f4   0x0000000a   Code   RO          597    i.AppLocationReport_SetTimeMinutes  app_location_report.o
    0x080013fe   0x080013fe   0x00000002   PAD
    0x08001400   0x08001400   0x00000030   Code   RO          598    i.AppLocationReport_SetTimeSeconds  app_location_report.o
    0x08001430   0x08001430   0x00000058   Code   RO          599    i.AppLocation_GetField  app_location_report.o
    0x08001488   0x08001488   0x00000078   Code   RO          600    i.AppLocation_NmeaToDecimalDeg  app_location_report.o
    0x08001500   0x08001500   0x00000048   Code   RO          601    i.AppLocation_ParseCoordinate  app_location_report.o
    0x08001548   0x08001548   0x0000000e   Code   RO          602    i.AppLocation_ResetWindow  app_location_report.o
    0x08001556   0x08001556   0x00000002   PAD
    0x08001558   0x08001558   0x000000de   Code   RO          242    i.App_BuildBd2ShortMessage  freertos.o
    0x08001636   0x08001636   0x00000014   Code   RO          243    i.App_CommandEquals  freertos.o
    0x0800164a   0x0800164a   0x00000002   PAD
    0x0800164c   0x0800164c   0x00000030   Code   RO          245    i.App_FindPresetMessage  freertos.o
    0x0800167c   0x0800167c   0x00000060   Code   RO          246    i.App_GpioExtiCallback  freertos.o
    0x080016dc   0x080016dc   0x00000388   Code   RO          247    i.App_HandleBtMessage  freertos.o
    0x08001a64   0x08001a64   0x00000218   Code   RO          248    i.App_HandleLoopCommand  freertos.o
    0x08001c7c   0x08001c7c   0x00000012   Code   RO          249    i.App_HandleModuleMessage  freertos.o
    0x08001c8e   0x08001c8e   0x00000002   PAD
    0x08001c90   0x08001c90   0x00000070   Code   RO          250    i.App_HandlePowerKeyScan  freertos.o
    0x08001d00   0x08001d00   0x000002c4   Code   RO          251    i.App_HandleReportCommand  freertos.o
    0x08001fc4   0x08001fc4   0x000000dc   Code   RO          252    i.App_HandleSendCommand  freertos.o
    0x080020a0   0x080020a0   0x000000b4   Code   RO          253    i.App_HandleSosAction  freertos.o
    0x08002154   0x08002154   0x00000068   Code   RO          254    i.App_IsGnrmcSentence  freertos.o
    0x080021bc   0x080021bc   0x00000076   Code   RO          255    i.App_NormalizeCommand  freertos.o
    0x08002232   0x08002232   0x00000002   PAD
    0x08002234   0x08002234   0x000000b8   Code   RO          256    i.App_ProcessRxByteFromIsr  freertos.o
    0x080022ec   0x080022ec   0x0000006c   Code   RO          257    i.App_QueueLineFromIsr  freertos.o
    0x08002358   0x08002358   0x0000003c   Code   RO          258    i.App_ResetRxState  freertos.o
    0x08002394   0x08002394   0x00000054   Code   RO          259    i.App_RestartRx     freertos.o
    0x080023e8   0x080023e8   0x00000044   Code   RO          260    i.App_SendBd2Message  freertos.o
    0x0800242c   0x0800242c   0x00000048   Code   RO          261    i.App_SendBt        freertos.o
    0x08002474   0x08002474   0x00000018   Code   RO          262    i.App_SendBtText    freertos.o
    0x0800248c   0x0800248c   0x00000048   Code   RO          263    i.App_SendRd        freertos.o
    0x080024d4   0x080024d4   0x0000010c   Code   RO          264    i.App_SendRnLocationReport  freertos.o
    0x080025e0   0x080025e0   0x0000005a   Code   RO          265    i.App_SetCardId     freertos.o
    0x0800263a   0x0800263a   0x00000002   PAD
    0x0800263c   0x0800263c   0x000000e4   Code   RO          266    i.App_StartRuntime  freertos.o
    0x08002720   0x08002720   0x00000120   Code   RO          267    i.App_SwitchMode    freertos.o
    0x08002840   0x08002840   0x00000018   Code   RO          268    i.App_TimerElapsedCallback  freertos.o
    0x08002858   0x08002858   0x00000058   Code   RO          269    i.App_UartErrorCallback  freertos.o
    0x080028b0   0x080028b0   0x00000078   Code   RO          270    i.App_UartRxCallback  freertos.o
    0x08002928   0x08002928   0x00000002   Code   RO          778    i.BusFault_Handler  stm32l4xx_it.o
    0x0800292a   0x0800292a   0x00000002   Code   RO          779    i.DebugMon_Handler  stm32l4xx_it.o
    0x0800292c   0x0800292c   0x00000006   Code   RO          780    i.EXTI1_IRQHandler  stm32l4xx_it.o
    0x08002932   0x08002932   0x00000006   Code   RO          781    i.EXTI2_IRQHandler  stm32l4xx_it.o
    0x08002938   0x08002938   0x00000004   Code   RO           13    i.Error_Handler     main.o
    0x0800293c   0x0800293c   0x0000004c   Code   RO         2772    i.HAL_DMA_Abort     stm32l4xx_hal_dma.o
    0x08002988   0x08002988   0x0000004e   Code   RO         2773    i.HAL_DMA_Abort_IT  stm32l4xx_hal_dma.o
    0x080029d6   0x080029d6   0x00000004   Code   RO           14    i.HAL_GPIO_EXTI_Callback  main.o
    0x080029da   0x080029da   0x00000002   PAD
    0x080029dc   0x080029dc   0x00000018   Code   RO         2671    i.HAL_GPIO_EXTI_IRQHandler  stm32l4xx_hal_gpio.o
    0x080029f4   0x080029f4   0x000001d6   Code   RO         2672    i.HAL_GPIO_Init     stm32l4xx_hal_gpio.o
    0x08002bca   0x08002bca   0x0000000a   Code   RO         2674    i.HAL_GPIO_ReadPin  stm32l4xx_hal_gpio.o
    0x08002bd4   0x08002bd4   0x0000000a   Code   RO         2676    i.HAL_GPIO_WritePin  stm32l4xx_hal_gpio.o
    0x08002bde   0x08002bde   0x00000002   PAD
    0x08002be0   0x08002be0   0x0000000c   Code   RO         1953    i.HAL_GetTick       stm32l4xx_hal.o
    0x08002bec   0x08002bec   0x00000010   Code   RO         1959    i.HAL_IncTick       stm32l4xx_hal.o
    0x08002bfc   0x08002bfc   0x0000001e   Code   RO         1960    i.HAL_Init          stm32l4xx_hal.o
    0x08002c1a   0x08002c1a   0x00000002   PAD
    0x08002c1c   0x08002c1c   0x00000098   Code   RO          902    i.HAL_InitTick      stm32l4xx_hal_timebase_tim.o
    0x08002cb4   0x08002cb4   0x00000034   Code   RO          878    i.HAL_MspInit       stm32l4xx_hal_msp.o
    0x08002ce8   0x08002ce8   0x0000001a   Code   RO         3197    i.HAL_NVIC_EnableIRQ  stm32l4xx_hal_cortex.o
    0x08002d02   0x08002d02   0x00000002   PAD
    0x08002d04   0x08002d04   0x00000040   Code   RO         3203    i.HAL_NVIC_SetPriority  stm32l4xx_hal_cortex.o
    0x08002d44   0x08002d44   0x00000024   Code   RO         3204    i.HAL_NVIC_SetPriorityGrouping  stm32l4xx_hal_cortex.o
    0x08002d68   0x08002d68   0x00000068   Code   RO         2999    i.HAL_PWREx_ControlVoltageScaling  stm32l4xx_hal_pwr_ex.o
    0x08002dd0   0x08002dd0   0x00000010   Code   RO         3022    i.HAL_PWREx_GetVoltageRange  stm32l4xx_hal_pwr_ex.o
    0x08002de0   0x08002de0   0x000002ba   Code   RO         2305    i.HAL_RCCEx_PeriphCLKConfig  stm32l4xx_hal_rcc_ex.o
    0x0800309a   0x0800309a   0x00000002   PAD
    0x0800309c   0x0800309c   0x00000144   Code   RO         2177    i.HAL_RCC_ClockConfig  stm32l4xx_hal_rcc.o
    0x080031e0   0x080031e0   0x00000040   Code   RO         2180    i.HAL_RCC_GetClockConfig  stm32l4xx_hal_rcc.o
    0x08003220   0x08003220   0x00000024   Code   RO         2183    i.HAL_RCC_GetPCLK1Freq  stm32l4xx_hal_rcc.o
    0x08003244   0x08003244   0x00000024   Code   RO         2184    i.HAL_RCC_GetPCLK2Freq  stm32l4xx_hal_rcc.o
    0x08003268   0x08003268   0x000000a4   Code   RO         2186    i.HAL_RCC_GetSysClockFreq  stm32l4xx_hal_rcc.o
    0x0800330c   0x0800330c   0x00000560   Code   RO         2189    i.HAL_RCC_OscConfig  stm32l4xx_hal_rcc.o
    0x0800386c   0x0800386c   0x00000002   Code   RO         1657    i.HAL_TIMEx_Break2Callback  stm32l4xx_hal_tim_ex.o
    0x0800386e   0x0800386e   0x00000002   Code   RO         1658    i.HAL_TIMEx_BreakCallback  stm32l4xx_hal_tim_ex.o
    0x08003870   0x08003870   0x00000002   Code   RO         1659    i.HAL_TIMEx_CommutCallback  stm32l4xx_hal_tim_ex.o
    0x08003872   0x08003872   0x00000062   Code   RO          943    i.HAL_TIM_Base_Init  stm32l4xx_hal_tim.o
    0x080038d4   0x080038d4   0x0000003c   Code   RO          737    i.HAL_TIM_Base_MspInit  tim.o
    0x08003910   0x08003910   0x00000058   Code   RO          948    i.HAL_TIM_Base_Start_IT  stm32l4xx_hal_tim.o
    0x08003968   0x08003968   0x00000002   Code   RO          977    i.HAL_TIM_IC_CaptureCallback  stm32l4xx_hal_tim.o
    0x0800396a   0x0800396a   0x0000014a   Code   RO          991    i.HAL_TIM_IRQHandler  stm32l4xx_hal_tim.o
    0x08003ab4   0x08003ab4   0x00000002   Code   RO          994    i.HAL_TIM_OC_DelayElapsedCallback  stm32l4xx_hal_tim.o
    0x08003ab6   0x08003ab6   0x00000002   Code   RO         1021    i.HAL_TIM_PWM_PulseFinishedCallback  stm32l4xx_hal_tim.o
    0x08003ab8   0x08003ab8   0x00000020   Code   RO           15    i.HAL_TIM_PeriodElapsedCallback  main.o
    0x08003ad8   0x08003ad8   0x00000002   Code   RO         1034    i.HAL_TIM_TriggerCallback  stm32l4xx_hal_tim.o
    0x08003ada   0x08003ada   0x00000002   Code   RO         3418    i.HAL_UARTEx_RxEventCallback  stm32l4xx_hal_uart.o
    0x08003adc   0x08003adc   0x00000002   Code   RO         3812    i.HAL_UARTEx_WakeupCallback  stm32l4xx_hal_uart_ex.o
    0x08003ade   0x08003ade   0x00000004   Code   RO           16    i.HAL_UART_ErrorCallback  main.o
    0x08003ae2   0x08003ae2   0x00000002   PAD
    0x08003ae4   0x08003ae4   0x000002c8   Code   RO         3437    i.HAL_UART_IRQHandler  stm32l4xx_hal_uart.o
    0x08003dac   0x08003dac   0x00000066   Code   RO         3438    i.HAL_UART_Init     stm32l4xx_hal_uart.o
    0x08003e12   0x08003e12   0x00000002   PAD
    0x08003e14   0x08003e14   0x00000160   Code   RO          683    i.HAL_UART_MspInit  usart.o
    0x08003f74   0x08003f74   0x00000048   Code   RO         3443    i.HAL_UART_Receive_IT  stm32l4xx_hal_uart.o
    0x08003fbc   0x08003fbc   0x00000004   Code   RO           17    i.HAL_UART_RxCpltCallback  main.o
    0x08003fc0   0x08003fc0   0x000000b2   Code   RO         3447    i.HAL_UART_Transmit  stm32l4xx_hal_uart.o
    0x08004072   0x08004072   0x00000002   Code   RO         3450    i.HAL_UART_TxCpltCallback  stm32l4xx_hal_uart.o
    0x08004074   0x08004074   0x00000002   Code   RO          782    i.HardFault_Handler  stm32l4xx_it.o
    0x08004076   0x08004076   0x00000002   PAD
    0x08004078   0x08004078   0x0000000c   Code   RO          783    i.LPUART1_IRQHandler  stm32l4xx_it.o
    0x08004084   0x08004084   0x000000b0   Code   RO          271    i.MX_FREERTOS_Init  freertos.o
    0x08004134   0x08004134   0x000000f0   Code   RO          218    i.MX_GPIO_Init      gpio.o
    0x08004224   0x08004224   0x0000003c   Code   RO          684    i.MX_LPUART1_UART_Init  usart.o
    0x08004260   0x08004260   0x00000038   Code   RO          738    i.MX_TIM16_Init     tim.o
    0x08004298   0x08004298   0x0000003c   Code   RO          685    i.MX_USART1_UART_Init  usart.o
    0x080042d4   0x080042d4   0x0000003c   Code   RO          686    i.MX_USART3_UART_Init  usart.o
    0x08004310   0x08004310   0x00000002   Code   RO          784    i.MemManage_Handler  stm32l4xx_it.o
    0x08004312   0x08004312   0x00000002   Code   RO          785    i.NMI_Handler       stm32l4xx_it.o
    0x08004314   0x08004314   0x0000012c   Code   RO         2309    i.RCCEx_PLLSAI1_Config  stm32l4xx_hal_rcc_ex.o
    0x08004440   0x08004440   0x0000007c   Code   RO         2190    i.RCC_SetFlashLatencyFromMSIRange  stm32l4xx_hal_rcc.o
    0x080044bc   0x080044bc   0x00000028   Code   RO          272    i.StartBtTask       freertos.o
    0x080044e4   0x080044e4   0x000000d8   Code   RO          273    i.StartDefaultTask  freertos.o
    0x080045bc   0x080045bc   0x000000f0   Code   RO          274    i.StartModuleTask   freertos.o
    0x080046ac   0x080046ac   0x0000001a   Code   RO         5043    i.SysTick_Handler   cmsis_os2.o
    0x080046c6   0x080046c6   0x00000076   Code   RO           18    i.SystemClock_Config  main.o
    0x0800473c   0x0800473c   0x00000010   Code   RO         3892    i.SystemInit        system_stm32l4xx.o
    0x0800474c   0x0800474c   0x0000000c   Code   RO          786    i.TIM1_UP_TIM16_IRQHandler  stm32l4xx_it.o
    0x08004758   0x08004758   0x0000000c   Code   RO          787    i.TIM7_IRQHandler   stm32l4xx_it.o
    0x08004764   0x08004764   0x00000074   Code   RO         1036    i.TIM_Base_SetConfig  stm32l4xx_hal_tim.o
    0x080047d8   0x080047d8   0x000000c8   Code   RO         3452    i.UART_AdvFeatureConfig  stm32l4xx_hal_uart.o
    0x080048a0   0x080048a0   0x000000a8   Code   RO         3453    i.UART_CheckIdleState  stm32l4xx_hal_uart.o
    0x08004948   0x08004948   0x0000000a   Code   RO         3454    i.UART_DMAAbortOnError  stm32l4xx_hal_uart.o
    0x08004952   0x08004952   0x0000004c   Code   RO         3464    i.UART_EndRxTransfer  stm32l4xx_hal_uart.o
    0x0800499e   0x0800499e   0x00000002   PAD
    0x080049a0   0x080049a0   0x000000c8   Code   RO         3466    i.UART_RxISR_16BIT  stm32l4xx_hal_uart.o
    0x08004a68   0x08004a68   0x000000c8   Code   RO         3467    i.UART_RxISR_8BIT   stm32l4xx_hal_uart.o
    0x08004b30   0x08004b30   0x00000200   Code   RO         3468    i.UART_SetConfig    stm32l4xx_hal_uart.o
    0x08004d30   0x08004d30   0x000000b8   Code   RO         3470    i.UART_Start_Receive_IT  stm32l4xx_hal_uart.o
    0x08004de8   0x08004de8   0x00000094   Code   RO         3473    i.UART_WaitOnFlagUntilTimeout  stm32l4xx_hal_uart.o
    0x08004e7c   0x08004e7c   0x0000000c   Code   RO          788    i.USART1_IRQHandler  stm32l4xx_it.o
    0x08004e88   0x08004e88   0x0000000c   Code   RO          789    i.USART3_IRQHandler  stm32l4xx_it.o
    0x08004e94   0x08004e94   0x00000002   Code   RO          790    i.UsageFault_Handler  stm32l4xx_it.o
    0x08004e96   0x08004e96   0x00000030   Code   RO         5977    i.__ARM_fpclassify  m_wm.l(fpclassify.o)
    0x08004ec6   0x08004ec6   0x00000020   Code   RO         3210    i.__NVIC_SetPriority  stm32l4xx_hal_cortex.o
    0x08004ee6   0x08004ee6   0x00000002   PAD
    0x08004ee8   0x08004ee8   0x000002d8   Code   RO         5890    i.__hardfp_atan     m_wm.l(atan.o)
    0x080051c0   0x080051c0   0x000001f0   Code   RO         5804    i.__hardfp_atan2    m_wm.l(atan2.o)
    0x080053b0   0x080053b0   0x000000c8   Code   RO         5816    i.__hardfp_cos      m_wm.l(cos.o)
    0x08005478   0x08005478   0x000000c8   Code   RO         5828    i.__hardfp_sin      m_wm.l(sin.o)
    0x08005540   0x08005540   0x0000007a   Code   RO         5840    i.__hardfp_sqrt     m_wm.l(sqrt.o)
    0x080055ba   0x080055ba   0x00000006   PAD
    0x080055c0   0x080055c0   0x0000043e   Code   RO         5928    i.__ieee754_rem_pio2  m_wm.l(rred.o)
    0x080059fe   0x080059fe   0x00000002   PAD
    0x08005a00   0x08005a00   0x00000170   Code   RO         5904    i.__kernel_cos      m_wm.l(cos_i.o)
    0x08005b70   0x08005b70   0x000000f8   Code   RO         5979    i.__kernel_poly     m_wm.l(poly.o)
    0x08005c68   0x08005c68   0x00000148   Code   RO         5933    i.__kernel_sin      m_wm.l(sin_i.o)
    0x08005db0   0x08005db0   0x00000014   Code   RO         5908    i.__mathlib_dbl_infnan  m_wm.l(dunder.o)
    0x08005dc4   0x08005dc4   0x00000014   Code   RO         5909    i.__mathlib_dbl_infnan2  m_wm.l(dunder.o)
    0x08005dd8   0x08005dd8   0x00000020   Code   RO         5910    i.__mathlib_dbl_invalid  m_wm.l(dunder.o)
    0x08005df8   0x08005df8   0x00000020   Code   RO         5913    i.__mathlib_dbl_underflow  m_wm.l(dunder.o)
    0x08005e18   0x08005e18   0x0000000e   Code   RO         5739    i._is_digit         c_w.l(__printf_wp.o)
    0x08005e26   0x08005e26   0x00000010   Code   RO         5892    i.atan              m_wm.l(atan.o)
    0x08005e36   0x08005e36   0x00000018   Code   RO         5923    i.fabs              m_wm.l(fabs.o)
    0x08005e4e   0x08005e4e   0x0000002a   Code   RO           19    i.main              main.o
    0x08005e78   0x08005e78   0x0000001a   Code   RO         5045    i.osDelay           cmsis_os2.o
    0x08005e92   0x08005e92   0x00000002   PAD
    0x08005e94   0x08005e94   0x00000024   Code   RO         5059    i.osKernelInitialize  cmsis_os2.o
    0x08005eb8   0x08005eb8   0x00000038   Code   RO         5062    i.osKernelStart     cmsis_os2.o
    0x08005ef0   0x08005ef0   0x00000064   Code   RO         5074    i.osMessageQueueGet  cmsis_os2.o
    0x08005f54   0x08005f54   0x00000058   Code   RO         5079    i.osMessageQueueNew  cmsis_os2.o
    0x08005fac   0x08005fac   0x00000068   Code   RO         5080    i.osMessageQueuePut  cmsis_os2.o
    0x08006014   0x08006014   0x00000052   Code   RO         5082    i.osMutexAcquire    cmsis_os2.o
    0x08006066   0x08006066   0x00000068   Code   RO         5085    i.osMutexNew        cmsis_os2.o
    0x080060ce   0x080060ce   0x00000042   Code   RO         5086    i.osMutexRelease    cmsis_os2.o
    0x08006110   0x08006110   0x0000005c   Code   RO         5087    i.osSemaphoreAcquire  cmsis_os2.o
    0x0800616c   0x0800616c   0x00000098   Code   RO         5090    i.osSemaphoreNew    cmsis_os2.o
    0x08006204   0x08006204   0x00000058   Code   RO         5091    i.osSemaphoreRelease  cmsis_os2.o
    0x0800625c   0x0800625c   0x0000008a   Code   RO         5104    i.osThreadNew       cmsis_os2.o
    0x080062e6   0x080062e6   0x00000002   PAD
    0x080062e8   0x080062e8   0x0000005c   Code   RO         4504    i.prvAddCurrentTaskToDelayedList  tasks.o
    0x08006344   0x08006344   0x000000d0   Code   RO         4505    i.prvAddNewTaskToReadyList  tasks.o
    0x08006414   0x08006414   0x00000058   Code   RO         4869    i.prvCheckForValidListAndQueue  timers.o
    0x0800646c   0x0800646c   0x00000026   Code   RO         4101    i.prvCopyDataFromQueue  queue.o
    0x08006492   0x08006492   0x0000006c   Code   RO         4102    i.prvCopyDataToQueue  queue.o
    0x080064fe   0x080064fe   0x00000034   Code   RO         4506    i.prvDeleteTCB      tasks.o
    0x08006532   0x08006532   0x00000002   PAD
    0x08006534   0x08006534   0x0000004c   Code   RO         5560    i.prvHeapInit       heap_4.o
    0x08006580   0x08006580   0x00000060   Code   RO         4507    i.prvIdleTask       tasks.o
    0x080065e0   0x080065e0   0x00000016   Code   RO         4103    i.prvInitialiseMutex  queue.o
    0x080065f6   0x080065f6   0x00000002   PAD
    0x080065f8   0x080065f8   0x00000022   Code   RO         4104    i.prvInitialiseNewQueue  queue.o
    0x0800661a   0x0800661a   0x00000002   PAD
    0x0800661c   0x0800661c   0x000000b6   Code   RO         4508    i.prvInitialiseNewTask  tasks.o
    0x080066d2   0x080066d2   0x00000002   PAD
    0x080066d4   0x080066d4   0x0000004c   Code   RO         5561    i.prvInsertBlockIntoFreeList  heap_4.o
    0x08006720   0x08006720   0x00000038   Code   RO         4871    i.prvInsertTimerInActiveList  timers.o
    0x08006758   0x08006758   0x0000001c   Code   RO         4105    i.prvIsQueueEmpty   queue.o
    0x08006774   0x08006774   0x000000fc   Code   RO         4872    i.prvProcessReceivedCommands  timers.o
    0x08006870   0x08006870   0x000000c0   Code   RO         4873    i.prvProcessTimerOrBlockTask  timers.o
    0x08006930   0x08006930   0x00000020   Code   RO         4510    i.prvResetNextTaskUnblockTime  tasks.o
    0x08006950   0x08006950   0x00000028   Code   RO         4874    i.prvSampleTimeNow  timers.o
    0x08006978   0x08006978   0x0000006c   Code   RO         4875    i.prvSwitchTimerLists  timers.o
    0x080069e4   0x080069e4   0x00000028   Code   RO         5616    i.prvTaskExitError  port.o
    0x08006a0c   0x08006a0c   0x00000024   Code   RO         4876    i.prvTimerTask      timers.o
    0x08006a30   0x08006a30   0x0000006a   Code   RO         4106    i.prvUnlockQueue    queue.o
    0x08006a9a   0x08006a9a   0x00000002   PAD
    0x08006a9c   0x08006a9c   0x000000dc   Code   RO         5562    i.pvPortMalloc      heap_4.o
    0x08006b78   0x08006b78   0x00000018   Code   RO         4513    i.pvTaskIncrementMutexHeldCount  tasks.o
    0x08006b90   0x08006b90   0x0000002c   Code   RO         5617    i.pxPortInitialiseStack  port.o
    0x08006bbc   0x08006bbc   0x00000026   Code   RO         4061    i.uxListRemove      list.o
    0x08006be2   0x08006be2   0x00000002   PAD
    0x08006be4   0x08006be4   0x00000014   Code   RO         5116    i.vApplicationGetIdleTaskMemory  cmsis_os2.o
    0x08006bf8   0x08006bf8   0x00000018   Code   RO         5117    i.vApplicationGetTimerTaskMemory  cmsis_os2.o
    0x08006c10   0x08006c10   0x00000016   Code   RO         4062    i.vListInitialise   list.o
    0x08006c26   0x08006c26   0x00000006   Code   RO         4063    i.vListInitialiseItem  list.o
    0x08006c2c   0x08006c2c   0x00000030   Code   RO         4064    i.vListInsert       list.o
    0x08006c5c   0x08006c5c   0x00000018   Code   RO         4065    i.vListInsertEnd    list.o
    0x08006c74   0x08006c74   0x00000040   Code   RO         5619    i.vPortEnterCritical  port.o
    0x08006cb4   0x08006cb4   0x00000028   Code   RO         5620    i.vPortExitCritical  port.o
    0x08006cdc   0x08006cdc   0x00000064   Code   RO         5563    i.vPortFree         heap_4.o
    0x08006d40   0x08006d40   0x00000024   Code   RO         5621    i.vPortSetupTimerInterrupt  port.o
    0x08006d64   0x08006d64   0x00000054   Code   RO         5622    i.vPortValidateInterruptPriority  port.o
    0x08006db8   0x08006db8   0x00000028   Code   RO         4112    i.vQueueAddToRegistry  queue.o
    0x08006de0   0x08006de0   0x0000002e   Code   RO         4113    i.vQueueDelete      queue.o
    0x08006e0e   0x08006e0e   0x00000002   PAD
    0x08006e10   0x08006e10   0x00000028   Code   RO         4115    i.vQueueUnregisterQueue  queue.o
    0x08006e38   0x08006e38   0x00000044   Code   RO         4116    i.vQueueWaitForMessageRestricted  queue.o
    0x08006e7c   0x08006e7c   0x0000004c   Code   RO         4523    i.vTaskDelay        tasks.o
    0x08006ec8   0x08006ec8   0x00000010   Code   RO         4528    i.vTaskInternalSetTimeOutState  tasks.o
    0x08006ed8   0x08006ed8   0x0000000c   Code   RO         4529    i.vTaskMissedYield  tasks.o
    0x08006ee4   0x08006ee4   0x00000030   Code   RO         4531    i.vTaskPlaceOnEventList  tasks.o
    0x08006f14   0x08006f14   0x00000038   Code   RO         4532    i.vTaskPlaceOnEventListRestricted  tasks.o
    0x08006f4c   0x08006f4c   0x00000090   Code   RO         4534    i.vTaskPriorityDisinheritAfterTimeout  tasks.o
    0x08006fdc   0x08006fdc   0x00000088   Code   RO         4540    i.vTaskStartScheduler  tasks.o
    0x08007064   0x08007064   0x00000010   Code   RO         4542    i.vTaskSuspendAll   tasks.o
    0x08007074   0x08007074   0x00000064   Code   RO         4543    i.vTaskSwitchContext  tasks.o
    0x080070d8   0x080070d8   0x000000f4   Code   RO         5623    i.xPortStartScheduler  port.o
    0x080071cc   0x080071cc   0x0000002c   Code   RO         5624    i.xPortSysTickHandler  port.o
    0x080071f8   0x080071f8   0x0000003a   Code   RO         4117    i.xQueueCreateCountingSemaphore  queue.o
    0x08007232   0x08007232   0x00000040   Code   RO         4118    i.xQueueCreateCountingSemaphoreStatic  queue.o
    0x08007272   0x08007272   0x00000016   Code   RO         4119    i.xQueueCreateMutex  queue.o
    0x08007288   0x08007288   0x0000001a   Code   RO         4120    i.xQueueCreateMutexStatic  queue.o
    0x080072a2   0x080072a2   0x00000042   Code   RO         4121    i.xQueueGenericCreate  queue.o
    0x080072e4   0x080072e4   0x00000066   Code   RO         4122    i.xQueueGenericCreateStatic  queue.o
    0x0800734a   0x0800734a   0x00000002   PAD
    0x0800734c   0x0800734c   0x00000088   Code   RO         4123    i.xQueueGenericReset  queue.o
    0x080073d4   0x080073d4   0x00000160   Code   RO         4124    i.xQueueGenericSend  queue.o
    0x08007534   0x08007534   0x000000be   Code   RO         4125    i.xQueueGenericSendFromISR  queue.o
    0x080075f2   0x080075f2   0x0000009c   Code   RO         4128    i.xQueueGiveFromISR  queue.o
    0x0800768e   0x0800768e   0x0000003e   Code   RO         4129    i.xQueueGiveMutexRecursive  queue.o
    0x080076cc   0x080076cc   0x00000138   Code   RO         4134    i.xQueueReceive     queue.o
    0x08007804   0x08007804   0x0000009a   Code   RO         4135    i.xQueueReceiveFromISR  queue.o
    0x0800789e   0x0800789e   0x00000002   PAD
    0x080078a0   0x080078a0   0x00000178   Code   RO         4136    i.xQueueSemaphoreTake  queue.o
    0x08007a18   0x08007a18   0x00000040   Code   RO         4137    i.xQueueTakeMutexRecursive  queue.o
    0x08007a58   0x08007a58   0x00000074   Code   RO         4545    i.xTaskCheckForTimeOut  tasks.o
    0x08007acc   0x08007acc   0x00000060   Code   RO         4546    i.xTaskCreate       tasks.o
    0x08007b2c   0x08007b2c   0x00000056   Code   RO         4547    i.xTaskCreateStatic  tasks.o
    0x08007b82   0x08007b82   0x00000002   PAD
    0x08007b84   0x08007b84   0x0000000c   Code   RO         4550    i.xTaskGetCurrentTaskHandle  tasks.o
    0x08007b90   0x08007b90   0x0000001c   Code   RO         4551    i.xTaskGetSchedulerState  tasks.o
    0x08007bac   0x08007bac   0x0000000c   Code   RO         4552    i.xTaskGetTickCount  tasks.o
    0x08007bb8   0x08007bb8   0x000000c8   Code   RO         4554    i.xTaskIncrementTick  tasks.o
    0x08007c80   0x08007c80   0x00000080   Code   RO         4557    i.xTaskPriorityDisinherit  tasks.o
    0x08007d00   0x08007d00   0x00000078   Code   RO         4558    i.xTaskPriorityInherit  tasks.o
    0x08007d78   0x08007d78   0x00000070   Code   RO         4559    i.xTaskRemoveFromEventList  tasks.o
    0x08007de8   0x08007de8   0x000000c4   Code   RO         4560    i.xTaskResumeAll    tasks.o
    0x08007eac   0x08007eac   0x00000060   Code   RO         4885    i.xTimerCreateTimerTask  timers.o
    0x08007f0c   0x08007f0c   0x00000068   Code   RO         4886    i.xTimerGenericCommand  timers.o
    0x08007f74   0x08007f74   0x0000002c   Code   RO         5969    locale$$code        c_w.l(lc_ctype_c.o)
    0x08007fa0   0x08007fa0   0x00000018   Code   RO         5780    x$fpl$basic         fz_wm.l(basic.o)
    0x08007fb8   0x08007fb8   0x00000150   Code   RO         5782    x$fpl$dadd          fz_wm.l(daddsub_clz.o)
    0x08008108   0x08008108   0x000002b0   Code   RO         5789    x$fpl$ddiv          fz_wm.l(ddiv.o)
    0x080083b8   0x080083b8   0x0000005e   Code   RO         5973    x$fpl$dfix          fz_wm.l(dfix.o)
    0x08008416   0x08008416   0x00000002   PAD
    0x08008418   0x08008418   0x0000005a   Code   RO         5792    x$fpl$dfixu         fz_wm.l(dfixu.o)
    0x08008472   0x08008472   0x0000002e   Code   RO         5797    x$fpl$dflt          fz_wm.l(dflt_clz.o)
    0x080084a0   0x080084a0   0x00000026   Code   RO         5796    x$fpl$dfltu         fz_wm.l(dflt_clz.o)
    0x080084c6   0x080084c6   0x00000002   PAD
    0x080084c8   0x080084c8   0x00000154   Code   RO         5802    x$fpl$dmul          fz_wm.l(dmul.o)
    0x0800861c   0x0800861c   0x0000009c   Code   RO         5883    x$fpl$dnaninf       fz_wm.l(dnaninf.o)
    0x080086b8   0x080086b8   0x0000000c   Code   RO         5885    x$fpl$dretinf       fz_wm.l(dretinf.o)
    0x080086c4   0x080086c4   0x00000016   Code   RO         5783    x$fpl$drsb          fz_wm.l(daddsub_clz.o)
    0x080086da   0x080086da   0x00000002   PAD
    0x080086dc   0x080086dc   0x00000198   Code   RO         5887    x$fpl$dsqrt         fz_wm.l(dsqrt_umaal.o)
    0x08008874   0x08008874   0x000001d4   Code   RO         5784    x$fpl$dsub          fz_wm.l(daddsub_clz.o)
    0x08008a48   0x08008a48   0x0000000a   Code   RO         6050    x$fpl$fpinit        fz_wm.l(fpinit.o)
    0x08008a52   0x08008a52   0x00000000   Code   RO         5889    x$fpl$usenofp       fz_wm.l(usenofp.o)
    0x08008a52   0x08008a52   0x00000002   PAD
    0x08008a54   0x08008a54   0x0000014c   Data   RO          276    .constdata          freertos.o
    0x08008ba0   0x08008ba0   0x00000040   Data   RO         3893    .constdata          system_stm32l4xx.o
    0x08008be0   0x08008be0   0x00000008   Data   RO         3894    .constdata          system_stm32l4xx.o
    0x08008be8   0x08008be8   0x00000028   Data   RO         5712    .constdata          c_w.l(_printf_hex_int.o)
    0x08008c10   0x08008c10   0x00000011   Data   RO         5747    .constdata          c_w.l(__printf_flags_ss_wp.o)
    0x08008c21   0x08008c21   0x00000007   PAD
    0x08008c28   0x08008c28   0x00000098   Data   RO         5893    .constdata          m_wm.l(atan.o)
    0x08008cc0   0x08008cc0   0x00000030   Data   RO         5905    .constdata          m_wm.l(cos_i.o)
    0x08008cf0   0x08008cf0   0x00000008   Data   RO         5927    .constdata          m_wm.l(qnan.o)
    0x08008cf8   0x08008cf8   0x000000c8   Data   RO         5930    .constdata          m_wm.l(rred.o)
    0x08008dc0   0x08008dc0   0x00000028   Data   RO         5934    .constdata          m_wm.l(sin_i.o)
    0x08008de8   0x08008de8   0x000000ae   Data   RO          277    .conststring        freertos.o
    0x08008e96   0x08008e96   0x00000002   PAD
    0x08008e98   0x08008e98   0x00000020   Data   RO         6119    Region$$Table       anon$$obj.o
    0x08008eb8   0x08008eb8   0x00000110   Data   RO         5968    locale$$data        c_w.l(lc_ctype_c.o)


    Execution Region RW_IRAM2 (Exec base: 0x10000000, Load base: 0x080090ec, Size: 0x00000000, Max: 0x00004000, ABSOLUTE)

    **** No section assigned to this execution region ****


    Execution Region RW_IRAM1 (Exec base: 0x20000000, Load base: 0x08008fc8, Size: 0x00005130, Max: 0x0000c000, ABSOLUTE)

    Exec Addr    Load Addr    Size         Type   Attr      Idx    E Section Name        Object

    0x20000000   0x08008fc8   0x00000091   Data   RW          278    .data               freertos.o
    0x20000091   0x08009059   0x00000003   PAD
    0x20000094   0x0800905c   0x0000000c   Data   RW         1977    .data               stm32l4xx_hal.o
    0x200000a0   0x08009068   0x00000004   Data   RW         3895    .data               system_stm32l4xx.o
    0x200000a4   0x0800906c   0x0000003c   Data   RW         4563    .data               tasks.o
    0x200000e0   0x080090a8   0x00000014   Data   RW         4894    .data               timers.o
    0x200000f4   0x080090bc   0x00000004   Data   RW         5119    .data               cmsis_os2.o
    0x200000f8   0x080090c0   0x00000020   Data   RW         5569    .data               heap_4.o
    0x20000118   0x080090e0   0x0000000c   Data   RW         5625    .data               port.o
    0x20000124        -       0x00000aa8   Zero   RW          275    .bss                freertos.o
    0x20000bcc        -       0x00000198   Zero   RW          687    .bss                usart.o
    0x20000d64        -       0x0000004c   Zero   RW          739    .bss                tim.o
    0x20000db0        -       0x0000004c   Zero   RW          905    .bss                stm32l4xx_hal_timebase_tim.o
    0x20000dfc        -       0x00000040   Zero   RW         4138    .bss                queue.o
    0x20000e3c        -       0x000004c4   Zero   RW         4562    .bss                tasks.o
    0x20001300        -       0x00000118   Zero   RW         4893    .bss                timers.o
    0x20001418        -       0x000006b8   Zero   RW         5118    .bss                cmsis_os2.o
    0x20001ad0        -       0x00003000   Zero   RW         5568    .bss                heap_4.o
    0x20004ad0        -       0x00000060   Zero   RW         5940    .bss                c_w.l(libspace.o)
    0x20004b30        -       0x00000200   Zero   RW            2    HEAP                startup_stm32l431xx.o
    0x20004d30        -       0x00000400   Zero   RW            1    STACK               startup_stm32l431xx.o


==============================================================================

Image component sizes


      Code (inc. data)   RO Data    RW Data    ZI Data      Debug   Object Name

      1860        220          0          0          0      12932   app_location_report.o
      1202         40          0          4       1720      74361   cmsis_os2.o
         0          0          0          0          0      19464   event_groups.o
      5736       2040        506        145       2728     622528   freertos.o
       240         14          0          0          0       1015   gpio.o
       472         24          0         32      12288       4883   heap_4.o
       138          0          0          0          0       3558   list.o
       208          6          0          0          0     695012   main.o
       818         82          0         12          0      11533   port.o
      2670         28          0          0         64      30328   queue.o
        64         26        396          0       1536        844   startup_stm32l431xx.o
        58         10          0         12          0      11330   stm32l4xx_hal.o
       158         14          0          0          0      33054   stm32l4xx_hal_cortex.o
       154          0          0          0          0       1787   stm32l4xx_hal_dma.o
       514         36          0          0          0       3570   stm32l4xx_hal_gpio.o
        52          4          0          0          0        870   stm32l4xx_hal_msp.o
       120         20          0          0          0       1370   stm32l4xx_hal_pwr_ex.o
      2124        110          0          0          0       7677   stm32l4xx_hal_rcc.o
       998         32          0          0          0       2940   stm32l4xx_hal_rcc_ex.o
       640         26          0          0          0       6757   stm32l4xx_hal_tim.o
         6          0          0          0          0       2208   stm32l4xx_hal_tim_ex.o
       152         20          0          0         76       1487   stm32l4xx_hal_timebase_tim.o
      2766         86          0          0          0      14260   stm32l4xx_hal_uart.o
         2          0          0          0          0       1032   stm32l4xx_hal_uart_ex.o
        84         30          0          0          0       6101   stm32l4xx_it.o
         0          0          0          0          0        392   stream_buffer.o
        16          4         72          4          0       1193   system_stm32l4xx.o
      2396        198          0         60       1220      30137   tasks.o
       116         18          0          0         76       1612   tim.o
       972         80          0         20        280      32179   timers.o
       532         48          0          0        408       3243   usart.o

    ----------------------------------------------------------------------
     25326       3216       1008        292      20396    1639657   Object Totals
         0          0         32          0          0          0   (incl. Generated)
        58          0          2          3          0          0   (incl. Padding)

    ----------------------------------------------------------------------

      Code (inc. data)   RO Data    RW Data    ZI Data      Debug   Library Member Name

        56          6          0          0          0         88   __2snprintf.o
         8          0          0          0          0         68   __main.o
       398          4         17          0          0         92   __printf_flags_ss_wp.o
        14          0          0          0          0         68   __printf_wp.o
         0          0          0          0          0          0   __rtentry.o
        12          0          0          0          0          0   __rtentry2.o
         6          0          0          0          0          0   __rtentry4.o
        52          8          0          0          0          0   __scatter.o
        26          0          0          0          0          0   __scatter_copy.o
        28          0          0          0          0          0   __scatter_zi.o
        28          0          0          0          0         68   _chval.o
         6          0          0          0          0          0   _printf_c.o
        44          0          0          0          0        108   _printf_char.o
        48          6          0          0          0         96   _printf_char_common.o
       120         16          0          0          0         92   _printf_dec.o
        88          4         40          0          0         88   _printf_hex_int.o
       178          0          0          0          0         88   _printf_intcommon.o
        78          0          0          0          0        108   _printf_pad.o
         0          0          0          0          0          0   _printf_percent.o
         4          0          0          0          0          0   _printf_percent_end.o
         6          0          0          0          0          0   _printf_s.o
        82          0          0          0          0         80   _printf_str.o
         6          0          0          0          0          0   _printf_u.o
         6          0          0          0          0          0   _printf_x.o
        22          0          0          0          0        100   _rserrno.o
        16          0          0          0          0         68   _snputc.o
        10          0          0          0          0         68   _sputc.o
       164          0          0          0          0         92   _strtoul.o
        16          0          0          0          0         68   aeabi_memset.o
        18          0          0          0          0         80   exit.o
         6          0          0          0          0        152   heapauxi.o
         0          0          0          0          0          0   indicate_semi.o
        44         10        272          0          0         76   lc_ctype_c.o
         2          0          0          0          0          0   libinit.o
        24          0          0          0          0          0   libinit2.o
         2          0          0          0          0          0   libshutdown.o
         2          0          0          0          0          0   libshutdown2.o
         8          4          0          0         96         68   libspace.o
       238          0          0          0          0        100   lludivv7m.o
        16          4          0          0          0         76   rt_ctype_table.o
         8          4          0          0          0         68   rt_errno_addr_intlibspace.o
         8          4          0          0          0         68   rt_locale_intlibspace.o
        68          0          0          0          0         68   rt_memclr.o
        78          0          0          0          0         80   rt_memclr_w.o
       138          0          0          0          0         68   rt_memcpy_v6.o
       100          0          0          0          0         80   rt_memcpy_w.o
         2          0          0          0          0          0   rtexit.o
        10          0          0          0          0          0   rtexit2.o
       128          0          0          0          0         68   strcmpv7m.o
        62          0          0          0          0         76   strlen.o
       150          0          0          0          0         80   strncmp.o
        86          0          0          0          0         76   strncpy.o
        36          0          0          0          0         80   strstr.o
       120          0          0          0          0         92   strtoul.o
        12          4          0          0          0         68   sys_exit.o
        74          0          0          0          0         80   sys_stackheap_outer.o
         2          0          0          0          0         68   use_no_semi.o
        24          0          0          0          0        164   basic.o
       826         16          0          0          0        492   daddsub_clz.o
       688        140          0          0          0        256   ddiv.o
        94          4          0          0          0        140   dfix.o
        90          4          0          0          0        140   dfixu.o
        84          0          0          0          0        232   dflt_clz.o
       340         12          0          0          0        152   dmul.o
       156          4          0          0          0        140   dnaninf.o
        12          0          0          0          0        116   dretinf.o
       408         56          0          0          0        168   dsqrt_umaal.o
        10          0          0          0          0        116   fpinit.o
         0          0          0          0          0          0   usenofp.o
       744        106        152          0          0        352   atan.o
       496         64          0          0          0        192   atan2.o
       200         20          0          0          0        164   cos.o
       368         46         48          0          0        200   cos_i.o
       104         16          0          0          0        496   dunder.o
        24          0          0          0          0        124   fabs.o
        48          0          0          0          0        124   fpclassify.o
       248          0          0          0          0        152   poly.o
         0          0          8          0          0          0   qnan.o
      1086        142        200          0          0        188   rred.o
       200         20          0          0          0        164   sin.o
       328         24         40          0          0        208   sin_i.o
       122          0          0          0          0        148   sqrt.o

    ----------------------------------------------------------------------
      9690        748        784          0         96       7740   Library Totals
        26          0          7          0          0          0   (incl. Padding)

    ----------------------------------------------------------------------

      Code (inc. data)   RO Data    RW Data    ZI Data      Debug   Library Name

      2964         74        329          0         96       3112   c_w.l
      2732        236          0          0          0       2116   fz_wm.l
      3968        438        448          0          0       2512   m_wm.l

    ----------------------------------------------------------------------
      9690        748        784          0         96       7740   Library Totals

    ----------------------------------------------------------------------

==============================================================================


      Code (inc. data)   RO Data    RW Data    ZI Data      Debug   

     35016       3964       1792        292      20492    1621229   Grand Totals
     35016       3964       1792        292      20492    1621229   ELF Image Totals
     35016       3964       1792        292          0          0   ROM Totals

==============================================================================

    Total RO  Size (Code + RO Data)                36808 (  35.95kB)
    Total RW  Size (RW Data + ZI Data)             20784 (  20.30kB)
    Total ROM Size (Code + RO Data + RW Data)      37100 (  36.23kB)

==============================================================================

